Component: ARM Compiler 5.06 update 6 (build 750) Tool: armlink [4d35ed]

==============================================================================

Section Cross References

    main.o(i.main) refers to boards.o(i.bsp_board_init) for bsp_board_init
    main.o(i.main) refers to nrf_log_frontend.o(i.nrf_log_init) for nrf_log_init
    main.o(i.main) refers to app_error.o(i.app_error_handler_bare) for app_error_handler_bare
    main.o(i.main) refers to nrf_log_default_backends.o(i.nrf_log_default_backends_init) for nrf_log_default_backends_init
    main.o(i.main) refers to nrf_drv_spi.o(i.nrf_drv_spi_init) for nrf_drv_spi_init
    main.o(i.main) refers to nrf_log_frontend.o(i.nrf_log_frontend_std_0) for nrf_log_frontend_std_0
    main.o(i.main) refers to nrfx_spim.o(i.nrfx_spim_xfer) for nrfx_spim_xfer
    main.o(i.main) refers to nrf_log_frontend.o(i.nrf_log_frontend_dequeue) for nrf_log_frontend_dequeue
    main.o(i.main) refers to boards.o(i.bsp_board_led_invert) for bsp_board_led_invert
    main.o(i.main) refers to main.o(.constdata) for .constdata
    main.o(i.main) refers to main.o(i.spi_event_handler) for spi_event_handler
    main.o(i.main) refers to nrf_log_frontend.o(log_const_data) for m_nrf_log_app_logs_data_const
    main.o(i.main) refers to main.o(.data) for .data
    main.o(i.spi_event_handler) refers to nrf_log_frontend.o(i.nrf_log_frontend_std_0) for nrf_log_frontend_std_0
    main.o(i.spi_event_handler) refers to strlen.o(.text) for strlen
    main.o(i.spi_event_handler) refers to nrf_log_frontend.o(i.nrf_log_frontend_hexdump) for nrf_log_frontend_hexdump
    main.o(i.spi_event_handler) refers to main.o(.data) for .data
    main.o(i.spi_event_handler) refers to nrf_log_frontend.o(log_const_data) for m_nrf_log_app_logs_data_const
    boards.o(i.bsp_board_button_idx_to_pin) refers to boards.o(.constdata) for .constdata
    boards.o(i.bsp_board_button_state_get) refers to boards.o(.constdata) for .constdata
    boards.o(i.bsp_board_init) refers to boards.o(i.nrf_gpio_cfg) for nrf_gpio_cfg
    boards.o(i.bsp_board_init) refers to boards.o(i.bsp_board_leds_off) for bsp_board_leds_off
    boards.o(i.bsp_board_init) refers to boards.o(.constdata) for .constdata
    boards.o(i.bsp_board_led_idx_to_pin) refers to boards.o(.constdata) for .constdata
    boards.o(i.bsp_board_led_invert) refers to boards.o(.constdata) for .constdata
    boards.o(i.bsp_board_led_off) refers to boards.o(i.nrf_gpio_pin_write) for nrf_gpio_pin_write
    boards.o(i.bsp_board_led_off) refers to boards.o(.constdata) for .constdata
    boards.o(i.bsp_board_led_on) refers to boards.o(i.nrf_gpio_pin_write) for nrf_gpio_pin_write
    boards.o(i.bsp_board_led_on) refers to boards.o(.constdata) for .constdata
    boards.o(i.bsp_board_led_state_get) refers to boards.o(.constdata) for .constdata
    boards.o(i.bsp_board_leds_off) refers to boards.o(i.bsp_board_led_off) for bsp_board_led_off
    boards.o(i.bsp_board_leds_on) refers to boards.o(i.bsp_board_led_on) for bsp_board_led_on
    boards.o(i.bsp_board_pin_to_button_idx) refers to boards.o(.constdata) for .constdata
    boards.o(i.bsp_board_pin_to_led_idx) refers to boards.o(.constdata) for .constdata
    bsp.o(i.alert_timer_handler) refers to boards.o(i.bsp_board_led_invert) for bsp_board_led_invert
    bsp.o(i.bsp_button_event_handler) refers to boards.o(i.bsp_board_pin_to_button_idx) for bsp_board_pin_to_button_idx
    bsp.o(i.bsp_button_event_handler) refers to app_timer.o(i.app_timer_start) for app_timer_start
    bsp.o(i.bsp_button_event_handler) refers to app_timer.o(i.app_timer_stop) for app_timer_stop
    bsp.o(i.bsp_button_event_handler) refers to bsp.o(.constdata) for .constdata
    bsp.o(i.bsp_button_event_handler) refers to bsp.o(.data) for .data
    bsp.o(i.bsp_button_event_handler) refers to bsp.o(.bss) for .bss
    bsp.o(i.bsp_button_is_pressed) refers to boards.o(i.bsp_board_button_state_get) for bsp_board_button_state_get
    bsp.o(i.bsp_buttons_disable) refers to app_button.o(i.app_button_disable) for app_button_disable
    bsp.o(i.bsp_buttons_enable) refers to app_button.o(i.app_button_enable) for app_button_enable
    bsp.o(i.bsp_event_to_button_action_assign) refers to bsp.o(.bss) for .bss
    bsp.o(i.bsp_indication_set) refers to bsp.o(i.bsp_led_indication) for bsp_led_indication
    bsp.o(i.bsp_indication_set) refers to bsp.o(.data) for .data
    bsp.o(i.bsp_init) refers to bsp.o(i.bsp_event_to_button_action_assign) for bsp_event_to_button_action_assign
    bsp.o(i.bsp_init) refers to app_button.o(i.app_button_init) for app_button_init
    bsp.o(i.bsp_init) refers to app_button.o(i.app_button_enable) for app_button_enable
    bsp.o(i.bsp_init) refers to app_timer.o(i.app_timer_create) for app_timer_create
    bsp.o(i.bsp_init) refers to boards.o(i.bsp_board_init) for bsp_board_init
    bsp.o(i.bsp_init) refers to bsp.o(.data) for .data
[...]
    ..\..\..\..\..\..\integration\nrfx\legacy\nrf_drv_uart.c 0x00000000   Number         0  nrf_drv_uart.o ABSOLUTE
    ..\..\..\..\..\..\modules\nrfx\drivers\src\nrfx_gpiote.c 0x00000000   Number         0  nrfx_gpiote.o ABSOLUTE
    ..\..\..\..\..\..\modules\nrfx\drivers\src\nrfx_spi.c 0x00000000   Number         0  nrfx_spi.o ABSOLUTE
    ..\..\..\..\..\..\modules\nrfx\drivers\src\nrfx_spim.c 0x00000000   Number         0  nrfx_spim.o ABSOLUTE
    ..\..\..\..\..\..\modules\nrfx\drivers\src\nrfx_uart.c 0x00000000   Number         0  nrfx_uart.o ABSOLUTE
    ..\..\..\..\..\..\modules\nrfx\drivers\src\nrfx_uarte.c 0x00000000   Number         0  nrfx_uarte.o ABSOLUTE
    ..\..\..\..\..\..\modules\nrfx\drivers\src\prs\nrfx_prs.c 0x00000000   Number         0  nrfx_prs.o ABSOLUTE
    ..\..\..\..\..\..\modules\nrfx\soc\nrfx_atomic.c 0x00000000   Number         0  nrfx_atomic.o ABSOLUTE
    ..\..\..\main.c                          0x00000000   Number         0  main.o ABSOLUTE
    ..\\..\\..\\..\\..\\..\\components\\boards\\boards.c 0x00000000   Number         0  boards.o ABSOLUTE
    ..\\..\\..\\..\\..\\..\\components\\libraries\\atomic\\nrf_atomic.c 0x00000000   Number         0  nrf_atomic.o ABSOLUTE
    ..\\..\\..\\..\\..\\..\\components\\libraries\\balloc\\nrf_balloc.c 0x00000000   Number         0  nrf_balloc.o ABSOLUTE
    ..\\..\\..\\..\\..\\..\\components\\libraries\\bsp\\bsp.c 0x00000000   Number         0  bsp.o ABSOLUTE
    ..\\..\\..\\..\\..\\..\\components\\libraries\\button\\app_button.c 0x00000000   Number         0  app_button.o ABSOLUTE
    ..\\..\\..\\..\\..\\..\\components\\libraries\\log\\src\\nrf_log_backend_rtt.c 0x00000000   Number         0  nrf_log_backend_rtt.o ABSOLUTE
    ..\\..\\..\\..\\..\\..\\components\\libraries\\log\\src\\nrf_log_backend_serial.c 0x00000000   Number         0  nrf_log_backend_serial.o ABSOLUTE
    ..\\..\\..\\..\\..\\..\\components\\libraries\\log\\src\\nrf_log_backend_uart.c 0x00000000   Number         0  nrf_log_backend_uart.o ABSOLUTE
    ..\\..\\..\\..\\..\\..\\components\\libraries\\log\\src\\nrf_log_default_backends.c 0x00000000   Number         0  nrf_log_default_backends.o ABSOLUTE
    ..\\..\\..\\..\\..\\..\\components\\libraries\\log\\src\\nrf_log_frontend.c 0x00000000   Number         0  nrf_log_frontend.o ABSOLUTE
    ..\\..\\..\\..\\..\\..\\components\\libraries\\log\\src\\nrf_log_str_formatter.c 0x00000000   Number         0  nrf_log_str_formatter.o ABSOLUTE
    ..\\..\\..\\..\\..\\..\\components\\libraries\\memobj\\nrf_memobj.c 0x00000000   Number         0  nrf_memobj.o ABSOLUTE
    ..\\..\\..\\..\\..\\..\\components\\libraries\\ringbuf\\nrf_ringbuf.c 0x00000000   Number         0  nrf_ringbuf.o ABSOLUTE
    ..\\..\\..\\..\\..\\..\\components\\libraries\\scheduler\\app_scheduler.c 0x00000000   Number         0  app_scheduler.o ABSOLUTE
    ..\\..\\..\\..\\..\\..\\components\\libraries\\strerror\\nrf_strerror.c 0x00000000   Number         0  nrf_strerror.o ABSOLUTE
    ..\\..\\..\\..\\..\\..\\components\\libraries\\timer\\app_timer.c 0x00000000   Number         0  app_timer.o ABSOLUTE
    ..\\..\\..\\..\\..\\..\\components\\libraries\\util\\app_error.c 0x00000000   Number         0  app_error.o ABSOLUTE
    ..\\..\\..\\..\\..\\..\\components\\libraries\\util\\app_error_handler_keil.c 0x00000000   Number         0  app_error_handler_keil.o ABSOLUTE
    ..\\..\\..\\..\\..\\..\\components\\libraries\\util\\app_error_weak.c 0x00000000   Number         0  app_error_weak.o ABSOLUTE
    ..\\..\\..\\..\\..\\..\\components\\libraries\\util\\app_util_platform.c 0x00000000   Number         0  app_util_platform.o ABSOLUTE
    ..\\..\\..\\..\\..\\..\\components\\libraries\\util\\nrf_assert.c 0x00000000   Number         0  nrf_assert.o ABSOLUTE
    ..\\..\\..\\..\\..\\..\\external\\fprintf\\nrf_fprintf.c 0x00000000   Number         0  nrf_fprintf.o ABSOLUTE
    ..\\..\\..\\..\\..\\..\\external\\fprintf\\nrf_fprintf_format.c 0x00000000   Number         0  nrf_fprintf_format.o ABSOLUTE
    ..\\..\\..\\..\\..\\..\\external\\segger_rtt\\SEGGER_RTT.c 0x00000000   Number         0  segger_rtt.o ABSOLUTE
    ..\\..\\..\\..\\..\\..\\external\\segger_rtt\\SEGGER_RTT_Syscalls_KEIL.c 0x00000000   Number         0  segger_rtt_syscalls_keil.o ABSOLUTE
    ..\\..\\..\\..\\..\\..\\external\\segger_rtt\\SEGGER_RTT_printf.c 0x00000000   Number         0  segger_rtt_printf.o ABSOLUTE
    ..\\..\\..\\..\\..\\..\\integration\\nrfx\\legacy\\nrf_drv_spi.c 0x00000000   Number         0  nrf_drv_spi.o ABSOLUTE
    ..\\..\\..\\..\\..\\..\\integration\\nrfx\\legacy\\nrf_drv_uart.c 0x00000000   Number         0  nrf_drv_uart.o ABSOLUTE
    ..\\..\\..\\..\\..\\..\\modules\\nrfx\\drivers\\src\\nrfx_gpiote.c 0x00000000   Number         0  nrfx_gpiote.o ABSOLUTE
    ..\\..\\..\\..\\..\\..\\modules\\nrfx\\drivers\\src\\nrfx_spi.c 0x00000000   Number         0  nrfx_spi.o ABSOLUTE
    ..\\..\\..\\..\\..\\..\\modules\\nrfx\\drivers\\src\\nrfx_spim.c 0x00000000   Number         0  nrfx_spim.o ABSOLUTE
    ..\\..\\..\\..\\..\\..\\modules\\nrfx\\drivers\\src\\nrfx_uart.c 0x00000000   Number         0  nrfx_uart.o ABSOLUTE
    ..\\..\\..\\..\\..\\..\\modules\\nrfx\\drivers\\src\\nrfx_uarte.c 0x00000000   Number         0  nrfx_uarte.o ABSOLUTE
    ..\\..\\..\\..\\..\\..\\modules\\nrfx\\drivers\\src\\prs\\nrfx_prs.c 0x00000000   Number         0  nrfx_prs.o ABSOLUTE
    ..\\..\\..\\..\\..\\..\\modules\\nrfx\\soc\\nrfx_atomic.c 0x00000000   Number         0  nrfx_atomic.o ABSOLUTE
    ..\\..\\..\\main.c                       0x00000000   Number         0  main.o ABSOLUTE
    RTE\Device\nRF52832_xxAA\arm_startup_nrf52.s 0x00000000   Number         0  arm_startup_nrf52.o ABSOLUTE
    RTE\Device\nRF52832_xxAA\system_nrf52.c  0x00000000   Number         0  system_nrf52.o ABSOLUTE
    RTE\\Device\\nRF52832_xxAA\\system_nrf52.c 0x00000000   Number         0  system_nrf52.o ABSOLUTE
    dc.s                                     0x00000000   Number         0  dc.o ABSOLUTE
    handlers.s                               0x00000000   Number         0  handlers.o ABSOLUTE
    init.s                                   0x00000000   Number         0  init.o ABSOLUTE
    .ARM.Collect$$$$00000000                 0x00000200   Section        0  entry.o(.ARM.Collect$$$$00000000)
    .ARM.Collect$$$$00000001                 0x00000200   Section        4  entry2.o(.ARM.Collect$$$$00000001)
    .ARM.Collect$$$$00000004                 0x00000204   Section        4  entry5.o(.ARM.Collect$$$$00000004)
    .ARM.Collect$$$$00000008                 0x00000208   Section        0  entry7b.o(.ARM.Collect$$$$00000008)
    .ARM.Collect$$$$0000000A                 0x00000208   Section        0  entry8b.o(.ARM.Collect$$$$0000000A)
    .ARM.Collect$$$$0000000B                 0x00000208   Section        8  entry9a.o(.ARM.Collect$$$$0000000B)
    .ARM.Collect$$$$0000000D                 0x00000210   Section        0  entry10a.o(.ARM.Collect$$$$0000000D)
    .ARM.Collect$$$$0000000F                 0x00000210   Section        0  entry11a.o(.ARM.Collect$$$$0000000F)
    .ARM.Collect$$$$00002712                 0x00000210   Section        4  entry2.o(.ARM.Collect$$$$00002712)
    __lit__00000000                          0x00000210   Data           4  entry2.o(.ARM.Collect$$$$00002712)
    .emb_text                                0x00000214   Section      226  nrf_atomic.o(.emb_text)
    $v0                                      0x00000214   Number         0  nrf_atomic.o(.emb_text)
    .text                                    0x000002f8   Section       36  arm_startup_nrf52.o(.text)
    $v0                                      0x000002f8   Number         0  arm_startup_nrf52.o(.text)
    .text                                    0x0000031c   Section        0  ctype_o.o(.text)
    .text                                    0x00000324   Section        0  memcpya.o(.text)
    .text                                    0x00000348   Section        0  memseta.o(.text)
    .text                                    0x0000036c   Section        0  strlen.o(.text)
    .text                                    0x0000037c   Section       36  init.o(.text)
    i.GPIOTE_IRQHandler                      0x000003a0   Section        0  nrfx_gpiote.o(i.GPIOTE_IRQHandler)
    i.NVIC_ClearPendingIRQ                   0x00000504   Section        0  app_timer.o(i.NVIC_ClearPendingIRQ)
    NVIC_ClearPendingIRQ                     0x00000505   Thumb Code    22  app_timer.o(i.NVIC_ClearPendingIRQ)
    i.NVIC_EnableIRQ                         0x0000051a   Section        0  app_timer.o(i.NVIC_EnableIRQ)
    NVIC_EnableIRQ                           0x0000051b   Thumb Code    22  app_timer.o(i.NVIC_EnableIRQ)
    i.NVIC_SetPendingIRQ                     0x00000530   Section        0  app_timer.o(i.NVIC_SetPendingIRQ)
    NVIC_SetPendingIRQ                       0x00000531   Thumb Code    22  app_timer.o(i.NVIC_SetPendingIRQ)
    i.RTC1_IRQHandler                        0x00000548   Section        0  app_timer.o(i.RTC1_IRQHandler)
    i.SPIM0_SPIS0_TWIM0_TWIS0_SPI0_TWI0_IRQHandler 0x0000056c   Section        0  nrfx_spim.o(i.SPIM0_SPIS0_TWIM0_TWIS0_SPI0_TWI0_IRQHandler)
    i.SWI0_EGU0_IRQHandler                   0x000005c0   Section        0  app_timer.o(i.SWI0_EGU0_IRQHandler)
    i.SystemInit                             0x000005c4   Section        0  system_nrf52.o(i.SystemInit)
    i.UARTE0_UART0_IRQHandler                0x000008e0   Section        0  nrfx_prs.o(i.UARTE0_UART0_IRQHandler)
    i.__scatterload_copy                     0x000008ec   Section       14  handlers.o(i.__scatterload_copy)
    i.__scatterload_null                     0x000008fa   Section        2  handlers.o(i.__scatterload_null)
    i.__scatterload_zeroinit                 0x000008fc   Section       14  handlers.o(i.__scatterload_zeroinit)
    i.app_error_fault_handler                0x0000090c   Section        0  app_error_weak.o(i.app_error_fault_handler)
    i.app_error_handler_bare                 0x00000990   Section        0  app_error.o(i.app_error_handler_bare)
    i.app_util_critical_region_enter         0x000009a6   Section        0  app_util_platform.o(i.app_util_critical_region_enter)
    i.app_util_critical_region_exit          0x000009aa   Section        0  app_util_platform.o(i.app_util_critical_region_exit)
    i.app_util_disable_irq                   0x000009b0   Section        0  app_util_platform.o(i.app_util_disable_irq)
    i.app_util_enable_irq                    0x000009c0   Section        0  app_util_platform.o(i.app_util_enable_irq)
    i.apply_config                           0x000009d4   Section        0  nrfx_uart.o(i.apply_config)
    apply_config                             0x000009d5   Thumb Code   136  nrfx_uart.o(i.apply_config)
    i.apply_config                           0x00000a5c   Section        0  nrfx_uarte.o(i.apply_config)
    apply_config                             0x00000a5d   Thumb Code   136  nrfx_uarte.o(i.apply_config)
    i.bsp_board_init                         0x00000ae4   Section        0  boards.o(i.bsp_board_init)
    i.bsp_board_led_invert                   0x00000b38   Section        0  boards.o(i.bsp_board_led_invert)
    i.bsp_board_led_off                      0x00000b5c   Section        0  boards.o(i.bsp_board_led_off)
    i.bsp_board_leds_off                     0x00000b6c   Section        0  boards.o(i.bsp_board_leds_off)
    i.buf_prealloc                           0x00000b80   Section        0  nrf_log_frontend.o(i.buf_prealloc)
    buf_prealloc                             0x00000b81   Thumb Code   130  nrf_log_frontend.o(i.buf_prealloc)
    i.buffer_add                             0x00000c08   Section        0  nrf_fprintf_format.o(i.buffer_add)
    buffer_add                               0x00000c09   Thumb Code    46  nrf_fprintf_format.o(i.buffer_add)
    i.buffer_is_empty                        0x00000c38   Section        0  nrf_log_frontend.o(i.buffer_is_empty)
    i.channel_port_get                       0x00000c4c   Section        0  nrfx_gpiote.o(i.channel_port_get)
    channel_port_get                         0x00000c4d   Thumb Code    10  nrfx_gpiote.o(i.channel_port_get)
    i.compare_reg_update                     0x00000c5c   Section        0  app_timer.o(i.compare_reg_update)
    compare_reg_update                       0x00000c5d   Thumb Code   160  app_timer.o(i.compare_reg_update)
    i.dropped_sat16_get                      0x00000d08   Section        0  nrf_log_frontend.o(i.dropped_sat16_get)
    dropped_sat16_get                        0x00000d09   Thumb Code    16  nrf_log_frontend.o(i.dropped_sat16_get)
    i.elapsed_ticks_acquire                  0x00000d1c   Section        0  app_timer.o(i.elapsed_ticks_acquire)
    elapsed_ticks_acquire                    0x00000d1d   Thumb Code    58  app_timer.o(i.elapsed_ticks_acquire)
    i.int_print                              0x00000d5c   Section        0  nrf_fprintf_format.o(i.int_print)
    int_print                                0x00000d5d   Thumb Code   166  nrf_fprintf_format.o(i.int_print)
    i.interrupts_enable                      0x00000e04   Section        0  nrfx_uarte.o(i.interrupts_enable)
    interrupts_enable                        0x00000e05   Thumb Code   118  nrfx_uarte.o(i.interrupts_enable)
    i.invalid_packets_omit                   0x00000e80   Section        0  nrf_log_frontend.o(i.invalid_packets_omit)
    invalid_packets_omit                     0x00000e81   Thumb Code    52  nrf_log_frontend.o(i.invalid_packets_omit)
    i.list_insertions_handler                0x00000eb4   Section        0  app_timer.o(i.list_insertions_handler)
    list_insertions_handler                  0x00000eb5   Thumb Code   234  app_timer.o(i.list_insertions_handler)
    i.log_skip                               0x00000fac   Section        0  nrf_log_frontend.o(i.log_skip)
    log_skip                                 0x00000fad   Thumb Code   148  nrf_log_frontend.o(i.log_skip)
    i.main                                   0x00001048   Section        0  main.o(i.main)
    i.memobj_op                              0x00001144   Section        0  nrf_memobj.o(i.memobj_op)
    memobj_op                                0x00001145   Thumb Code   126  nrf_memobj.o(i.memobj_op)
    i.module_idx_get                         0x000011c4   Section        0  nrf_log_frontend.o(i.module_idx_get)
    module_idx_get                           0x000011c5   Thumb Code    42  nrf_log_frontend.o(i.module_idx_get)
    i.nrf_atomic_flag_clear_fetch            0x000011f4   Section        0  nrf_atomic.o(i.nrf_atomic_flag_clear_fetch)
    i.nrf_atomic_flag_set                    0x000011fa   Section        0  nrf_atomic.o(i.nrf_atomic_flag_set)
    i.nrf_atomic_u32_add                     0x00001200   Section        0  nrf_atomic.o(i.nrf_atomic_u32_add)
    i.nrf_atomic_u32_fetch_and               0x0000120c   Section        0  nrf_atomic.o(i.nrf_atomic_u32_fetch_and)
    i.nrf_atomic_u32_fetch_store             0x00001216   Section        0  nrf_atomic.o(i.nrf_atomic_u32_fetch_store)
    i.nrf_atomic_u32_or                      0x00001220   Section        0  nrf_atomic.o(i.nrf_atomic_u32_or)
    i.nrf_atomic_u32_sub                     0x0000122c   Section        0  nrf_atomic.o(i.nrf_atomic_u32_sub)
    i.nrf_balloc_alloc                       0x00001238   Section        0  nrf_balloc.o(i.nrf_balloc_alloc)
    i.nrf_balloc_free                        0x00001276   Section        0  nrf_balloc.o(i.nrf_balloc_free)
    i.nrf_balloc_init                        0x000012a0   Section        0  nrf_balloc.o(i.nrf_balloc_init)
    i.nrf_bitmask_bit_is_set                 0x000012d0   Section        0  nrfx_gpiote.o(i.nrf_bitmask_bit_is_set)
    nrf_bitmask_bit_is_set                   0x000012d1   Thumb Code    16  nrfx_gpiote.o(i.nrf_bitmask_bit_is_set)
    i.nrf_bitmask_bit_set                    0x000012e0   Section        0  nrfx_gpiote.o(i.nrf_bitmask_bit_set)
    nrf_bitmask_bit_set                      0x000012e1   Thumb Code    20  nrfx_gpiote.o(i.nrf_bitmask_bit_set)
    i.nrf_drv_spi_init                       0x000012f4   Section        0  nrf_drv_spi.o(i.nrf_drv_spi_init)
    i.nrf_drv_uart_init                      0x00001364   Section        0  nrf_drv_uart.o(i.nrf_drv_uart_init)
    i.nrf_fprintf                            0x000013cc   Section        0  nrf_fprintf.o(i.nrf_fprintf)
    i.nrf_fprintf_buffer_flush               0x000013e6   Section        0  nrf_fprintf.o(i.nrf_fprintf_buffer_flush)
    i.nrf_fprintf_fmt                        0x000013fe   Section        0  nrf_fprintf_format.o(i.nrf_fprintf_fmt)
    i.nrf_gpio_cfg                           0x000015d8   Section        0  boards.o(i.nrf_gpio_cfg)
    nrf_gpio_cfg                             0x000015d9   Thumb Code    36  boards.o(i.nrf_gpio_cfg)
    i.nrf_gpio_cfg                           0x000015fc   Section        0  nrfx_spim.o(i.nrf_gpio_cfg)
    nrf_gpio_cfg                             0x000015fd   Thumb Code    36  nrfx_spim.o(i.nrf_gpio_cfg)
    i.nrf_gpio_cfg                           0x00001620   Section        0  nrfx_uart.o(i.nrf_gpio_cfg)
    nrf_gpio_cfg                             0x00001621   Thumb Code    36  nrfx_uart.o(i.nrf_gpio_cfg)
    i.nrf_gpio_cfg                           0x00001644   Section        0  nrfx_uarte.o(i.nrf_gpio_cfg)
    nrf_gpio_cfg                             0x00001645   Thumb Code    36  nrfx_uarte.o(i.nrf_gpio_cfg)
    i.nrf_gpio_cfg_default                   0x00001668   Section        0  nrfx_uart.o(i.nrf_gpio_cfg_default)
    nrf_gpio_cfg_default                     0x00001669   Thumb Code    18  nrfx_uart.o(i.nrf_gpio_cfg_default)
    i.nrf_gpio_cfg_default                   0x0000167a   Section        0  nrfx_uarte.o(i.nrf_gpio_cfg_default)
    nrf_gpio_cfg_default                     0x0000167b   Thumb Code    18  nrfx_uarte.o(i.nrf_gpio_cfg_default)
    i.nrf_gpio_cfg_input                     0x0000168c   Section        0  nrfx_uart.o(i.nrf_gpio_cfg_input)
    nrf_gpio_cfg_input                       0x0000168d   Thumb Code    18  nrfx_uart.o(i.nrf_gpio_cfg_input)
    i.nrf_gpio_cfg_input                     0x0000169e   Section        0  nrfx_uarte.o(i.nrf_gpio_cfg_input)
    nrf_gpio_cfg_input                       0x0000169f   Thumb Code    18  nrfx_uarte.o(i.nrf_gpio_cfg_input)
    i.nrf_gpio_cfg_output                    0x000016b0   Section        0  nrfx_spim.o(i.nrf_gpio_cfg_output)
    nrf_gpio_cfg_output                      0x000016b1   Thumb Code    20  nrfx_spim.o(i.nrf_gpio_cfg_output)
    i.nrf_gpio_cfg_output                    0x000016c4   Section        0  nrfx_uart.o(i.nrf_gpio_cfg_output)
    nrf_gpio_cfg_output                      0x000016c5   Thumb Code    20  nrfx_uart.o(i.nrf_gpio_cfg_output)
    i.nrf_gpio_cfg_output                    0x000016d8   Section        0  nrfx_uarte.o(i.nrf_gpio_cfg_output)
    nrf_gpio_cfg_output                      0x000016d9   Thumb Code    20  nrfx_uarte.o(i.nrf_gpio_cfg_output)
    i.nrf_gpio_cfg_sense_set                 0x000016ec   Section        0  nrfx_gpiote.o(i.nrf_gpio_cfg_sense_set)
    nrf_gpio_cfg_sense_set                   0x000016ed   Thumb Code    34  nrfx_gpiote.o(i.nrf_gpio_cfg_sense_set)
    i.nrf_gpio_pin_clear                     0x0000170e   Section        0  nrfx_spim.o(i.nrf_gpio_pin_clear)
    nrf_gpio_pin_clear                       0x0000170f   Thumb Code    14  nrfx_spim.o(i.nrf_gpio_pin_clear)
    i.nrf_gpio_pin_set                       0x0000171c   Section        0  nrfx_spim.o(i.nrf_gpio_pin_set)
    nrf_gpio_pin_set                         0x0000171d   Thumb Code    14  nrfx_spim.o(i.nrf_gpio_pin_set)
    i.nrf_gpio_pin_write                     0x0000172a   Section        0  boards.o(i.nrf_gpio_pin_write)
    nrf_gpio_pin_write                       0x0000172b   Thumb Code    22  boards.o(i.nrf_gpio_pin_write)
    i.nrf_gpio_ports_read                    0x00001740   Section        0  nrfx_gpiote.o(i.nrf_gpio_ports_read)
    nrf_gpio_ports_read                      0x00001741   Thumb Code    34  nrfx_gpiote.o(i.nrf_gpio_ports_read)
    i.nrf_gpiote_event_clear                 0x00001768   Section        0  nrfx_gpiote.o(i.nrf_gpiote_event_clear)
    nrf_gpiote_event_clear                   0x00001769   Thumb Code    16  nrfx_gpiote.o(i.nrf_gpiote_event_clear)
    i.nrf_gpiote_event_is_set                0x0000177c   Section        0  nrfx_gpiote.o(i.nrf_gpiote_event_is_set)
    nrf_gpiote_event_is_set                  0x0000177d   Thumb Code    12  nrfx_gpiote.o(i.nrf_gpiote_event_is_set)
    i.nrf_log_backend_add                    0x0000178c   Section        0  nrf_log_frontend.o(i.nrf_log_backend_add)
    i.nrf_log_backend_serial_put             0x000017e8   Section        0  nrf_log_backend_serial.o(i.nrf_log_backend_serial_put)
    i.nrf_log_backend_uart_flush             0x000018b0   Section        0  nrf_log_backend_uart.o(i.nrf_log_backend_uart_flush)
    nrf_log_backend_uart_flush               0x000018b1   Thumb Code     2  nrf_log_backend_uart.o(i.nrf_log_backend_uart_flush)
    i.nrf_log_backend_uart_init              0x000018b2   Section        0  nrf_log_backend_uart.o(i.nrf_log_backend_uart_init)
    i.nrf_log_backend_uart_panic_set         0x000018b8   Section        0  nrf_log_backend_uart.o(i.nrf_log_backend_uart_panic_set)
    nrf_log_backend_uart_panic_set           0x000018b9   Thumb Code    36  nrf_log_backend_uart.o(i.nrf_log_backend_uart_panic_set)
    i.nrf_log_backend_uart_put               0x000018e4   Section        0  nrf_log_backend_uart.o(i.nrf_log_backend_uart_put)
    nrf_log_backend_uart_put                 0x000018e5   Thumb Code    16  nrf_log_backend_uart.o(i.nrf_log_backend_uart_put)
    i.nrf_log_color_id_get                   0x000018fc   Section        0  nrf_log_frontend.o(i.nrf_log_color_id_get)
    i.nrf_log_default_backends_init          0x0000192c   Section        0  nrf_log_default_backends.o(i.nrf_log_default_backends_init)
    i.nrf_log_frontend_dequeue               0x00001948   Section        0  nrf_log_frontend.o(i.nrf_log_frontend_dequeue)
    i.nrf_log_frontend_hexdump               0x00001b78   Section        0  nrf_log_frontend.o(i.nrf_log_frontend_hexdump)
    i.nrf_log_frontend_std_0                 0x00001c20   Section        0  nrf_log_frontend.o(i.nrf_log_frontend_std_0)
    i.nrf_log_hexdump_entry_process          0x00001c28   Section        0  nrf_log_str_formatter.o(i.nrf_log_hexdump_entry_process)
    i.nrf_log_init                           0x00001cd8   Section        0  nrf_log_frontend.o(i.nrf_log_init)
    i.nrf_log_module_cnt_get                 0x00001d14   Section        0  nrf_log_frontend.o(i.nrf_log_module_cnt_get)
    i.nrf_log_module_name_get                0x00001d28   Section        0  nrf_log_frontend.o(i.nrf_log_module_name_get)
    i.nrf_log_panic                          0x00001d44   Section        0  nrf_log_frontend.o(i.nrf_log_panic)
    i.nrf_log_std_entry_process              0x00001d70   Section        0  nrf_log_str_formatter.o(i.nrf_log_std_entry_process)
    i.nrf_memobj_alloc                       0x00001e26   Section        0  nrf_memobj.o(i.nrf_memobj_alloc)
    i.nrf_memobj_free                        0x00001e86   Section        0  nrf_memobj.o(i.nrf_memobj_free)
    i.nrf_memobj_get                         0x00001eb8   Section        0  nrf_memobj.o(i.nrf_memobj_get)
    i.nrf_memobj_pool_init                   0x00001ec0   Section        0  nrf_memobj.o(i.nrf_memobj_pool_init)
    i.nrf_memobj_put                         0x00001ec4   Section        0  nrf_memobj.o(i.nrf_memobj_put)
    i.nrf_memobj_read                        0x00001ee2   Section        0  nrf_memobj.o(i.nrf_memobj_read)
    i.nrf_memobj_write                       0x00001ef2   Section        0  nrf_memobj.o(i.nrf_memobj_write)
    i.nrf_ringbuf_init                       0x00001f02   Section        0  nrf_ringbuf.o(i.nrf_ringbuf_init)
    i.nrf_spim_event_check                   0x00001f1e   Section        0  nrfx_spim.o(i.nrf_spim_event_check)
    nrf_spim_event_check                     0x00001f1f   Thumb Code    10  nrfx_spim.o(i.nrf_spim_event_check)
    i.nrf_uart_event_check                   0x00001f28   Section        0  nrfx_uart.o(i.nrf_uart_event_check)
    nrf_uart_event_check                     0x00001f29   Thumb Code    10  nrfx_uart.o(i.nrf_uart_event_check)
    i.nrf_uart_event_clear                   0x00001f32   Section        0  nrfx_uart.o(i.nrf_uart_event_clear)
    nrf_uart_event_clear                     0x00001f33   Thumb Code    12  nrfx_uart.o(i.nrf_uart_event_clear)
    i.nrf_uart_int_enable_check              0x00001f3e   Section        0  nrfx_uart.o(i.nrf_uart_int_enable_check)
    nrf_uart_int_enable_check                0x00001f3f   Thumb Code    12  nrfx_uart.o(i.nrf_uart_int_enable_check)
    i.nrf_uarte_event_check                  0x00001f4a   Section        0  nrfx_uarte.o(i.nrf_uarte_event_check)
    nrf_uarte_event_check                    0x00001f4b   Thumb Code    10  nrfx_uarte.o(i.nrf_uarte_event_check)
    i.nrf_uarte_event_clear                  0x00001f54   Section        0  nrfx_uarte.o(i.nrf_uarte_event_clear)
    nrf_uarte_event_clear                    0x00001f55   Thumb Code    12  nrfx_uarte.o(i.nrf_uarte_event_clear)
    i.nrfx_coredep_delay_us                  0x00001f60   Section        0  app_timer.o(i.nrfx_coredep_delay_us)
    nrfx_coredep_delay_us                    0x00001f61   Thumb Code    12  app_timer.o(i.nrfx_coredep_delay_us)
    i.nrfx_is_in_ram                         0x00001f70   Section        0  nrfx_spim.o(i.nrfx_is_in_ram)
    nrfx_is_in_ram                           0x00001f71   Thumb Code    16  nrfx_spim.o(i.nrfx_is_in_ram)
    i.nrfx_is_in_ram                         0x00001f80   Section        0  nrfx_uarte.o(i.nrfx_is_in_ram)
    nrfx_is_in_ram                           0x00001f81   Thumb Code    16  nrfx_uarte.o(i.nrfx_is_in_ram)
    i.nrfx_prs_acquire                       0x00001f90   Section        0  nrfx_prs.o(i.nrfx_prs_acquire)
    i.nrfx_prs_release                       0x00001fc0   Section        0  nrfx_prs.o(i.nrfx_prs_release)
    i.nrfx_spim_init                         0x00001fd4   Section        0  nrfx_spim.o(i.nrfx_spim_init)
    i.nrfx_spim_xfer                         0x00002148   Section        0  nrfx_spim.o(i.nrfx_spim_xfer)
    i.nrfx_uart_0_irq_handler                0x000021ac   Section        0  nrfx_uart.o(i.nrfx_uart_0_irq_handler)
    i.nrfx_uart_init                         0x000021bc   Section        0  nrfx_uart.o(i.nrfx_uart_init)
    i.nrfx_uart_tx                           0x0000228c   Section        0  nrfx_uart.o(i.nrfx_uart_tx)
    i.nrfx_uart_tx_in_progress               0x00002330   Section        0  nrfx_uart.o(i.nrfx_uart_tx_in_progress)
    i.nrfx_uart_uninit                       0x00002350   Section        0  nrfx_uart.o(i.nrfx_uart_uninit)
    i.nrfx_uarte_0_irq_handler               0x00002404   Section        0  nrfx_uarte.o(i.nrfx_uarte_0_irq_handler)
    i.nrfx_uarte_init                        0x00002414   Section        0  nrfx_uarte.o(i.nrfx_uarte_init)
    i.nrfx_uarte_tx                          0x00002480   Section        0  nrfx_uarte.o(i.nrfx_uarte_tx)
    i.nrfx_uarte_tx_in_progress              0x00002510   Section        0  nrfx_uarte.o(i.nrfx_uarte_tx_in_progress)
    i.nrfx_uarte_uninit                      0x0000252c   Section        0  nrfx_uarte.o(i.nrfx_uarte_uninit)
    i.postfix_process                        0x000025dc   Section        0  nrf_log_str_formatter.o(i.postfix_process)
    postfix_process                          0x000025dd   Thumb Code    48  nrf_log_str_formatter.o(i.postfix_process)
    i.prefix_process                         0x00002618   Section        0  nrf_log_str_formatter.o(i.prefix_process)
    prefix_process                           0x00002619   Thumb Code    90  nrf_log_str_formatter.o(i.prefix_process)
    i.prs_box_get                            0x000026b0   Section        0  nrfx_prs.o(i.prs_box_get)
    prs_box_get                              0x000026b1   Thumb Code    14  nrfx_prs.o(i.prs_box_get)
    i.rtc1_stop                              0x000026c8   Section        0  app_timer.o(i.rtc1_stop)
    rtc1_stop                                0x000026c9   Thumb Code    52  app_timer.o(i.rtc1_stop)
    i.rx_byte                                0x00002704   Section        0  nrfx_uart.o(i.rx_byte)
    rx_byte                                  0x00002705   Thumb Code    50  nrfx_uart.o(i.rx_byte)
    i.rx_done_event                          0x00002736   Section        0  nrfx_uart.o(i.rx_done_event)
    rx_done_event                            0x00002737   Thumb Code    22  nrfx_uart.o(i.rx_done_event)
    i.rx_done_event                          0x0000274c   Section        0  nrfx_uarte.o(i.rx_done_event)
    rx_done_event                            0x0000274d   Thumb Code    22  nrfx_uarte.o(i.rx_done_event)
    i.serial_tx                              0x00002764   Section        0  nrf_log_backend_uart.o(i.serial_tx)
    serial_tx                                0x00002765   Thumb Code    54  nrf_log_backend_uart.o(i.serial_tx)
    i.spi_event_handler                      0x000027a4   Section        0  main.o(i.spi_event_handler)
    i.spim_evt_handler                       0x0000281c   Section        0  nrf_drv_spi.o(i.spim_evt_handler)
    spim_evt_handler                         0x0000281d   Thumb Code    52  nrf_drv_spi.o(i.spim_evt_handler)
    i.spim_xfer                              0x00002854   Section        0  nrfx_spim.o(i.spim_xfer)
    spim_xfer                                0x00002855   Thumb Code   188  nrfx_spim.o(i.spim_xfer)
    i.std_n                                  0x00002910   Section        0  nrf_log_frontend.o(i.std_n)
    std_n                                    0x00002911   Thumb Code   136  nrf_log_frontend.o(i.std_n)
    i.timer_list_handler                     0x0000299c   Section        0  app_timer.o(i.timer_list_handler)
    timer_list_handler                       0x0000299d   Thumb Code   122  app_timer.o(i.timer_list_handler)
    i.timer_list_insert                      0x00002a1c   Section        0  app_timer.o(i.timer_list_insert)
    timer_list_insert                        0x00002a1d   Thumb Code    56  app_timer.o(i.timer_list_insert)
    i.timer_list_remove                      0x00002a58   Section        0  app_timer.o(i.timer_list_remove)
    timer_list_remove                        0x00002a59   Thumb Code    88  app_timer.o(i.timer_list_remove)
    i.timer_timeouts_check                   0x00002ab8   Section        0  app_timer.o(i.timer_timeouts_check)
    timer_timeouts_check                     0x00002ab9   Thumb Code   106  app_timer.o(i.timer_timeouts_check)
    i.tx_byte                                0x00002b2c   Section        0  nrfx_uart.o(i.tx_byte)
    tx_byte                                  0x00002b2d   Thumb Code    32  nrfx_uart.o(i.tx_byte)
    i.tx_done_event                          0x00002b4c   Section        0  nrfx_uart.o(i.tx_done_event)
    tx_done_event                            0x00002b4d   Thumb Code    26  nrfx_uart.o(i.tx_done_event)
    i.uart_evt_handler                       0x00002b68   Section        0  nrf_drv_uart.o(i.uart_evt_handler)
    uart_evt_handler                         0x00002b69   Thumb Code    42  nrf_drv_uart.o(i.uart_evt_handler)
    i.uart_evt_handler                       0x00002b98   Section        0  nrf_log_backend_uart.o(i.uart_evt_handler)
    uart_evt_handler                         0x00002b99   Thumb Code     8  nrf_log_backend_uart.o(i.uart_evt_handler)
    i.uart_init                              0x00002ba4   Section        0  nrf_log_backend_uart.o(i.uart_init)
    uart_init                                0x00002ba5   Thumb Code    66  nrf_log_backend_uart.o(i.uart_init)
    i.uart_irq_handler                       0x00002bf4   Section        0  nrfx_uart.o(i.uart_irq_handler)
    uart_irq_handler                         0x00002bf5   Thumb Code   296  nrfx_uart.o(i.uart_irq_handler)
    i.uarte_evt_handler                      0x00002d1c   Section        0  nrf_drv_uart.o(i.uarte_evt_handler)
    uarte_evt_handler                        0x00002d1d   Thumb Code    42  nrf_drv_uart.o(i.uarte_evt_handler)
    i.uarte_irq_handler                      0x00002d4c   Section        0  nrfx_uarte.o(i.uarte_irq_handler)
    uarte_irq_handler                        0x00002d4d   Thumb Code   242  nrfx_uarte.o(i.uarte_irq_handler)
    i.unsigned_print                         0x00002e40   Section        0  nrf_fprintf_format.o(i.unsigned_print)
    unsigned_print                           0x00002e41   Thumb Code   176  nrf_fprintf_format.o(i.unsigned_print)
    .constdata                               0x00002f00   Section       40  main.o(.constdata)
    delay_machine_code                       0x00002f00   Data           6  main.o(.constdata)
    spi                                      0x00002f08   Data          16  main.o(.constdata)
    .constdata                               0x00002f28   Section        8  boards.o(.constdata)
    m_board_led_list                         0x00002f28   Data           4  boards.o(.constdata)
    m_board_btn_list                         0x00002f2c   Data           4  boards.o(.constdata)
    .constdata                               0x00002f30   Section       16  nrf_drv_spi.o(.constdata)
    .constdata                               0x00002f40   Section        4  nrfx_gpiote.o(.constdata)
    .constdata                               0x00002f44   Section        4  nrfx_spim.o(.constdata)
    irq_handlers                             0x00002f44   Data           4  nrfx_spim.o(.constdata)
    .constdata                               0x00002f48   Section        4  nrfx_uart.o(.constdata)
    irq_handlers                             0x00002f48   Data           4  nrfx_uart.o(.constdata)
    .constdata                               0x00002f4c   Section        4  nrfx_uarte.o(.constdata)
    irq_handlers                             0x00002f4c   Data           4  nrfx_uarte.o(.constdata)
    .constdata                               0x00002f50   Section        6  app_timer.o(.constdata)
    delay_machine_code                       0x00002f50   Data           6  app_timer.o(.constdata)
    .constdata                               0x00002f56   Section       16  nrf_fprintf_format.o(.constdata)
    _aV2C                                    0x00002f56   Data          16  nrf_fprintf_format.o(.constdata)
    .constdata                               0x00002f68   Section       12  nrf_log_backend_uart.o(.constdata)
    .constdata                               0x00002f74   Section       32  nrf_log_backend_uart.o(.constdata)
    .constdata                               0x00002f94   Section       12  nrf_log_frontend.o(.constdata)
    m_log_push_ringbuf                       0x00002f94   Data          12  nrf_log_frontend.o(.constdata)
    .constdata                               0x00002fa0   Section      129  ctype_o.o(.constdata)
    .constdata                               0x00003024   Section        4  ctype_o.o(.constdata)
    table                                    0x00003024   Data           4  ctype_o.o(.constdata)
    .conststring                             0x00003028   Section      102  nrf_log_str_formatter.o(.conststring)
    .conststrlit                             0x00003090   Section        7  nrfx_gpiote.o(.conststrlit)
    .conststrlit                             0x00003098   Section        4  nrfx_prs.o(.conststrlit)
    .conststrlit                             0x0000309c   Section        5  nrfx_spim.o(.conststrlit)
    .conststrlit                             0x000030a4   Section        5  nrfx_uart.o(.conststrlit)
    .conststrlit                             0x000030ac   Section        6  nrfx_uarte.o(.conststrlit)
    .conststrlit                             0x000030b4   Section       17  nrf_log_default_backends.o(.conststrlit)
    .conststrlit                             0x000030c8   Section        4  nrf_log_frontend.o(.conststrlit)
    log_backends                             0x000030ec   Section       16  nrf_log_default_backends.o(log_backends)
    __tagsym$$used                           0x000030ec   Number         0  nrf_log_default_backends.o(log_backends)
    uart_log_backend                         0x000030ec   Data          16  nrf_log_default_backends.o(log_backends)
    log_const_data                           0x000030fc   Section        8  nrfx_gpiote.o(log_const_data)
    __tagsym$$used                           0x000030fc   Number         0  nrfx_gpiote.o(log_const_data)
    log_const_data                           0x00003104   Section        8  nrfx_prs.o(log_const_data)
    __tagsym$$used                           0x00003104   Number         0  nrfx_prs.o(log_const_data)
    log_const_data                           0x0000310c   Section        8  nrfx_spim.o(log_const_data)
    __tagsym$$used                           0x0000310c   Number         0  nrfx_spim.o(log_const_data)
    log_const_data                           0x00003114   Section        8  nrfx_uart.o(log_const_data)
    __tagsym$$used                           0x00003114   Number         0  nrfx_uart.o(log_const_data)
    log_const_data                           0x0000311c   Section        8  nrfx_uarte.o(log_const_data)
    __tagsym$$used                           0x0000311c   Number         0  nrfx_uarte.o(log_const_data)
    log_const_data                           0x00003124   Section        8  nrf_log_frontend.o(log_const_data)
    __tagsym$$used                           0x00003124   Number         0  nrf_log_frontend.o(log_const_data)
    nrf_balloc                               0x0000312c   Section       20  nrf_log_frontend.o(nrf_balloc)
    __tagsym$$used                           0x0000312c   Number         0  nrf_log_frontend.o(nrf_balloc)
    .data                                    0x20000000   Section       16  main.o(.data)
    spi_xfer_done                            0x20000000   Data           1  main.o(.data)
    m_tx_buf                                 0x20000001   Data           7  main.o(.data)
    m_rx_buf                                 0x20000008   Data           8  main.o(.data)
    .data                                    0x20000010   Section       12  nrf_drv_uart.o(.data)
    m_handlers                               0x20000014   Data           4  nrf_drv_uart.o(.data)
    m_contexts                               0x20000018   Data           4  nrf_drv_uart.o(.data)
    .data                                    0x2000001c   Section        8  nrfx_prs.o(.data)
    m_prs_box_4                              0x2000001c   Data           8  nrfx_prs.o(.data)
    .data                                    0x20000024   Section       20  app_timer.o(.data)
    m_ticks_elapsed_q_read_ind               0x20000024   Data           1  app_timer.o(.data)
    m_ticks_elapsed_q_write_ind              0x20000025   Data           1  app_timer.o(.data)
    m_rtc1_running                           0x20000026   Data           1  app_timer.o(.data)
    m_rtc1_reset                             0x20000027   Data           1  app_timer.o(.data)
    mp_timer_id_head                         0x20000028   Data           4  app_timer.o(.data)
    m_ticks_latest                           0x2000002c   Data           4  app_timer.o(.data)
    m_ticks_elapsed                          0x20000030   Data           8  app_timer.o(.data)
    .data                                    0x20000038   Section        4  app_util_platform.o(.data)
    m_in_critical_region                     0x20000038   Data           4  app_util_platform.o(.data)
    .data                                    0x2000003c   Section       24  nrf_log_backend_uart.o(.data)
    m_xfer_done                              0x2000003c   Data           1  nrf_log_backend_uart.o(.data)
    m_async_mode                             0x2000003d   Data           1  nrf_log_backend_uart.o(.data)
    .data                                    0x20000054   Section        8  nrf_log_default_backends.o(.data)
    log_backend_cb_uart_log_backend          0x20000054   Data           8  nrf_log_default_backends.o(.data)
    .data                                    0x2000005c   Section        8  nrf_log_frontend.o(.data)
    log_mempool_nrf_balloc_pool_stack        0x2000005c   Data           8  nrf_log_frontend.o(.data)
    .data                                    0x20000064   Section        8  nrf_log_frontend.o(.data)
    log_mempool_nrf_balloc_cb                0x20000064   Data           8  nrf_log_frontend.o(.data)
    .data                                    0x2000006c   Section       64  nrf_log_str_formatter.o(.data)
    m_freq                                   0x2000006c   Data           4  nrf_log_str_formatter.o(.data)
    m_timestamp_div                          0x20000070   Data           4  nrf_log_str_formatter.o(.data)
    severity_names                           0x20000074   Data          20  nrf_log_str_formatter.o(.data)
    m_colors                                 0x20000088   Data          36  nrf_log_str_formatter.o(.data)
    .data                                    0x200000ac   Section        4  system_nrf52.o(.data)
    __tagsym$$used                           0x200000ac   Number         0  system_nrf52.o(.data)
    .bss                                     0x200000b0   Section       24  nrf_drv_spi.o(.bss)
    m_handlers                               0x200000b0   Data          12  nrf_drv_spi.o(.bss)
    m_contexts                               0x200000bc   Data          12  nrf_drv_spi.o(.bss)
    .bss                                     0x200000c8   Section       92  nrfx_gpiote.o(.bss)
    m_cb                                     0x200000c8   Data          92  nrfx_gpiote.o(.bss)
    .bss                                     0x20000124   Section       36  nrfx_spim.o(.bss)
    m_cb                                     0x20000124   Data          36  nrfx_spim.o(.bss)
    .bss                                     0x20000148   Section       44  nrfx_uart.o(.bss)
    m_cb                                     0x20000148   Data          44  nrfx_uart.o(.bss)
    .bss                                     0x20000174   Section       36  nrfx_uarte.o(.bss)
    m_cb                                     0x20000174   Data          36  nrfx_uarte.o(.bss)
    .bss                                     0x20000198   Section      268  app_timer.o(.bss)
    m_op_queue                               0x20000198   Data         268  app_timer.o(.bss)
    .bss                                     0x200002a4   Section       64  nrf_log_backend_uart.o(.bss)
    m_string_buff                            0x200002a4   Data          64  nrf_log_backend_uart.o(.bss)
    .bss                                     0x200002e4   Section      192  nrf_log_frontend.o(.bss)
    log_mempool_nrf_balloc_pool_mem          0x200002e4   Data         192  nrf_log_frontend.o(.bss)
    .bss                                     0x200003a4   Section      128  nrf_log_frontend.o(.bss)
    m_log_push_ringbuf_buf                   0x200003a4   Data         128  nrf_log_frontend.o(.bss)
    .bss                                     0x20000424   Section       24  nrf_log_frontend.o(.bss)
    m_log_push_ringbuf_cb                    0x20000424   Data          24  nrf_log_frontend.o(.bss)
    .bss                                     0x2000043c   Section     1060  nrf_log_frontend.o(.bss)
    m_log_data                               0x2000043c   Data        1060  nrf_log_frontend.o(.bss)
    STACK                                    0x20000860   Section     8192  arm_startup_nrf52.o(STACK)

    Global Symbols

    Symbol Name                              Value     Ov Type        Size  Object(Section)

    BuildAttributes$$THM_ISAv4$E$P$D$K$B$S$7EM$VFPi3$EXTD16$VFPS$VFMA$PE$A:L22UL41UL21$X:L11$S22US41US21$IEEE1$IW$USESV6$~STKCKD$USESV7$~SHL$OSPACE$EBA8$MICROLIB$REQ8$EABIv2 0x00000000   Number         0  anon$$obj.o ABSOLUTE
    __ARM_use_no_argv                        0x00000000   Number         0  main.o ABSOLUTE
    __Vectors                                0x00000000   Data           4  arm_startup_nrf52.o(RESET)
    __use_no_errno                           0x00000000   Number         0  useno.o ABSOLUTE
    __use_no_exception_handling              0x00000000   Number         0  useno.o ABSOLUTE
    __use_no_fp                              0x00000000   Number         0  useno.o ABSOLUTE
    __use_no_heap                            0x00000000   Number         0  useno.o ABSOLUTE
    __use_no_heap_region                     0x00000000   Number         0  useno.o ABSOLUTE
    __use_no_semihosting                     0x00000000   Number         0  useno.o ABSOLUTE
    __use_no_semihosting_swi                 0x00000000   Number         0  useno.o ABSOLUTE
    __use_no_signal_handling                 0x00000000   Number         0  useno.o ABSOLUTE
    __cpp_initialize__aeabi_                  - Undefined Weak Reference
    __cxa_finalize                            - Undefined Weak Reference
    __decompress                              - Undefined Weak Reference
    _clock_init                               - Undefined Weak Reference
    _microlib_exit                            - Undefined Weak Reference
    log_dynamic_data$$Base                    - Undefined Reference
    __Vectors_End                            0x00000200   Data           0  arm_startup_nrf52.o(RESET)
    __Vectors_Size                           0x00000200   Number         0  arm_startup_nrf52.o ABSOLUTE
    __main                                   0x00000201   Thumb Code     0  entry.o(.ARM.Collect$$$$00000000)
    _main_stk                                0x00000201   Thumb Code     0  entry2.o(.ARM.Collect$$$$00000001)
    _main_scatterload                        0x00000205   Thumb Code     0  entry5.o(.ARM.Collect$$$$00000004)
    __main_after_scatterload                 0x00000209   Thumb Code     0  entry5.o(.ARM.Collect$$$$00000004)
    _main_clock                              0x00000209   Thumb Code     0  entry7b.o(.ARM.Collect$$$$00000008)
    _main_cpp_init                           0x00000209   Thumb Code     0  entry8b.o(.ARM.Collect$$$$0000000A)
    _main_init                               0x00000209   Thumb Code     0  entry9a.o(.ARM.Collect$$$$0000000B)
    __rt_final_cpp                           0x00000211   Thumb Code     0  entry10a.o(.ARM.Collect$$$$0000000D)
    __rt_final_exit                          0x00000211   Thumb Code     0  entry11a.o(.ARM.Collect$$$$0000000F)
    __asm___12_nrf_atomic_c_85ca2469__nrf_atomic_internal_mov 0x00000215   Thumb Code    24  nrf_atomic.o(.emb_text)
    __asm___12_nrf_atomic_c_85ca2469__nrf_atomic_internal_orr 0x0000022d   Thumb Code    26  nrf_atomic.o(.emb_text)
    __asm___12_nrf_atomic_c_85ca2469__nrf_atomic_internal_and 0x00000247   Thumb Code    26  nrf_atomic.o(.emb_text)
    __asm___12_nrf_atomic_c_85ca2469__nrf_atomic_internal_eor 0x00000261   Thumb Code    26  nrf_atomic.o(.emb_text)
    __asm___12_nrf_atomic_c_85ca2469__nrf_atomic_internal_add 0x0000027b   Thumb Code    26  nrf_atomic.o(.emb_text)
    __asm___12_nrf_atomic_c_85ca2469__nrf_atomic_internal_sub 0x00000295   Thumb Code    26  nrf_atomic.o(.emb_text)
    __asm___12_nrf_atomic_c_85ca2469__nrf_atomic_internal_cmp_exch 0x000002af   Thumb Code    42  nrf_atomic.o(.emb_text)
    __asm___12_nrf_atomic_c_85ca2469__nrf_atomic_internal_sub_hs 0x000002d9   Thumb Code    30  nrf_atomic.o(.emb_text)
    Reset_Handler                            0x000002f9   Thumb Code     8  arm_startup_nrf52.o(.text)
    NMI_Handler                              0x00000301   Thumb Code     2  arm_startup_nrf52.o(.text)
    HardFault_Handler                        0x00000303   Thumb Code     2  arm_startup_nrf52.o(.text)
    MemoryManagement_Handler                 0x00000305   Thumb Code     2  arm_startup_nrf52.o(.text)
    BusFault_Handler                         0x00000307   Thumb Code     2  arm_startup_nrf52.o(.text)
    UsageFault_Handler                       0x00000309   Thumb Code     2  arm_startup_nrf52.o(.text)
    SVC_Handler                              0x0000030b   Thumb Code     2  arm_startup_nrf52.o(.text)
    DebugMon_Handler                         0x0000030d   Thumb Code     2  arm_startup_nrf52.o(.text)
    PendSV_Handler                           0x0000030f   Thumb Code     2  arm_startup_nrf52.o(.text)
    SysTick_Handler                          0x00000311   Thumb Code     2  arm_startup_nrf52.o(.text)
    CCM_AAR_IRQHandler                       0x00000313   Thumb Code     0  arm_startup_nrf52.o(.text)
    COMP_LPCOMP_IRQHandler                   0x00000313   Thumb Code     0  arm_startup_nrf52.o(.text)
    ECB_IRQHandler                           0x00000313   Thumb Code     0  arm_startup_nrf52.o(.text)
    FPU_IRQHandler                           0x00000313   Thumb Code     0  arm_startup_nrf52.o(.text)
    I2S_IRQHandler                           0x00000313   Thumb Code     0  arm_startup_nrf52.o(.text)
    MWU_IRQHandler                           0x00000313   Thumb Code     0  arm_startup_nrf52.o(.text)
    NFCT_IRQHandler                          0x00000313   Thumb Code     0  arm_startup_nrf52.o(.text)
    PDM_IRQHandler                           0x00000313   Thumb Code     0  arm_startup_nrf52.o(.text)
    POWER_CLOCK_IRQHandler                   0x00000313   Thumb Code     0  arm_startup_nrf52.o(.text)
    PWM0_IRQHandler                          0x00000313   Thumb Code     0  arm_startup_nrf52.o(.text)
    PWM1_IRQHandler                          0x00000313   Thumb Code     0  arm_startup_nrf52.o(.text)
    PWM2_IRQHandler                          0x00000313   Thumb Code     0  arm_startup_nrf52.o(.text)
    QDEC_IRQHandler                          0x00000313   Thumb Code     0  arm_startup_nrf52.o(.text)
    RADIO_IRQHandler                         0x00000313   Thumb Code     0  arm_startup_nrf52.o(.text)
    RNG_IRQHandler                           0x00000313   Thumb Code     0  arm_startup_nrf52.o(.text)
    RTC0_IRQHandler                          0x00000313   Thumb Code     0  arm_startup_nrf52.o(.text)
    RTC2_IRQHandler                          0x00000313   Thumb Code     0  arm_startup_nrf52.o(.text)
    SAADC_IRQHandler                         0x00000313   Thumb Code     0  arm_startup_nrf52.o(.text)
    SPIM1_SPIS1_TWIM1_TWIS1_SPI1_TWI1_IRQHandler 0x00000313   Thumb Code     0  arm_startup_nrf52.o(.text)
    SPIM2_SPIS2_SPI2_IRQHandler              0x00000313   Thumb Code     0  arm_startup_nrf52.o(.text)
    SWI1_EGU1_IRQHandler                     0x00000313   Thumb Code     0  arm_startup_nrf52.o(.text)
    SWI2_EGU2_IRQHandler                     0x00000313   Thumb Code     0  arm_startup_nrf52.o(.text)
    SWI3_EGU3_IRQHandler                     0x00000313   Thumb Code     0  arm_startup_nrf52.o(.text)
    SWI4_EGU4_IRQHandler                     0x00000313   Thumb Code     0  arm_startup_nrf52.o(.text)
    SWI5_EGU5_IRQHandler                     0x00000313   Thumb Code     0  arm_startup_nrf52.o(.text)
    TEMP_IRQHandler                          0x00000313   Thumb Code     0  arm_startup_nrf52.o(.text)
    TIMER0_IRQHandler                        0x00000313   Thumb Code     0  arm_startup_nrf52.o(.text)
    TIMER1_IRQHandler                        0x00000313   Thumb Code     0  arm_startup_nrf52.o(.text)
    TIMER2_IRQHandler                        0x00000313   Thumb Code     0  arm_startup_nrf52.o(.text)
    TIMER3_IRQHandler                        0x00000313   Thumb Code     0  arm_startup_nrf52.o(.text)
    TIMER4_IRQHandler                        0x00000313   Thumb Code     0  arm_startup_nrf52.o(.text)
    WDT_IRQHandler                           0x00000313   Thumb Code     0  arm_startup_nrf52.o(.text)
    __rt_ctype_table                         0x0000031d   Thumb Code     4  ctype_o.o(.text)
    __aeabi_memcpy                           0x00000325   Thumb Code    36  memcpya.o(.text)
    __aeabi_memcpy4                          0x00000325   Thumb Code     0  memcpya.o(.text)
    __aeabi_memcpy8                          0x00000325   Thumb Code     0  memcpya.o(.text)
    __aeabi_memset                           0x00000349   Thumb Code    14  memseta.o(.text)
    __aeabi_memset4                          0x00000349   Thumb Code     0  memseta.o(.text)
    __aeabi_memset8                          0x00000349   Thumb Code     0  memseta.o(.text)
    __aeabi_memclr                           0x00000357   Thumb Code     4  memseta.o(.text)
    __aeabi_memclr4                          0x00000357   Thumb Code     0  memseta.o(.text)
    __aeabi_memclr8                          0x00000357   Thumb Code     0  memseta.o(.text)
    _memset$wrapper                          0x0000035b   Thumb Code    18  memseta.o(.text)
    strlen                                   0x0000036d   Thumb Code    14  strlen.o(.text)
    __scatterload                            0x0000037d   Thumb Code    28  init.o(.text)
    __scatterload_rt2                        0x0000037d   Thumb Code     0  init.o(.text)
    GPIOTE_IRQHandler                        0x000003a1   Thumb Code   346  nrfx_gpiote.o(i.GPIOTE_IRQHandler)
    RTC1_IRQHandler                          0x00000549   Thumb Code    32  app_timer.o(i.RTC1_IRQHandler)
    SPIM0_SPIS0_TWIM0_TWIS0_SPI0_TWI0_IRQHandler 0x0000056d   Thumb Code    76  nrfx_spim.o(i.SPIM0_SPIS0_TWIM0_TWIS0_SPI0_TWI0_IRQHandler)
    SWI0_EGU0_IRQHandler                     0x000005c1   Thumb Code     4  app_timer.o(i.SWI0_EGU0_IRQHandler)
    SystemInit                               0x000005c5   Thumb Code   726  system_nrf52.o(i.SystemInit)
    UARTE0_UART0_IRQHandler                  0x000008e1   Thumb Code     6  nrfx_prs.o(i.UARTE0_UART0_IRQHandler)
    __scatterload_copy                       0x000008ed   Thumb Code    14  handlers.o(i.__scatterload_copy)
    __scatterload_null                       0x000008fb   Thumb Code     2  handlers.o(i.__scatterload_null)
    __scatterload_zeroinit                   0x000008fd   Thumb Code    14  handlers.o(i.__scatterload_zeroinit)
    app_error_fault_handler                  0x0000090d   Thumb Code    86  app_error_weak.o(i.app_error_fault_handler)
    app_error_handler_bare                   0x00000991   Thumb Code    22  app_error.o(i.app_error_handler_bare)
    app_util_critical_region_enter           0x000009a7   Thumb Code     4  app_util_platform.o(i.app_util_critical_region_enter)
    app_util_critical_region_exit            0x000009ab   Thumb Code     4  app_util_platform.o(i.app_util_critical_region_exit)
    app_util_disable_irq                     0x000009b1   Thumb Code    12  app_util_platform.o(i.app_util_disable_irq)
    app_util_enable_irq                      0x000009c1   Thumb Code    14  app_util_platform.o(i.app_util_enable_irq)
    bsp_board_init                           0x00000ae5   Thumb Code    80  boards.o(i.bsp_board_init)
    bsp_board_led_invert                     0x00000b39   Thumb Code    32  boards.o(i.bsp_board_led_invert)
    bsp_board_led_off                        0x00000b5d   Thumb Code    10  boards.o(i.bsp_board_led_off)
    bsp_board_leds_off                       0x00000b6d   Thumb Code    18  boards.o(i.bsp_board_leds_off)
    buffer_is_empty                          0x00000c39   Thumb Code    16  nrf_log_frontend.o(i.buffer_is_empty)
    main                                     0x00001049   Thumb Code   206  main.o(i.main)
    nrf_atomic_flag_clear_fetch              0x000011f5   Thumb Code     6  nrf_atomic.o(i.nrf_atomic_flag_clear_fetch)
    nrf_atomic_flag_set                      0x000011fb   Thumb Code     6  nrf_atomic.o(i.nrf_atomic_flag_set)
    nrf_atomic_u32_add                       0x00001201   Thumb Code    12  nrf_atomic.o(i.nrf_atomic_u32_add)
    nrf_atomic_u32_fetch_and                 0x0000120d   Thumb Code    10  nrf_atomic.o(i.nrf_atomic_u32_fetch_and)
    nrf_atomic_u32_fetch_store               0x00001217   Thumb Code    10  nrf_atomic.o(i.nrf_atomic_u32_fetch_store)
    nrf_atomic_u32_or                        0x00001221   Thumb Code    12  nrf_atomic.o(i.nrf_atomic_u32_or)
    nrf_atomic_u32_sub                       0x0000122d   Thumb Code    12  nrf_atomic.o(i.nrf_atomic_u32_sub)
    nrf_balloc_alloc                         0x00001239   Thumb Code    62  nrf_balloc.o(i.nrf_balloc_alloc)
    nrf_balloc_free                          0x00001277   Thumb Code    42  nrf_balloc.o(i.nrf_balloc_free)
    nrf_balloc_init                          0x000012a1   Thumb Code    48  nrf_balloc.o(i.nrf_balloc_init)
    nrf_drv_spi_init                         0x000012f5   Thumb Code    98  nrf_drv_spi.o(i.nrf_drv_spi_init)
    nrf_drv_uart_init                        0x00001365   Thumb Code    90  nrf_drv_uart.o(i.nrf_drv_uart_init)
    nrf_fprintf                              0x000013cd   Thumb Code    26  nrf_fprintf.o(i.nrf_fprintf)
    nrf_fprintf_buffer_flush                 0x000013e7   Thumb Code    24  nrf_fprintf.o(i.nrf_fprintf_buffer_flush)
    nrf_fprintf_fmt                          0x000013ff   Thumb Code   474  nrf_fprintf_format.o(i.nrf_fprintf_fmt)
    nrf_log_backend_add                      0x0000178d   Thumb Code    86  nrf_log_frontend.o(i.nrf_log_backend_add)
    nrf_log_backend_serial_put               0x000017e9   Thumb Code   200  nrf_log_backend_serial.o(i.nrf_log_backend_serial_put)
    nrf_log_backend_uart_init                0x000018b3   Thumb Code     6  nrf_log_backend_uart.o(i.nrf_log_backend_uart_init)
    nrf_log_color_id_get                     0x000018fd   Thumb Code    42  nrf_log_frontend.o(i.nrf_log_color_id_get)
    nrf_log_default_backends_init            0x0000192d   Thumb Code    24  nrf_log_default_backends.o(i.nrf_log_default_backends_init)
    nrf_log_frontend_dequeue                 0x00001949   Thumb Code   522  nrf_log_frontend.o(i.nrf_log_frontend_dequeue)
    nrf_log_frontend_hexdump                 0x00001b79   Thumb Code   164  nrf_log_frontend.o(i.nrf_log_frontend_hexdump)
    nrf_log_frontend_std_0                   0x00001c21   Thumb Code     8  nrf_log_frontend.o(i.nrf_log_frontend_std_0)
    nrf_log_hexdump_entry_process            0x00001c29   Thumb Code   150  nrf_log_str_formatter.o(i.nrf_log_hexdump_entry_process)
    nrf_log_init                             0x00001cd9   Thumb Code    46  nrf_log_frontend.o(i.nrf_log_init)
    nrf_log_module_cnt_get                   0x00001d15   Thumb Code    10  nrf_log_frontend.o(i.nrf_log_module_cnt_get)
    nrf_log_module_name_get                  0x00001d29   Thumb Code    24  nrf_log_frontend.o(i.nrf_log_module_name_get)
    nrf_log_panic                            0x00001d45   Thumb Code    38  nrf_log_frontend.o(i.nrf_log_panic)
    nrf_log_std_entry_process                0x00001d71   Thumb Code   182  nrf_log_str_formatter.o(i.nrf_log_std_entry_process)
    nrf_memobj_alloc                         0x00001e27   Thumb Code    96  nrf_memobj.o(i.nrf_memobj_alloc)
    nrf_memobj_free                          0x00001e87   Thumb Code    50  nrf_memobj.o(i.nrf_memobj_free)
    nrf_memobj_get                           0x00001eb9   Thumb Code     8  nrf_memobj.o(i.nrf_memobj_get)
    nrf_memobj_pool_init                     0x00001ec1   Thumb Code     4  nrf_memobj.o(i.nrf_memobj_pool_init)
    nrf_memobj_put                           0x00001ec5   Thumb Code    30  nrf_memobj.o(i.nrf_memobj_put)
    nrf_memobj_read                          0x00001ee3   Thumb Code    16  nrf_memobj.o(i.nrf_memobj_read)
    nrf_memobj_write                         0x00001ef3   Thumb Code    16  nrf_memobj.o(i.nrf_memobj_write)
    nrf_ringbuf_init                         0x00001f03   Thumb Code    28  nrf_ringbuf.o(i.nrf_ringbuf_init)
    nrfx_prs_acquire                         0x00001f91   Thumb Code    48  nrfx_prs.o(i.nrfx_prs_acquire)
    nrfx_prs_release                         0x00001fc1   Thumb Code    18  nrfx_prs.o(i.nrfx_prs_release)
    nrfx_spim_init                           0x00001fd5   Thumb Code   362  nrfx_spim.o(i.nrfx_spim_init)
    nrfx_spim_xfer                           0x00002149   Thumb Code    94  nrfx_spim.o(i.nrfx_spim_xfer)
    nrfx_uart_0_irq_handler                  0x000021ad   Thumb Code     8  nrfx_uart.o(i.nrfx_uart_0_irq_handler)
    nrfx_uart_init                           0x000021bd   Thumb Code   196  nrfx_uart.o(i.nrfx_uart_init)
    nrfx_uart_tx                             0x0000228d   Thumb Code   160  nrfx_uart.o(i.nrfx_uart_tx)
    nrfx_uart_tx_in_progress                 0x00002331   Thumb Code    26  nrfx_uart.o(i.nrfx_uart_tx_in_progress)
    nrfx_uart_uninit                         0x00002351   Thumb Code   170  nrfx_uart.o(i.nrfx_uart_uninit)
    nrfx_uarte_0_irq_handler                 0x00002405   Thumb Code     8  nrfx_uarte.o(i.nrfx_uarte_0_irq_handler)
    nrfx_uarte_init                          0x00002415   Thumb Code   100  nrfx_uarte.o(i.nrfx_uarte_init)
    nrfx_uarte_tx                            0x00002481   Thumb Code   138  nrfx_uarte.o(i.nrfx_uarte_tx)
    nrfx_uarte_tx_in_progress                0x00002511   Thumb Code    22  nrfx_uarte.o(i.nrfx_uarte_tx_in_progress)
    nrfx_uarte_uninit                        0x0000252d   Thumb Code   166  nrfx_uarte.o(i.nrfx_uarte_uninit)
    spi_event_handler                        0x000027a5   Thumb Code    74  main.o(i.spi_event_handler)
    nrf_log_backend_uart_api                 0x00002f68   Data          12  nrf_log_backend_uart.o(.constdata)
    __ctype_table                            0x00002fa0   Data         129  ctype_o.o(.constdata)
    Region$$Table$$Base                      0x000030cc   Number         0  anon$$obj.o(Region$$Table)
    Region$$Table$$Limit                     0x000030ec   Number         0  anon$$obj.o(Region$$Table)
    log_const_data$$Base                     0x000030fc   Number         0  nrfx_gpiote.o(log_const_data)
    m_nrf_log_GPIOTE_logs_data_const         0x000030fc   Data           8  nrfx_gpiote.o(log_const_data)
    m_nrf_log_PRS_logs_data_const            0x00003104   Data           8  nrfx_prs.o(log_const_data)
    m_nrf_log_SPIM_logs_data_const           0x0000310c   Data           8  nrfx_spim.o(log_const_data)
    m_nrf_log_UART_logs_data_const           0x00003114   Data           8  nrfx_uart.o(log_const_data)
    m_nrf_log_UARTE_logs_data_const          0x0000311c   Data           8  nrfx_uarte.o(log_const_data)
    m_nrf_log_app_logs_data_const            0x00003124   Data           8  nrf_log_frontend.o(log_const_data)
    log_const_data$$Limit                    0x0000312c   Number         0  nrf_log_frontend.o(log_const_data)
    log_mempool                              0x0000312c   Data          20  nrf_log_frontend.o(nrf_balloc)
    nrf_drv_uart_use_easy_dma                0x20000010   Data           1  nrf_drv_uart.o(.data)
    m_uart                                   0x20000040   Data          20  nrf_log_backend_uart.o(.data)
    SystemCoreClock                          0x200000ac   Data           4  system_nrf52.o(.data)
    __initial_sp                             0x20002860   Data           0  arm_startup_nrf52.o(STACK)



==============================================================================

Memory Map of the image

  Image Entry point : 0x00000201

  Load Region LR_IROM1 (Base: 0x00000000, Size: 0x000031f0, Max: 0x00080000, ABSOLUTE)

    Execution Region ER_IROM1 (Exec base: 0x00000000, Load base: 0x00000000, Size: 0x00003140, Max: 0x00080000, ABSOLUTE)

    Exec Addr    Load Addr    Size         Type   Attr      Idx    E Section Name        Object

    0x00000000   0x00000000   0x00000200   Data   RO         3227    RESET               arm_startup_nrf52.o
    0x00000200   0x00000200   0x00000000   Code   RO         3268  * .ARM.Collect$$$$00000000  mc_w.l(entry.o)
    0x00000200   0x00000200   0x00000004   Code   RO         3320    .ARM.Collect$$$$00000001  mc_w.l(entry2.o)
    0x00000204   0x00000204   0x00000004   Code   RO         3323    .ARM.Collect$$$$00000004  mc_w.l(entry5.o)
    0x00000208   0x00000208   0x00000000   Code   RO         3325    .ARM.Collect$$$$00000008  mc_w.l(entry7b.o)
    0x00000208   0x00000208   0x00000000   Code   RO         3327    .ARM.Collect$$$$0000000A  mc_w.l(entry8b.o)
    0x00000208   0x00000208   0x00000008   Code   RO         3328    .ARM.Collect$$$$0000000B  mc_w.l(entry9a.o)
    0x00000210   0x00000210   0x00000000   Code   RO         3330    .ARM.Collect$$$$0000000D  mc_w.l(entry10a.o)
    0x00000210   0x00000210   0x00000000   Code   RO         3332    .ARM.Collect$$$$0000000F  mc_w.l(entry11a.o)
    0x00000210   0x00000210   0x00000004   Code   RO         3321    .ARM.Collect$$$$00002712  mc_w.l(entry2.o)
    0x00000214   0x00000214   0x000000e2   Code   RO         2027    .emb_text           nrf_atomic.o
    0x000002f6   0x000002f6   0x00000002   PAD
    0x000002f8   0x000002f8   0x00000024   Code   RO         3228    .text               arm_startup_nrf52.o
    0x0000031c   0x0000031c   0x00000008   Code   RO         3280    .text               mc_w.l(ctype_o.o)
    0x00000324   0x00000324   0x00000024   Code   RO         3308    .text               mc_w.l(memcpya.o)
    0x00000348   0x00000348   0x00000024   Code   RO         3310    .text               mc_w.l(memseta.o)
    0x0000036c   0x0000036c   0x0000000e   Code   RO         3312    .text               mc_w.l(strlen.o)
    0x0000037a   0x0000037a   0x00000002   PAD
    0x0000037c   0x0000037c   0x00000024   Code   RO         3338    .text               mc_w.l(init.o)
    0x000003a0   0x000003a0   0x00000164   Code   RO          694    i.GPIOTE_IRQHandler  nrfx_gpiote.o
    0x00000504   0x00000504   0x00000016   Code   RO         1765    i.NVIC_ClearPendingIRQ  app_timer.o
    0x0000051a   0x0000051a   0x00000016   Code   RO         1766    i.NVIC_EnableIRQ    app_timer.o
    0x00000530   0x00000530   0x00000016   Code   RO         1767    i.NVIC_SetPendingIRQ  app_timer.o
    0x00000546   0x00000546   0x00000002   PAD
    0x00000548   0x00000548   0x00000024   Code   RO         1769    i.RTC1_IRQHandler   app_timer.o
    0x0000056c   0x0000056c   0x00000054   Code   RO         1041    i.SPIM0_SPIS0_TWIM0_TWIS0_SPI0_TWI0_IRQHandler  nrfx_spim.o
    0x000005c0   0x000005c0   0x00000004   Code   RO         1770    i.SWI0_EGU0_IRQHandler  app_timer.o
    0x000005c4   0x000005c4   0x0000031c   Code   RO         3236    i.SystemInit        system_nrf52.o
    0x000008e0   0x000008e0   0x0000000c   Code   RO          969    i.UARTE0_UART0_IRQHandler  nrfx_prs.o
    0x000008ec   0x000008ec   0x0000000e   Code   RO         3342    i.__scatterload_copy  mc_w.l(handlers.o)
    0x000008fa   0x000008fa   0x00000002   Code   RO         3343    i.__scatterload_null  mc_w.l(handlers.o)
    0x000008fc   0x000008fc   0x0000000e   Code   RO         3344    i.__scatterload_zeroinit  mc_w.l(handlers.o)
    0x0000090a   0x0000090a   0x00000002   PAD
    0x0000090c   0x0000090c   0x00000084   Code   RO         1671    i.app_error_fault_handler  app_error_weak.o
    0x00000990   0x00000990   0x00000016   Code   RO         1611    i.app_error_handler_bare  app_error.o
    0x000009a6   0x000009a6   0x00000004   Code   RO         1938    i.app_util_critical_region_enter  app_util_platform.o
    0x000009aa   0x000009aa   0x00000004   Code   RO         1939    i.app_util_critical_region_exit  app_util_platform.o
    0x000009ae   0x000009ae   0x00000002   PAD
    0x000009b0   0x000009b0   0x00000010   Code   RO         1940    i.app_util_disable_irq  app_util_platform.o
    0x000009c0   0x000009c0   0x00000014   Code   RO         1941    i.app_util_enable_irq  app_util_platform.o
    0x000009d4   0x000009d4   0x00000088   Code   RO         1171    i.apply_config      nrfx_uart.o
    0x00000a5c   0x00000a5c   0x00000088   Code   RO         1356    i.apply_config      nrfx_uarte.o
    0x00000ae4   0x00000ae4   0x00000054   Code   RO          241    i.bsp_board_init    boards.o
    0x00000b38   0x00000b38   0x00000024   Code   RO          243    i.bsp_board_led_invert  boards.o
    0x00000b5c   0x00000b5c   0x00000010   Code   RO          244    i.bsp_board_led_off  boards.o
    0x00000b6c   0x00000b6c   0x00000012   Code   RO          247    i.bsp_board_leds_off  boards.o
    0x00000b7e   0x00000b7e   0x00000002   PAD
    0x00000b80   0x00000b80   0x00000088   Code   RO         2629    i.buf_prealloc      nrf_log_frontend.o
    0x00000c08   0x00000c08   0x0000002e   Code   RO         2242    i.buffer_add        nrf_fprintf_format.o
    0x00000c36   0x00000c36   0x00000002   PAD
    0x00000c38   0x00000c38   0x00000014   Code   RO         2630    i.buffer_is_empty   nrf_log_frontend.o
    0x00000c4c   0x00000c4c   0x00000010   Code   RO          697    i.channel_port_get  nrfx_gpiote.o
    0x00000c5c   0x00000c5c   0x000000ac   Code   RO         1780    i.compare_reg_update  app_timer.o
    0x00000d08   0x00000d08   0x00000014   Code   RO         2631    i.dropped_sat16_get  nrf_log_frontend.o
    0x00000d1c   0x00000d1c   0x00000040   Code   RO         1781    i.elapsed_ticks_acquire  app_timer.o
    0x00000d5c   0x00000d5c   0x000000a6   Code   RO         2243    i.int_print         nrf_fprintf_format.o
    0x00000e02   0x00000e02   0x00000002   PAD
    0x00000e04   0x00000e04   0x0000007c   Code   RO         1357    i.interrupts_enable  nrfx_uarte.o
    0x00000e80   0x00000e80   0x00000034   Code   RO         2632    i.invalid_packets_omit  nrf_log_frontend.o
    0x00000eb4   0x00000eb4   0x000000f8   Code   RO         1782    i.list_insertions_handler  app_timer.o
    0x00000fac   0x00000fac   0x0000009c   Code   RO         2633    i.log_skip          nrf_log_frontend.o
    0x00001048   0x00001048   0x000000fc   Code   RO            4    i.main              main.o
    0x00001144   0x00001144   0x0000007e   Code   RO         2282    i.memobj_op         nrf_memobj.o
    0x000011c2   0x000011c2   0x00000002   PAD
    0x000011c4   0x000011c4   0x00000030   Code   RO         2634    i.module_idx_get    nrf_log_frontend.o
    0x000011f4   0x000011f4   0x00000006   Code   RO         2029    i.nrf_atomic_flag_clear_fetch  nrf_atomic.o
    0x000011fa   0x000011fa   0x00000006   Code   RO         2030    i.nrf_atomic_flag_set  nrf_atomic.o
    0x00001200   0x00001200   0x0000000c   Code   RO         2032    i.nrf_atomic_u32_add  nrf_atomic.o
    0x0000120c   0x0000120c   0x0000000a   Code   RO         2036    i.nrf_atomic_u32_fetch_and  nrf_atomic.o
    0x00001216   0x00001216   0x0000000a   Code   RO         2038    i.nrf_atomic_u32_fetch_store  nrf_atomic.o
    0x00001220   0x00001220   0x0000000c   Code   RO         2042    i.nrf_atomic_u32_or  nrf_atomic.o
    0x0000122c   0x0000122c   0x0000000c   Code   RO         2044    i.nrf_atomic_u32_sub  nrf_atomic.o
    0x00001238   0x00001238   0x0000003e   Code   RO         2166    i.nrf_balloc_alloc  nrf_balloc.o
    0x00001276   0x00001276   0x0000002a   Code   RO         2167    i.nrf_balloc_free   nrf_balloc.o
    0x000012a0   0x000012a0   0x00000030   Code   RO         2168    i.nrf_balloc_init   nrf_balloc.o
    0x000012d0   0x000012d0   0x00000010   Code   RO          698    i.nrf_bitmask_bit_is_set  nrfx_gpiote.o
    0x000012e0   0x000012e0   0x00000014   Code   RO          699    i.nrf_bitmask_bit_set  nrfx_gpiote.o
    0x000012f4   0x000012f4   0x00000070   Code   RO          468    i.nrf_drv_spi_init  nrf_drv_spi.o
    0x00001364   0x00001364   0x00000068   Code   RO          503    i.nrf_drv_uart_init  nrf_drv_uart.o
    0x000013cc   0x000013cc   0x0000001a   Code   RO         2203    i.nrf_fprintf       nrf_fprintf.o
    0x000013e6   0x000013e6   0x00000018   Code   RO         2204    i.nrf_fprintf_buffer_flush  nrf_fprintf.o
    0x000013fe   0x000013fe   0x000001da   Code   RO         2244    i.nrf_fprintf_fmt   nrf_fprintf_format.o
    0x000015d8   0x000015d8   0x00000024   Code   RO          251    i.nrf_gpio_cfg      boards.o
    0x000015fc   0x000015fc   0x00000024   Code   RO         1042    i.nrf_gpio_cfg      nrfx_spim.o
    0x00001620   0x00001620   0x00000024   Code   RO         1172    i.nrf_gpio_cfg      nrfx_uart.o
    0x00001644   0x00001644   0x00000024   Code   RO         1358    i.nrf_gpio_cfg      nrfx_uarte.o
    0x00001668   0x00001668   0x00000012   Code   RO         1173    i.nrf_gpio_cfg_default  nrfx_uart.o
    0x0000167a   0x0000167a   0x00000012   Code   RO         1359    i.nrf_gpio_cfg_default  nrfx_uarte.o
    0x0000168c   0x0000168c   0x00000012   Code   RO         1174    i.nrf_gpio_cfg_input  nrfx_uart.o
    0x0000169e   0x0000169e   0x00000012   Code   RO         1360    i.nrf_gpio_cfg_input  nrfx_uarte.o
    0x000016b0   0x000016b0   0x00000014   Code   RO         1043    i.nrf_gpio_cfg_output  nrfx_spim.o
    0x000016c4   0x000016c4   0x00000014   Code   RO         1175    i.nrf_gpio_cfg_output  nrfx_uart.o
    0x000016d8   0x000016d8   0x00000014   Code   RO         1361    i.nrf_gpio_cfg_output  nrfx_uarte.o
    0x000016ec   0x000016ec   0x00000022   Code   RO          702    i.nrf_gpio_cfg_sense_set  nrfx_gpiote.o
    0x0000170e   0x0000170e   0x0000000e   Code   RO         1044    i.nrf_gpio_pin_clear  nrfx_spim.o
    0x0000171c   0x0000171c   0x0000000e   Code   RO         1045    i.nrf_gpio_pin_set  nrfx_spim.o
    0x0000172a   0x0000172a   0x00000016   Code   RO          252    i.nrf_gpio_pin_write  boards.o
    0x00001740   0x00001740   0x00000028   Code   RO          703    i.nrf_gpio_ports_read  nrfx_gpiote.o
    0x00001768   0x00001768   0x00000014   Code   RO          704    i.nrf_gpiote_event_clear  nrfx_gpiote.o
    0x0000177c   0x0000177c   0x00000010   Code   RO          705    i.nrf_gpiote_event_is_set  nrfx_gpiote.o
    0x0000178c   0x0000178c   0x0000005c   Code   RO         2635    i.nrf_log_backend_add  nrf_log_frontend.o
    0x000017e8   0x000017e8   0x000000c8   Code   RO         2474    i.nrf_log_backend_serial_put  nrf_log_backend_serial.o
    0x000018b0   0x000018b0   0x00000002   Code   RO         2514    i.nrf_log_backend_uart_flush  nrf_log_backend_uart.o
    0x000018b2   0x000018b2   0x00000006   Code   RO         2515    i.nrf_log_backend_uart_init  nrf_log_backend_uart.o
    0x000018b8   0x000018b8   0x0000002c   Code   RO         2516    i.nrf_log_backend_uart_panic_set  nrf_log_backend_uart.o
    0x000018e4   0x000018e4   0x00000018   Code   RO         2517    i.nrf_log_backend_uart_put  nrf_log_backend_uart.o
    0x000018fc   0x000018fc   0x00000030   Code   RO         2637    i.nrf_log_color_id_get  nrf_log_frontend.o
    0x0000192c   0x0000192c   0x0000001c   Code   RO         2593    i.nrf_log_default_backends_init  nrf_log_default_backends.o
    0x00001948   0x00001948   0x00000230   Code   RO         2638    i.nrf_log_frontend_dequeue  nrf_log_frontend.o
    0x00001b78   0x00001b78   0x000000a8   Code   RO         2639    i.nrf_log_frontend_hexdump  nrf_log_frontend.o
    0x00001c20   0x00001c20   0x00000008   Code   RO         2640    i.nrf_log_frontend_std_0  nrf_log_frontend.o
    0x00001c28   0x00001c28   0x000000b0   Code   RO         2815    i.nrf_log_hexdump_entry_process  nrf_log_str_formatter.o
    0x00001cd8   0x00001cd8   0x0000003c   Code   RO         2647    i.nrf_log_init      nrf_log_frontend.o
    0x00001d14   0x00001d14   0x00000014   Code   RO         2648    i.nrf_log_module_cnt_get  nrf_log_frontend.o
    0x00001d28   0x00001d28   0x0000001c   Code   RO         2651    i.nrf_log_module_name_get  nrf_log_frontend.o
    0x00001d44   0x00001d44   0x0000002c   Code   RO         2652    i.nrf_log_panic     nrf_log_frontend.o
    0x00001d70   0x00001d70   0x000000b6   Code   RO         2816    i.nrf_log_std_entry_process  nrf_log_str_formatter.o
    0x00001e26   0x00001e26   0x00000060   Code   RO         2283    i.nrf_memobj_alloc  nrf_memobj.o
    0x00001e86   0x00001e86   0x00000032   Code   RO         2284    i.nrf_memobj_free   nrf_memobj.o
    0x00001eb8   0x00001eb8   0x00000008   Code   RO         2285    i.nrf_memobj_get    nrf_memobj.o
    0x00001ec0   0x00001ec0   0x00000004   Code   RO         2286    i.nrf_memobj_pool_init  nrf_memobj.o
    0x00001ec4   0x00001ec4   0x0000001e   Code   RO         2287    i.nrf_memobj_put    nrf_memobj.o
    0x00001ee2   0x00001ee2   0x00000010   Code   RO         2288    i.nrf_memobj_read   nrf_memobj.o
    0x00001ef2   0x00001ef2   0x00000010   Code   RO         2289    i.nrf_memobj_write  nrf_memobj.o
    0x00001f02   0x00001f02   0x0000001c   Code   RO         2365    i.nrf_ringbuf_init  nrf_ringbuf.o
    0x00001f1e   0x00001f1e   0x0000000a   Code   RO         1046    i.nrf_spim_event_check  nrfx_spim.o
    0x00001f28   0x00001f28   0x0000000a   Code   RO         1176    i.nrf_uart_event_check  nrfx_uart.o
    0x00001f32   0x00001f32   0x0000000c   Code   RO         1177    i.nrf_uart_event_clear  nrfx_uart.o
    0x00001f3e   0x00001f3e   0x0000000c   Code   RO         1178    i.nrf_uart_int_enable_check  nrfx_uart.o
    0x00001f4a   0x00001f4a   0x0000000a   Code   RO         1362    i.nrf_uarte_event_check  nrfx_uarte.o
    0x00001f54   0x00001f54   0x0000000c   Code   RO         1363    i.nrf_uarte_event_clear  nrfx_uarte.o
    0x00001f60   0x00001f60   0x00000010   Code   RO         1783    i.nrfx_coredep_delay_us  app_timer.o
    0x00001f70   0x00001f70   0x00000010   Code   RO         1047    i.nrfx_is_in_ram    nrfx_spim.o
    0x00001f80   0x00001f80   0x00000010   Code   RO         1364    i.nrfx_is_in_ram    nrfx_uarte.o
    0x00001f90   0x00001f90   0x00000030   Code   RO          970    i.nrfx_prs_acquire  nrfx_prs.o
    0x00001fc0   0x00001fc0   0x00000012   Code   RO          971    i.nrfx_prs_release  nrfx_prs.o
    0x00001fd2   0x00001fd2   0x00000002   PAD
    0x00001fd4   0x00001fd4   0x00000174   Code   RO         1050    i.nrfx_spim_init    nrfx_spim.o
    0x00002148   0x00002148   0x00000064   Code   RO         1053    i.nrfx_spim_xfer    nrfx_spim.o
    0x000021ac   0x000021ac   0x00000010   Code   RO         1179    i.nrfx_uart_0_irq_handler  nrfx_uart.o
    0x000021bc   0x000021bc   0x000000d0   Code   RO         1181    i.nrfx_uart_init    nrfx_uart.o
    0x0000228c   0x0000228c   0x000000a4   Code   RO         1187    i.nrfx_uart_tx      nrfx_uart.o
    0x00002330   0x00002330   0x00000020   Code   RO         1189    i.nrfx_uart_tx_in_progress  nrfx_uart.o
    0x00002350   0x00002350   0x000000b4   Code   RO         1190    i.nrfx_uart_uninit  nrfx_uart.o
    0x00002404   0x00002404   0x00000010   Code   RO         1365    i.nrfx_uarte_0_irq_handler  nrfx_uarte.o
    0x00002414   0x00002414   0x0000006c   Code   RO         1367    i.nrfx_uarte_init   nrfx_uarte.o
    0x00002480   0x00002480   0x00000090   Code   RO         1371    i.nrfx_uarte_tx     nrfx_uarte.o
    0x00002510   0x00002510   0x0000001c   Code   RO         1373    i.nrfx_uarte_tx_in_progress  nrfx_uarte.o
    0x0000252c   0x0000252c   0x000000b0   Code   RO         1374    i.nrfx_uarte_uninit  nrfx_uarte.o
    0x000025dc   0x000025dc   0x0000003c   Code   RO         2818    i.postfix_process   nrf_log_str_formatter.o
    0x00002618   0x00002618   0x00000098   Code   RO         2819    i.prefix_process    nrf_log_str_formatter.o
    0x000026b0   0x000026b0   0x00000018   Code   RO          972    i.prs_box_get       nrfx_prs.o
    0x000026c8   0x000026c8   0x0000003c   Code   RO         1784    i.rtc1_stop         app_timer.o
    0x00002704   0x00002704   0x00000032   Code   RO         1191    i.rx_byte           nrfx_uart.o
    0x00002736   0x00002736   0x00000016   Code   RO         1192    i.rx_done_event     nrfx_uart.o
    0x0000274c   0x0000274c   0x00000016   Code   RO         1375    i.rx_done_event     nrfx_uarte.o
    0x00002762   0x00002762   0x00000002   PAD
    0x00002764   0x00002764   0x00000040   Code   RO         2518    i.serial_tx         nrf_log_backend_uart.o
    0x000027a4   0x000027a4   0x00000078   Code   RO            5    i.spi_event_handler  main.o
    0x0000281c   0x0000281c   0x00000038   Code   RO          469    i.spim_evt_handler  nrf_drv_spi.o
    0x00002854   0x00002854   0x000000bc   Code   RO         1054    i.spim_xfer         nrfx_spim.o
    0x00002910   0x00002910   0x0000008c   Code   RO         2654    i.std_n             nrf_log_frontend.o
    0x0000299c   0x0000299c   0x00000080   Code   RO         1785    i.timer_list_handler  app_timer.o
    0x00002a1c   0x00002a1c   0x0000003c   Code   RO         1786    i.timer_list_insert  app_timer.o
    0x00002a58   0x00002a58   0x00000060   Code   RO         1787    i.timer_list_remove  app_timer.o
    0x00002ab8   0x00002ab8   0x00000074   Code   RO         1789    i.timer_timeouts_check  app_timer.o
    0x00002b2c   0x00002b2c   0x00000020   Code   RO         1194    i.tx_byte           nrfx_uart.o
    0x00002b4c   0x00002b4c   0x0000001a   Code   RO         1195    i.tx_done_event     nrfx_uart.o
    0x00002b66   0x00002b66   0x00000002   PAD
    0x00002b68   0x00002b68   0x00000030   Code   RO          504    i.uart_evt_handler  nrf_drv_uart.o
    0x00002b98   0x00002b98   0x0000000c   Code   RO         2519    i.uart_evt_handler  nrf_log_backend_uart.o
    0x00002ba4   0x00002ba4   0x00000050   Code   RO         2520    i.uart_init         nrf_log_backend_uart.o
    0x00002bf4   0x00002bf4   0x00000128   Code   RO         1196    i.uart_irq_handler  nrfx_uart.o
    0x00002d1c   0x00002d1c   0x00000030   Code   RO          505    i.uarte_evt_handler  nrf_drv_uart.o
    0x00002d4c   0x00002d4c   0x000000f2   Code   RO         1376    i.uarte_irq_handler  nrfx_uarte.o
    0x00002e3e   0x00002e3e   0x00000002   PAD
    0x00002e40   0x00002e40   0x000000b4   Code   RO         2245    i.unsigned_print    nrf_fprintf_format.o
    0x00002ef4   0x00002ef4   0x0000000c   PAD
    0x00002f00   0x00002f00   0x00000028   Data   RO            6    .constdata          main.o
    0x00002f28   0x00002f28   0x00000008   Data   RO          253    .constdata          boards.o
    0x00002f30   0x00002f30   0x00000010   Data   RO          471    .constdata          nrf_drv_spi.o
    0x00002f40   0x00002f40   0x00000004   Data   RO          734    .constdata          nrfx_gpiote.o
    0x00002f44   0x00002f44   0x00000004   Data   RO         1057    .constdata          nrfx_spim.o
    0x00002f48   0x00002f48   0x00000004   Data   RO         1199    .constdata          nrfx_uart.o
    0x00002f4c   0x00002f4c   0x00000004   Data   RO         1379    .constdata          nrfx_uarte.o
    0x00002f50   0x00002f50   0x00000006   Data   RO         1792    .constdata          app_timer.o
    0x00002f56   0x00002f56   0x00000010   Data   RO         2246    .constdata          nrf_fprintf_format.o
    0x00002f66   0x00002f66   0x00000002   PAD
    0x00002f68   0x00002f68   0x0000000c   Data   RO         2522    .constdata          nrf_log_backend_uart.o
    0x00002f74   0x00002f74   0x00000020   Data   RO         2523    .constdata          nrf_log_backend_uart.o
    0x00002f94   0x00002f94   0x0000000c   Data   RO         2659    .constdata          nrf_log_frontend.o
    0x00002fa0   0x00002fa0   0x00000081   Data   RO         3281    .constdata          mc_w.l(ctype_o.o)
    0x00003021   0x00003021   0x00000003   PAD
    0x00003024   0x00003024   0x00000004   Data   RO         3282    .constdata          mc_w.l(ctype_o.o)
    0x00003028   0x00003028   0x00000066   Data   RO         2820    .conststring        nrf_log_str_formatter.o
    0x0000308e   0x0000308e   0x00000002   PAD
    0x00003090   0x00003090   0x00000007   Data   RO          738    .conststrlit        nrfx_gpiote.o
    0x00003097   0x00003097   0x00000001   PAD
    0x00003098   0x00003098   0x00000004   Data   RO          974    .conststrlit        nrfx_prs.o
    0x0000309c   0x0000309c   0x00000005   Data   RO         1060    .conststrlit        nrfx_spim.o
    0x000030a1   0x000030a1   0x00000003   PAD
    0x000030a4   0x000030a4   0x00000005   Data   RO         1202    .conststrlit        nrfx_uart.o
    0x000030a9   0x000030a9   0x00000003   PAD
    0x000030ac   0x000030ac   0x00000006   Data   RO         1382    .conststrlit        nrfx_uarte.o
    0x000030b2   0x000030b2   0x00000002   PAD
    0x000030b4   0x000030b4   0x00000011   Data   RO         2594    .conststrlit        nrf_log_default_backends.o
    0x000030c5   0x000030c5   0x00000003   PAD
    0x000030c8   0x000030c8   0x00000004   Data   RO         2660    .conststrlit        nrf_log_frontend.o
    0x000030cc   0x000030cc   0x00000020   Data   RO         3340    Region$$Table       anon$$obj.o
    0x000030ec   0x000030ec   0x00000010   Data   RO         2596    log_backends        nrf_log_default_backends.o
    0x000030fc   0x000030fc   0x00000008   Data   RO          739    log_const_data      nrfx_gpiote.o
    0x00003104   0x00003104   0x00000008   Data   RO          976    log_const_data      nrfx_prs.o
    0x0000310c   0x0000310c   0x00000008   Data   RO         1061    log_const_data      nrfx_spim.o
    0x00003114   0x00003114   0x00000008   Data   RO         1203    log_const_data      nrfx_uart.o
    0x0000311c   0x0000311c   0x00000008   Data   RO         1383    log_const_data      nrfx_uarte.o
    0x00003124   0x00003124   0x00000008   Data   RO         2663    log_const_data      nrf_log_frontend.o
    0x0000312c   0x0000312c   0x00000014   Data   RO         2664    nrf_balloc          nrf_log_frontend.o


    Execution Region RW_IRAM1 (Exec base: 0x20000000, Load base: 0x00003140, Size: 0x00002860, Max: 0x00010000, ABSOLUTE)

    Exec Addr    Load Addr    Size         Type   Attr      Idx    E Section Name        Object

    0x20000000   0x00003140   0x00000010   Data   RW            7    .data               main.o
    0x20000010   0x00003150   0x0000000c   Data   RW          506    .data               nrf_drv_uart.o
    0x2000001c   0x0000315c   0x00000008   Data   RW          975    .data               nrfx_prs.o
    0x20000024   0x00003164   0x00000014   Data   RW         1793    .data               app_timer.o
    0x20000038   0x00003178   0x00000004   Data   RW         1944    .data               app_util_platform.o
    0x2000003c   0x0000317c   0x00000018   Data   RW         2524    .data               nrf_log_backend_uart.o
    0x20000054   0x00003194   0x00000008   Data   RW         2595    .data               nrf_log_default_backends.o
    0x2000005c   0x0000319c   0x00000008   Data   RW         2661    .data               nrf_log_frontend.o
    0x20000064   0x000031a4   0x00000008   Data   RW         2662    .data               nrf_log_frontend.o
    0x2000006c   0x000031ac   0x00000040   Data   RW         2821    .data               nrf_log_str_formatter.o
    0x200000ac   0x000031ec   0x00000004   Data   RW         3237    .data               system_nrf52.o
    0x200000b0        -       0x00000018   Zero   RW          470    .bss                nrf_drv_spi.o
    0x200000c8        -       0x0000005c   Zero   RW          733    .bss                nrfx_gpiote.o
    0x20000124        -       0x00000024   Zero   RW         1055    .bss                nrfx_spim.o
    0x20000148        -       0x0000002c   Zero   RW         1197    .bss                nrfx_uart.o
    0x20000174        -       0x00000024   Zero   RW         1377    .bss                nrfx_uarte.o
    0x20000198        -       0x0000010c   Zero   RW         1791    .bss                app_timer.o
    0x200002a4        -       0x00000040   Zero   RW         2521    .bss                nrf_log_backend_uart.o
    0x200002e4        -       0x000000c0   Zero   RW         2655    .bss                nrf_log_frontend.o
    0x200003a4        -       0x00000080   Zero   RW         2656    .bss                nrf_log_frontend.o
    0x20000424        -       0x00000018   Zero   RW         2657    .bss                nrf_log_frontend.o
    0x2000043c        -       0x00000424   Zero   RW         2658    .bss                nrf_log_frontend.o
    0x20000860        -       0x00002000   Zero   RW         3225    STACK               arm_startup_nrf52.o


==============================================================================

Image component sizes


      Code (inc. data)   RO Data    RW Data    ZI Data      Debug   Object Name

         0          0          0          0          0      29688   app_button.o
        22          0          0          0          0       2441   app_error.o
       132         46          0          0          0      27381   app_error_weak.o
      1066         76          6         20        268      42196   app_timer.o
        44         10          0          4          0       3300   app_util_platform.o
        36          8        512          0       8192        920   arm_startup_nrf52.o
       212         14          8          0          0       9120   boards.o
         0          0          0          0          0       1524   bsp.o
       372         92         40         16          0      68320   main.o
       294          0          0          0          0       7807   nrf_atomic.o
       152          0          0          0          0       3548   nrf_balloc.o
       168         18         16          0         24       6399   nrf_drv_spi.o
       200         26          0         12          0      17792   nrf_drv_uart.o
        50          0          0          0          0       3505   nrf_fprintf.o
       866          4         16          0          0       5474   nrf_fprintf_format.o
       200          0          0          0          0      11513   nrf_log_backend_serial.o
       232         44         44         24         64      20974   nrf_log_backend_uart.o
        28          4         33          8          0       3321   nrf_log_default_backends.o
      1600        120         44         16       1404      28999   nrf_log_frontend.o
       570        108        102         64          0       5616   nrf_log_str_formatter.o
       346          0          0          0          0       9511   nrf_memobj.o
        28          0          0          0          0       2351   nrf_ringbuf.o
       518         30         19          0         92      20983   nrfx_gpiote.o
       102         16         12          8          0       4416   nrfx_prs.o
       854         24         17          0         36      53169   nrfx_spim.o
      1288         40         17          0         44      28529   nrfx_uart.o
      1126         44         18          0         36      22587   nrfx_uarte.o
       796         70          0          4          0       2923   system_nrf52.o

    ----------------------------------------------------------------------
     11336        806        952        176      10160     444307   Object Totals
         0          0         32          0          0          0   (incl. Generated)
        34         12         16          0          0          0   (incl. Padding)

    ----------------------------------------------------------------------

      Code (inc. data)   RO Data    RW Data    ZI Data      Debug   Library Member Name

         8          4        133          0          0         68   ctype_o.o
         0          0          0          0          0          0   entry.o
         0          0          0          0          0          0   entry10a.o
         0          0          0          0          0          0   entry11a.o
         8          4          0          0          0          0   entry2.o
         4          0          0          0          0          0   entry5.o
         0          0          0          0          0          0   entry7b.o
         0          0          0          0          0          0   entry8b.o
         8          4          0          0          0          0   entry9a.o
        30          0          0          0          0          0   handlers.o
        36          8          0          0          0         68   init.o
        36          0          0          0          0         68   memcpya.o
        36          0          0          0          0        108   memseta.o
        14          0          0          0          0         68   strlen.o

    ----------------------------------------------------------------------
       184         20        136          0          0        380   Library Totals
         4          0          3          0          0          0   (incl. Padding)

    ----------------------------------------------------------------------

      Code (inc. data)   RO Data    RW Data    ZI Data      Debug   Library Name

       180         20        133          0          0        380   mc_w.l

    ----------------------------------------------------------------------
       184         20        136          0          0        380   Library Totals

    ----------------------------------------------------------------------

==============================================================================


      Code (inc. data)   RO Data    RW Data    ZI Data      Debug   

     11520        826       1088        176      10160     430839   Grand Totals
     11520        826       1088        176      10160     430839   ELF Image Totals
     11520        826       1088        176          0          0   ROM Totals

==============================================================================

    Total RO  Size (Code + RO Data)                12608 (  12.31kB)
    Total RW  Size (RW Data + ZI Data)             10336 (  10.09kB)
    Total ROM Size (Code + RO Data + RW Data)      12784 (  12.48kB)

==============================================================================

