Component: ARM Compiler 5.06 update 6 (build 750) Tool: armlink [4d35ed]

==============================================================================

Section Cross References

    cli.o(i.cli_init) refers to memmovea.o(.text) for __aeabi_memcpy4
    cli.o(i.cli_init) refers to nrf_cli.o(i.nrf_cli_init) for nrf_cli_init
    cli.o(i.cli_init) refers to app_error.o(i.app_error_handler_bare) for app_error_handler_bare
    cli.o(i.cli_init) refers to cli.o(.constdata) for .constdata
    cli.o(i.cli_process) refers to nrf_cli.o(i.nrf_cli_process) for nrf_cli_process
    cli.o(i.cli_process) refers to cli.o(.constdata) for .constdata
    cli.o(i.cli_start) refers to nrf_cli.o(i.nrf_cli_start) for nrf_cli_start
    cli.o(i.cli_start) refers to app_error.o(i.app_error_handler_bare) for app_error_handler_bare
    cli.o(i.cli_start) refers to cli.o(.constdata) for .constdata
    cli.o(i.cli_wrong_param_count_help) refers to nrf_cli.o(i.nrf_cli_fprintf) for nrf_cli_fprintf
    cli.o(i.delete_all_cmd) refers to cli.o(i.nrf_cli_help_requested) for nrf_cli_help_requested
    cli.o(i.delete_all_cmd) refers to nrf_cli.o(i.nrf_cli_help_print) for nrf_cli_help_print
    cli.o(i.delete_all_cmd) refers to cli.o(i.cli_wrong_param_count_help) for cli_wrong_param_count_help
    cli.o(i.delete_all_cmd) refers to main.o(i.delete_all_begin) for delete_all_begin
    cli.o(i.delete_cmd) refers to cli.o(i.nrf_cli_help_requested) for nrf_cli_help_requested
    cli.o(i.delete_cmd) refers to nrf_cli.o(i.nrf_cli_help_print) for nrf_cli_help_print
    cli.o(i.delete_cmd) refers to cli.o(i.cli_wrong_param_count_help) for cli_wrong_param_count_help
    cli.o(i.delete_cmd) refers to strtol.o(.text) for strtol
    cli.o(i.delete_cmd) refers to cli.o(i.record_delete) for record_delete
    cli.o(i.gc_cmd) refers to fds.o(i.fds_gc) for fds_gc
    cli.o(i.gc_cmd) refers to nrf_cli.o(i.nrf_cli_fprintf) for nrf_cli_fprintf
    cli.o(i.gc_cmd) refers to main.o(.data) for fds_err_str
    cli.o(i.print_all_cmd) refers to fds.o(i.fds_record_open) for fds_record_open
    cli.o(i.print_all_cmd) refers to nrf_cli.o(i.nrf_cli_fprintf) for nrf_cli_fprintf
    cli.o(i.print_all_cmd) refers to fds.o(i.fds_record_close) for fds_record_close
    cli.o(i.print_all_cmd) refers to app_error.o(i.app_error_handler_bare) for app_error_handler_bare
    cli.o(i.print_all_cmd) refers to fds.o(i.fds_record_iterate) for fds_record_iterate
    cli.o(i.print_all_cmd) refers to main.o(.data) for fds_err_str
    cli.o(i.print_cfg_cmd) refers to fds.o(i.fds_record_open) for fds_record_open
    cli.o(i.print_cfg_cmd) refers to nrf_cli.o(i.nrf_cli_fprintf) for nrf_cli_fprintf
    cli.o(i.print_cfg_cmd) refers to fds.o(i.fds_record_close) for fds_record_close
    cli.o(i.print_cfg_cmd) refers to app_error.o(i.app_error_handler_bare) for app_error_handler_bare
    cli.o(i.print_cfg_cmd) refers to fds.o(i.fds_record_find) for fds_record_find
    cli.o(i.print_cfg_cmd) refers to main.o(.data) for fds_err_str
    cli.o(i.print_cmd) refers to cli.o(i.nrf_cli_help_requested) for nrf_cli_help_requested
    cli.o(i.print_cmd) refers to nrf_cli.o(i.nrf_cli_help_print) for nrf_cli_help_print
    cli.o(i.print_cmd) refers to cli.o(i.cli_wrong_param_count_help) for cli_wrong_param_count_help
    cli.o(i.print_cmd) refers to nrf_cli.o(i.nrf_cli_fprintf) for nrf_cli_fprintf
    cli.o(i.record_delete) refers to nrf_cli.o(i.nrf_cli_fprintf) for nrf_cli_fprintf
    cli.o(i.record_delete) refers to fds.o(i.fds_record_find) for fds_record_find
    cli.o(i.record_delete) refers to fds.o(i.fds_record_delete) for fds_record_delete
    cli.o(i.record_delete) refers to main.o(.data) for fds_err_str
    cli.o(i.record_delete_next) refers to fds.o(i.fds_record_iterate) for fds_record_iterate
    cli.o(i.record_delete_next) refers to fds.o(i.fds_record_delete) for fds_record_delete
    cli.o(i.record_update) refers to fds.o(i.fds_record_find) for fds_record_find
    cli.o(i.record_update) refers to nrf_cli.o(i.nrf_cli_fprintf) for nrf_cli_fprintf
    cli.o(i.record_update) refers to fds.o(i.fds_record_update) for fds_record_update
    cli.o(i.record_update) refers to cli.o(.constdata) for .constdata
    cli.o(i.record_update) refers to main.o(.data) for fds_err_str
    cli.o(i.record_write) refers to nrf_cli.o(i.nrf_cli_fprintf) for nrf_cli_fprintf
    cli.o(i.record_write) refers to fds.o(i.fds_record_write) for fds_record_write
    cli.o(i.record_write) refers to cli.o(.conststring) for .conststring
    cli.o(i.record_write) refers to main.o(.data) for fds_err_str
    cli.o(i.stat_cmd) refers to cli.o(i.nrf_cli_help_requested) for nrf_cli_help_requested
    cli.o(i.stat_cmd) refers to nrf_cli.o(i.nrf_cli_help_print) for nrf_cli_help_print
    cli.o(i.stat_cmd) refers to memseta.o(.text) for __aeabi_memclr4
    cli.o(i.stat_cmd) refers to fds.o(i.fds_stat) for fds_stat
[...]
    nrf_memobj_write                         0x0002c083   Thumb Code    16  nrf_memobj.o(i.nrf_memobj_write)
    nrf_pwr_mgmt_feed                        0x0002c093   Thumb Code     2  nrf_pwr_mgmt.o(i.nrf_pwr_mgmt_feed)
    nrf_queue_generic_pop                    0x0002c095   Thumb Code   142  nrf_queue.o(i.nrf_queue_generic_pop)
    nrf_queue_is_empty                       0x0002c123   Thumb Code    18  nrf_queue.o(i.nrf_queue_is_empty)
    nrf_queue_is_full                        0x0002c135   Thumb Code    30  nrf_queue.o(i.nrf_queue_is_full)
    nrf_queue_max_utilization_get            0x0002c153   Thumb Code     6  nrf_queue.o(i.nrf_queue_max_utilization_get)
    nrf_queue_max_utilization_reset          0x0002c159   Thumb Code     8  nrf_queue.o(i.nrf_queue_max_utilization_reset)
    nrf_queue_push                           0x0002c16f   Thumb Code   178  nrf_queue.o(i.nrf_queue_push)
    nrf_queue_utilization_get                0x0002c301   Thumb Code    36  nrf_queue.o(i.nrf_queue_utilization_get)
    nrf_ringbuf_alloc                        0x0002c325   Thumb Code   112  nrf_ringbuf.o(i.nrf_ringbuf_alloc)
    nrf_ringbuf_cpy_get                      0x0002c395   Thumb Code   124  nrf_ringbuf.o(i.nrf_ringbuf_cpy_get)
    nrf_ringbuf_cpy_put                      0x0002c411   Thumb Code   114  nrf_ringbuf.o(i.nrf_ringbuf_cpy_put)
    nrf_ringbuf_free                         0x0002c483   Thumb Code    38  nrf_ringbuf.o(i.nrf_ringbuf_free)
    nrf_ringbuf_get                          0x0002c4a9   Thumb Code   112  nrf_ringbuf.o(i.nrf_ringbuf_get)
    nrf_ringbuf_init                         0x0002c519   Thumb Code    28  nrf_ringbuf.o(i.nrf_ringbuf_init)
    nrf_ringbuf_put                          0x0002c535   Thumb Code    48  nrf_ringbuf.o(i.nrf_ringbuf_put)
    nrf_sdh_ble_app_ram_start_get            0x0002c565   Thumb Code    16  nrf_sdh_ble.o(i.nrf_sdh_ble_app_ram_start_get)
    nrf_sdh_ble_default_cfg_set              0x0002c579   Thumb Code   248  nrf_sdh_ble.o(i.nrf_sdh_ble_default_cfg_set)
    nrf_sdh_ble_enable                       0x0002c691   Thumb Code   148  nrf_sdh_ble.o(i.nrf_sdh_ble_enable)
    nrf_sdh_disable_request                  0x0002c841   Thumb Code    80  nrf_sdh.o(i.nrf_sdh_disable_request)
    nrf_sdh_enable_request                   0x0002c895   Thumb Code   102  nrf_sdh.o(i.nrf_sdh_enable_request)
    nrf_sdh_evts_poll                        0x0002c909   Thumb Code    32  nrf_sdh.o(i.nrf_sdh_evts_poll)
    nrf_sdh_is_enabled                       0x0002c92d   Thumb Code     6  nrf_sdh.o(i.nrf_sdh_is_enabled)
    nrf_sdh_request_continue                 0x0002c939   Thumb Code    22  nrf_sdh.o(i.nrf_sdh_request_continue)
    nrf_section_iter_init                    0x0002c991   Thumb Code    10  nrf_section_iter.o(i.nrf_section_iter_init)
    nrf_section_iter_next                    0x0002c9bf   Thumb Code    32  nrf_section_iter.o(i.nrf_section_iter_next)
    nrf_strerror_find                        0x0002c9e1   Thumb Code    52  nrf_strerror.o(i.nrf_strerror_find)
    nrf_strerror_get                         0x0002ca19   Thumb Code    14  nrf_strerror.o(i.nrf_strerror_get)
    nrfx_prs_acquire                         0x0002ca85   Thumb Code    58  nrfx_prs.o(i.nrfx_prs_acquire)
    nrfx_prs_release                         0x0002cabf   Thumb Code    18  nrfx_prs.o(i.nrfx_prs_release)
    nrfx_uart_0_irq_handler                  0x0002cad1   Thumb Code     8  nrfx_uart.o(i.nrfx_uart_0_irq_handler)
    nrfx_uart_init                           0x0002cae1   Thumb Code   196  nrfx_uart.o(i.nrfx_uart_init)
    nrfx_uart_rx                             0x0002cbb1   Thumb Code   230  nrfx_uart.o(i.nrfx_uart_rx)
    nrfx_uart_rx_abort                       0x0002cc9d   Thumb Code    18  nrfx_uart.o(i.nrfx_uart_rx_abort)
    nrfx_uart_tx                             0x0002ccb1   Thumb Code   160  nrfx_uart.o(i.nrfx_uart_tx)
    nrfx_uart_tx_in_progress                 0x0002cd55   Thumb Code    26  nrfx_uart.o(i.nrfx_uart_tx_in_progress)
    nrfx_uart_uninit                         0x0002cd75   Thumb Code   170  nrfx_uart.o(i.nrfx_uart_uninit)
    nrfx_uarte_0_irq_handler                 0x0002ce29   Thumb Code     8  nrfx_uarte.o(i.nrfx_uarte_0_irq_handler)
    nrfx_uarte_init                          0x0002ce39   Thumb Code   100  nrfx_uarte.o(i.nrfx_uarte_init)
    nrfx_uarte_rx                            0x0002cea5   Thumb Code   256  nrfx_uarte.o(i.nrfx_uarte_rx)
    nrfx_uarte_rx_abort                      0x0002cfa9   Thumb Code    38  nrfx_uarte.o(i.nrfx_uarte_rx_abort)
    nrfx_uarte_tx                            0x0002cfd5   Thumb Code   138  nrfx_uarte.o(i.nrfx_uarte_tx)
    nrfx_uarte_tx_in_progress                0x0002d065   Thumb Code    22  nrfx_uarte.o(i.nrfx_uarte_tx_in_progress)
    nrfx_uarte_uninit                        0x0002d081   Thumb Code   166  nrfx_uarte.o(i.nrfx_uarte_uninit)
    record_delete_next                       0x0002da79   Thumb Code    44  cli.o(i.record_delete_next)
    nrf_cli_print_raw                        0x0002eddc   Data          16  cli.o(.constdata)
    nrf_cli_write_raw                        0x0002edec   Data          16  cli.o(.constdata)
    nrf_cli_update_raw                       0x0002edfc   Data          16  cli.o(.constdata)
    nrf_cli_delete_raw                       0x0002ee0c   Data          16  cli.o(.constdata)
    nrf_cli_delete_all_raw                   0x0002ee1c   Data          16  cli.o(.constdata)
    nrf_cli_gc_raw                           0x0002ee2c   Data          16  cli.o(.constdata)
    nrf_cli_stat_raw                         0x0002ee3c   Data          16  cli.o(.constdata)
    nrf_cli_balloc_raw                       0x0002eea8   Data          16  nrf_balloc.o(.constdata)
    nrf_log_backend_cli_api                  0x0002eeb8   Data          12  nrf_cli.o(.constdata)
    nrf_cli_clear_raw                        0x0002efdc   Data          16  nrf_cli.o(.constdata)
    nrf_cli_cli_raw                          0x0002efec   Data          16  nrf_cli.o(.constdata)
    nrf_cli_history_raw                      0x0002effc   Data          16  nrf_cli.o(.constdata)
    nrf_cli_resize_raw                       0x0002f00c   Data          16  nrf_cli.o(.constdata)
    nrf_cli_uart_transport_api               0x0002f068   Data          20  nrf_cli_uart.o(.constdata)
    nrf_fstorage_sd                          0x0002f0fc   Data          32  nrf_fstorage_sd.o(.constdata)
    nrf_cli_queue_raw                        0x0002f144   Data          16  nrf_queue.o(.constdata)
    nrf_log_backend_uart_api                 0x0002f290   Data          12  nrf_log_backend_uart.o(.constdata)
    nrf_cli_log_raw                          0x0002f424   Data          16  nrf_log_frontend.o(.constdata)
    m_ram_start                              0x0002f4ac   Data           4  nrf_sdh_ble.o(.constdata)
    __ctype_table                            0x0002f4d8   Data         129  ctype_o.o(.constdata)
    Region$$Table$$Base                      0x00030890   Number         0  anon$$obj.o(Region$$Table)
    Region$$Table$$Limit                     0x000308b0   Number         0  anon$$obj.o(Region$$Table)
    cli_command$$Base                        0x000308b0   Number         0  cli.o(cli_command)
    nrf_cli_print_const                      0x000308b0   Data           8  cli.o(cli_command)
    nrf_cli_write_const                      0x000308b8   Data           8  cli.o(cli_command)
    nrf_cli_update_const                     0x000308c0   Data           8  cli.o(cli_command)
    nrf_cli_delete_const                     0x000308c8   Data           8  cli.o(cli_command)
    nrf_cli_delete_all_const                 0x000308d0   Data           8  cli.o(cli_command)
    nrf_cli_gc_const                         0x000308d8   Data           8  cli.o(cli_command)
    nrf_cli_stat_const                       0x000308e0   Data           8  cli.o(cli_command)
    nrf_cli_balloc_const                     0x000308e8   Data           8  nrf_balloc.o(cli_command)
    nrf_cli_clear_const                      0x000308f0   Data           8  nrf_cli.o(cli_command)
    nrf_cli_cli_const                        0x000308f8   Data           8  nrf_cli.o(cli_command)
    nrf_cli_history_const                    0x00030900   Data           8  nrf_cli.o(cli_command)
    nrf_cli_resize_const                     0x00030908   Data           8  nrf_cli.o(cli_command)
    nrf_cli_queue_const                      0x00030910   Data           8  nrf_queue.o(cli_command)
    nrf_cli_log_const                        0x00030918   Data           8  nrf_log_frontend.o(cli_command)
    cli_command$$Limit                       0x00030920   Number         0  nrf_log_frontend.o(cli_command)
    log_backends$$Base                       0x00030920   Number         0  cli.o(log_backends)
    log_backends$$Limit                      0x00030940   Number         0  nrf_log_default_backends.o(log_backends)
    log_const_data$$Base                     0x00030940   Number         0  cli.o(log_const_data)
    m_nrf_log_queue_m_cli_uart_log_backend_queue_logs_data_const 0x00030940   Data           8  cli.o(log_const_data)
    m_nrf_log_balloc_m_cli_uart_cmd_hist_memobj_logs_data_const 0x00030948   Data           8  cli.o(log_const_data)
    m_nrf_log_PRS_logs_data_const            0x00030950   Data           8  nrfx_prs.o(log_const_data)
    m_nrf_log_UART_logs_data_const           0x00030958   Data           8  nrfx_uart.o(log_const_data)
    m_nrf_log_UARTE_logs_data_const          0x00030960   Data           8  nrfx_uarte.o(log_const_data)
    m_nrf_log_atfifo_m_queue_logs_data_const 0x00030968   Data           8  fds.o(log_const_data)
    m_nrf_log_cli_uart_logs_data_const       0x00030970   Data           8  nrf_cli_uart.o(log_const_data)
    m_nrf_log_nrf_fstorage_logs_data_const   0x00030978   Data           8  nrf_fstorage.o(log_const_data)
    m_nrf_log_atfifo_m_fifo_logs_data_const  0x00030980   Data           8  nrf_fstorage_sd.o(log_const_data)
    m_nrf_log_pwr_mgmt_logs_data_const       0x00030988   Data           8  nrf_pwr_mgmt.o(log_const_data)
    m_nrf_log_balloc_log_mempool_logs_data_const 0x00030990   Data           8  nrf_log_frontend.o(log_const_data)
    m_nrf_log_app_logs_data_const            0x00030998   Data           8  nrf_log_frontend.o(log_const_data)
    m_nrf_log_nrf_sdh_logs_data_const        0x000309a0   Data           8  nrf_sdh.o(log_const_data)
    m_nrf_log_nrf_sdh_ble_logs_data_const    0x000309a8   Data           8  nrf_sdh_ble.o(log_const_data)
    m_nrf_log_nrf_sdh_soc_logs_data_const    0x000309b0   Data           8  nrf_sdh_soc.o(log_const_data)
    log_const_data$$Limit                    0x000309b8   Number         0  nrf_sdh_soc.o(log_const_data)
    m_cli_uart_cmd_hist_memobj               0x000309b8   Data          28  cli.o(nrf_balloc)
    nrf_balloc$$Base                         0x000309b8   Number         0  cli.o(nrf_balloc)
    log_mempool                              0x000309d4   Data          28  nrf_log_frontend.o(nrf_balloc)
    m_cli_uart_log_backend_queue             0x000309f0   Data          28  cli.o(nrf_queue)
    nrf_balloc$$Limit                        0x000309f0   Number         0  nrf_log_frontend.o(nrf_balloc)
    nrf_queue$$Base                          0x000309f0   Number         0  cli.o(nrf_queue)
    m_req_obs                                0x00030a0c   Data           8  nrf_fstorage_sd.o(sdh_req_observers0)
    nrf_queue$$Limit                         0x00030a0c   Number         0  cli.o(nrf_queue)
    sdh_req_observers0$$Base                 0x00030a0c   Number         0  nrf_fstorage_sd.o(sdh_req_observers0)
    sdh_req_observers0$$Limit                0x00030a14   Number         0  nrf_fstorage_sd.o(sdh_req_observers0)
    sdh_soc_observers0$$Base                 0x00030a14   Number         0  nrf_fstorage_sd.o(sdh_soc_observers0)
    sdh_soc_observers0$$Limit                0x00030a1c   Number         0  nrf_fstorage_sd.o(sdh_soc_observers0)
    sdh_stack_observers0$$Base               0x00030a1c   Number         0  nrf_sdh_ble.o(sdh_stack_observers0)
    sdh_stack_observers0$$Limit              0x00030a2c   Number         0  nrf_sdh_soc.o(sdh_stack_observers0)
    sdh_state_observers0$$Base               0x00030a2c   Number         0  nrf_fstorage_sd.o(sdh_state_observers0)
    sdh_state_observers0$$Limit              0x00030a34   Number         0  nrf_fstorage_sd.o(sdh_state_observers0)
    Image$$RW_IRAM1$$Base                    0x20002218   Number         0  anon$$obj.o ABSOLUTE
    fds_err_str                              0x20002258   Data          64  main.o(.data)
    nrf_drv_uart_use_easy_dma                0x200022c8   Data           1  nrf_drv_uart.o(.data)
    m_uart                                   0x20002358   Data          20  nrf_log_backend_uart.o(.data)
    SystemCoreClock                          0x200023f0   Data           4  system_nrf52.o(.data)
    cli_sorted_cmd_ptrs$$Base                0x200023f8   Number         0  cli.o(cli_sorted_cmd_ptrs)
    print_str_ptr                            0x200023f8   Data           4  cli.o(cli_sorted_cmd_ptrs)
    write_str_ptr                            0x200023fc   Data           4  cli.o(cli_sorted_cmd_ptrs)
    update_str_ptr                           0x20002400   Data           4  cli.o(cli_sorted_cmd_ptrs)
    delete_str_ptr                           0x20002404   Data           4  cli.o(cli_sorted_cmd_ptrs)
    delete_all_str_ptr                       0x20002408   Data           4  cli.o(cli_sorted_cmd_ptrs)
    gc_str_ptr                               0x2000240c   Data           4  cli.o(cli_sorted_cmd_ptrs)
    stat_str_ptr                             0x20002410   Data           4  cli.o(cli_sorted_cmd_ptrs)
    balloc_str_ptr                           0x20002414   Data           4  nrf_balloc.o(cli_sorted_cmd_ptrs)
    clear_str_ptr                            0x20002418   Data           4  nrf_cli.o(cli_sorted_cmd_ptrs)
    cli_str_ptr                              0x2000241c   Data           4  nrf_cli.o(cli_sorted_cmd_ptrs)
    history_str_ptr                          0x20002420   Data           4  nrf_cli.o(cli_sorted_cmd_ptrs)
    resize_str_ptr                           0x20002424   Data           4  nrf_cli.o(cli_sorted_cmd_ptrs)
    queue_str_ptr                            0x20002428   Data           4  nrf_queue.o(cli_sorted_cmd_ptrs)
    log_str_ptr                              0x2000242c   Data           4  nrf_log_frontend.o(cli_sorted_cmd_ptrs)
    fs_data$$Base                            0x20002430   Number         0  fds.o(fs_data)
    m_fs                                     0x20002430   Data          20  fds.o(fs_data)
    fs_data$$Limit                           0x20002444   Number         0  fds.o(fs_data)
    log_dynamic_data$$Base                   0x20002444   Number         0  cli.o(log_dynamic_data)
    m_nrf_log_queue_m_cli_uart_log_backend_queue_logs_data_dynamic 0x20002444   Data           4  cli.o(log_dynamic_data)
    m_nrf_log_balloc_m_cli_uart_cmd_hist_memobj_logs_data_dynamic 0x20002448   Data           4  cli.o(log_dynamic_data)
    m_nrf_log_PRS_logs_data_dynamic          0x2000244c   Data           4  nrfx_prs.o(log_dynamic_data)
    m_nrf_log_UART_logs_data_dynamic         0x20002450   Data           4  nrfx_uart.o(log_dynamic_data)
    m_nrf_log_UARTE_logs_data_dynamic        0x20002454   Data           4  nrfx_uarte.o(log_dynamic_data)
    m_nrf_log_atfifo_m_queue_logs_data_dynamic 0x20002458   Data           4  fds.o(log_dynamic_data)
    m_nrf_log_cli_uart_logs_data_dynamic     0x2000245c   Data           4  nrf_cli_uart.o(log_dynamic_data)
    m_nrf_log_nrf_fstorage_logs_data_dynamic 0x20002460   Data           4  nrf_fstorage.o(log_dynamic_data)
    m_nrf_log_atfifo_m_fifo_logs_data_dynamic 0x20002464   Data           4  nrf_fstorage_sd.o(log_dynamic_data)
    m_nrf_log_pwr_mgmt_logs_data_dynamic     0x20002468   Data           4  nrf_pwr_mgmt.o(log_dynamic_data)
    m_nrf_log_balloc_log_mempool_logs_data_dynamic 0x2000246c   Data           4  nrf_log_frontend.o(log_dynamic_data)
    m_nrf_log_app_logs_data_dynamic          0x20002470   Data           4  nrf_log_frontend.o(log_dynamic_data)
    m_nrf_log_nrf_sdh_logs_data_dynamic      0x20002474   Data           4  nrf_sdh.o(log_dynamic_data)
    m_nrf_log_nrf_sdh_ble_logs_data_dynamic  0x20002478   Data           4  nrf_sdh_ble.o(log_dynamic_data)
    m_nrf_log_nrf_sdh_soc_logs_data_dynamic  0x2000247c   Data           4  nrf_sdh_soc.o(log_dynamic_data)
    log_filter_data$$Base                    0x20002480   Number         0  cli.o(log_filter_data)
    m_nrf_log_queue_m_cli_uart_log_backend_queue_logs_data_filter 0x20002480   Data           4  cli.o(log_filter_data)
    m_nrf_log_balloc_m_cli_uart_cmd_hist_memobj_logs_data_filter 0x20002484   Data           4  cli.o(log_filter_data)
    m_nrf_log_PRS_logs_data_filter           0x20002488   Data           4  nrfx_prs.o(log_filter_data)
    m_nrf_log_UART_logs_data_filter          0x2000248c   Data           4  nrfx_uart.o(log_filter_data)
    m_nrf_log_UARTE_logs_data_filter         0x20002490   Data           4  nrfx_uarte.o(log_filter_data)
    m_nrf_log_atfifo_m_queue_logs_data_filter 0x20002494   Data           4  fds.o(log_filter_data)
    m_nrf_log_cli_uart_logs_data_filter      0x20002498   Data           4  nrf_cli_uart.o(log_filter_data)
    m_nrf_log_nrf_fstorage_logs_data_filter  0x2000249c   Data           4  nrf_fstorage.o(log_filter_data)
    m_nrf_log_atfifo_m_fifo_logs_data_filter 0x200024a0   Data           4  nrf_fstorage_sd.o(log_filter_data)
    m_nrf_log_pwr_mgmt_logs_data_filter      0x200024a4   Data           4  nrf_pwr_mgmt.o(log_filter_data)
    m_nrf_log_balloc_log_mempool_logs_data_filter 0x200024a8   Data           4  nrf_log_frontend.o(log_filter_data)
    m_nrf_log_app_logs_data_filter           0x200024ac   Data           4  nrf_log_frontend.o(log_filter_data)
    m_nrf_log_nrf_sdh_logs_data_filter       0x200024b0   Data           4  nrf_sdh.o(log_filter_data)
    m_nrf_log_nrf_sdh_ble_logs_data_filter   0x200024b4   Data           4  nrf_sdh_ble.o(log_filter_data)
    m_nrf_log_nrf_sdh_soc_logs_data_filter   0x200024b8   Data           4  nrf_sdh_soc.o(log_filter_data)
    log_filter_data$$Limit                   0x200024bc   Number         0  nrf_sdh_soc.o(log_filter_data)
    nrf_nvic_state                           0x20002ae8   Data          12  app_util_platform.o(.bss)
    __initial_sp                             0x20007230   Data           0  arm_startup_nrf52.o(STACK)



==============================================================================

Memory Map of the image

  Image Entry point : 0x00026201

  Load Region LR_IROM1 (Base: 0x00026000, Size: 0x0000acd8, Max: 0x0005a000, ABSOLUTE, COMPRESSED[0x0000aaf4])

    Execution Region ER_IROM1 (Exec base: 0x00026000, Load base: 0x00026000, Size: 0x0000aa34, Max: 0x0005a000, ABSOLUTE)

    Exec Addr    Load Addr    Size         Type   Attr      Idx    E Section Name        Object

    0x00026000   0x00026000   0x00000200   Data   RO         4392    RESET               arm_startup_nrf52.o
    0x00026200   0x00026200   0x00000000   Code   RO         4433  * .ARM.Collect$$$$00000000  mc_w.l(entry.o)
    0x00026200   0x00026200   0x00000004   Code   RO         4490    .ARM.Collect$$$$00000001  mc_w.l(entry2.o)
    0x00026204   0x00026204   0x00000004   Code   RO         4493    .ARM.Collect$$$$00000004  mc_w.l(entry5.o)
    0x00026208   0x00026208   0x00000000   Code   RO         4495    .ARM.Collect$$$$00000008  mc_w.l(entry7b.o)
    0x00026208   0x00026208   0x00000000   Code   RO         4497    .ARM.Collect$$$$0000000A  mc_w.l(entry8b.o)
    0x00026208   0x00026208   0x00000008   Code   RO         4498    .ARM.Collect$$$$0000000B  mc_w.l(entry9a.o)
    0x00026210   0x00026210   0x00000000   Code   RO         4500    .ARM.Collect$$$$0000000D  mc_w.l(entry10a.o)
    0x00026210   0x00026210   0x00000000   Code   RO         4502    .ARM.Collect$$$$0000000F  mc_w.l(entry11a.o)
    0x00026210   0x00026210   0x00000004   Code   RO         4491    .ARM.Collect$$$$00002712  mc_w.l(entry2.o)
    0x00026214   0x00026214   0x000000c8   Code   RO         2138    .emb_text           nrf_atfifo.o
    0x000262dc   0x000262dc   0x000000e2   Code   RO         2208    .emb_text           nrf_atomic.o
    0x000263be   0x000263be   0x00000002   PAD
    0x000263c0   0x000263c0   0x00000024   Code   RO         4393    .text               arm_startup_nrf52.o
    0x000263e4   0x000263e4   0x00000008   Code   RO         4436    .text               mc_w.l(ctype_o.o)
    0x000263ec   0x000263ec   0x0000009c   Code   RO         4466    .text               mc_w.l(qsort.o)
    0x00026488   0x00026488   0x00000040   Code   RO         4470    .text               mc_w.l(memmovea.o)
    0x000264c8   0x000264c8   0x00000024   Code   RO         4472    .text               mc_w.l(memseta.o)
    0x000264ec   0x000264ec   0x0000000e   Code   RO         4476    .text               mc_w.l(strlen.o)
    0x000264fa   0x000264fa   0x0000001c   Code   RO         4478    .text               mc_w.l(strcmp.o)
    0x00026516   0x00026516   0x00000012   Code   RO         4480    .text               mc_w.l(strcpy.o)
    0x00026528   0x00026528   0x0000001e   Code   RO         4482    .text               mc_w.l(strncmp.o)
    0x00026546   0x00026546   0x00000070   Code   RO         4488    .text               mc_w.l(strtol.o)
    0x000265b6   0x000265b6   0x0000009e   Code   RO         4511    .text               mc_w.l(_strtoul.o)
    0x00026654   0x00026654   0x00000024   Code   RO         4513    .text               mc_w.l(init.o)
    0x00026678   0x00026678   0x0000001c   Code   RO         4515    .text               mc_w.l(_chval.o)
    0x00026694   0x00026694   0x00000056   Code   RO         4525    .text               mc_w.l(__dczerorl2.o)
    0x000266ea   0x000266ea   0x00000016   Code   RO         1467    i.NVIC_ClearPendingIRQ  app_timer.o
    0x00026700   0x00026700   0x00000016   Code   RO         1468    i.NVIC_EnableIRQ    app_timer.o
    0x00026716   0x00026716   0x00000016   Code   RO         1469    i.NVIC_SetPendingIRQ  app_timer.o
    0x0002672c   0x0002672c   0x00000020   Code   RO         1470    i.NVIC_SetPriority  app_timer.o
    0x0002674c   0x0002674c   0x00000024   Code   RO         1471    i.RTC1_IRQHandler   app_timer.o
    0x00026770   0x00026770   0x00000004   Code   RO         1472    i.SWI0_EGU0_IRQHandler  app_timer.o
    0x00026774   0x00026774   0x00000004   Code   RO         4165    i.SWI2_EGU2_IRQHandler  nrf_sdh.o
    0x00026778   0x00026778   0x0000031c   Code   RO         4401    i.SystemInit        system_nrf52.o
    0x00026a94   0x00026a94   0x0000000c   Code   RO          866    i.UARTE0_UART0_IRQHandler  nrfx_prs.o
    0x00026aa0   0x00026aa0   0x00000008   Code   RO         4504    i.__aeabi_errno_addr  mc_w.l(errno.o)
    0x00026aa8   0x00026aa8   0x0000000e   Code   RO         4519    i.__scatterload_copy  mc_w.l(handlers.o)
    0x00026ab6   0x00026ab6   0x00000002   Code   RO         4520    i.__scatterload_null  mc_w.l(handlers.o)
    0x00026ab8   0x00026ab8   0x0000000e   Code   RO         4521    i.__scatterload_zeroinit  mc_w.l(handlers.o)
    0x00026ac6   0x00026ac6   0x00000002   PAD
    0x00026ac8   0x00026ac8   0x00000024   Code   RO         4166    i.__sd_nvic_app_accessible_irq  nrf_sdh.o
    0x00026aec   0x00026aec   0x0000000c   Code   RO         3031    i.addr_is_aligned32  nrf_fstorage.o
    0x00026af8   0x00026af8   0x00000018   Code   RO         3032    i.addr_is_within_bounds  nrf_fstorage.o
    0x00026b10   0x00026b10   0x00000094   Code   RO         1353    i.app_error_fault_handler  app_error_weak.o
    0x00026ba4   0x00026ba4   0x00000016   Code   RO         1283    i.app_error_handler_bare  app_error.o
    0x00026bba   0x00026bba   0x00000002   PAD
    0x00026bbc   0x00026bbc   0x00000028   Code   RO         1475    i.app_timer_create  app_timer.o
    0x00026be4   0x00026be4   0x00000054   Code   RO         1476    i.app_timer_init    app_timer.o
    0x00026c38   0x00026c38   0x00000088   Code   RO         1479    i.app_timer_start   app_timer.o
    0x00026cc0   0x00026cc0   0x00000020   Code   RO         1480    i.app_timer_stop    app_timer.o
    0x00026ce0   0x00026ce0   0x00000048   Code   RO         1656    i.app_util_critical_region_enter  app_util_platform.o
    0x00026d28   0x00026d28   0x00000034   Code   RO         1657    i.app_util_critical_region_exit  app_util_platform.o
    0x00026d5c   0x00026d5c   0x00000088   Code   RO          937    i.apply_config      nrfx_uart.o
    0x00026de4   0x00026de4   0x00000088   Code   RO         1130    i.apply_config      nrfx_uarte.o
    0x00026e6c   0x00026e6c   0x00000048   Code   RO         3786    i.backend_name_get  nrf_log_frontend.o
    0x00026eb4   0x00026eb4   0x00000090   Code   RO         3787    i.buf_prealloc      nrf_log_frontend.o
    0x00026f44   0x00026f44   0x0000002e   Code   RO         2991    i.buffer_add        nrf_fprintf_format.o
    0x00026f72   0x00026f72   0x00000002   PAD
    0x00026f74   0x00026f74   0x00000014   Code   RO         3788    i.buffer_is_empty   nrf_log_frontend.o
    0x00026f88   0x00026f88   0x000000b8   Code   RO         2409    i.char_backspace    nrf_cli.o
    0x00027040   0x00027040   0x00000094   Code   RO         2410    i.char_delete       nrf_cli.o
    0x000270d4   0x000270d4   0x00000140   Code   RO         2411    i.char_insert       nrf_cli.o
    0x00027214   0x00027214   0x00000014   Code   RO         2412    i.cli_clear_eos     nrf_cli.o
    0x00027228   0x00027228   0x00000014   Code   RO         2413    i.cli_cursor_restore  nrf_cli.o
    0x0002723c   0x0002723c   0x00000014   Code   RO         2414    i.cli_cursor_save   nrf_cli.o
    0x00027250   0x00027250   0x000001d0   Code   RO         2415    i.cli_execute       nrf_cli.o
    0x00027420   0x00027420   0x0000000c   Code   RO         2416    i.cli_flag_echo_is_set  nrf_cli.o
    0x0002742c   0x0002742c   0x00000040   Code   RO            4    i.cli_init          cli.o
    0x0002746c   0x0002746c   0x0000016c   Code   RO         2417    i.cli_log_entry_process  nrf_cli.o
    0x000275d8   0x000275d8   0x0000000c   Code   RO            5    i.cli_process       cli.o
    0x000275e4   0x000275e4   0x0000000e   Code   RO         2418    i.cli_read          nrf_cli.o
    0x000275f2   0x000275f2   0x00000002   PAD
    0x000275f4   0x000275f4   0x0000001c   Code   RO            6    i.cli_start         cli.o
    0x00027610   0x00027610   0x00000274   Code   RO         2419    i.cli_state_collect  nrf_cli.o
    0x00027884   0x00027884   0x00000028   Code   RO         2420    i.cli_state_set     nrf_cli.o
    0x000278ac   0x000278ac   0x0000000a   Code   RO         2421    i.cli_strlen        nrf_cli.o
    0x000278b6   0x000278b6   0x00000002   PAD
    0x000278b8   0x000278b8   0x00000318   Code   RO         2422    i.cli_tab_handle    nrf_cli.o
    0x00027bd0   0x00027bd0   0x00000014   Code   RO         2423    i.cli_transport_evt_handler  nrf_cli.o
    0x00027be4   0x00027be4   0x0000006c   Code   RO         2857    i.cli_uart_enable   nrf_cli_uart.o
    0x00027c50   0x00027c50   0x0000004c   Code   RO         2858    i.cli_uart_init     nrf_cli_uart.o
    0x00027c9c   0x00027c9c   0x0000000a   Code   RO         2859    i.cli_uart_read     nrf_cli_uart.o
    0x00027ca6   0x00027ca6   0x00000016   Code   RO         2860    i.cli_uart_uninit   nrf_cli_uart.o
    0x00027cbc   0x00027cbc   0x00000068   Code   RO         2861    i.cli_uart_write    nrf_cli_uart.o
    0x00027d24   0x00027d24   0x00000058   Code   RO         2424    i.cli_write         nrf_cli.o
    0x00027d7c   0x00027d7c   0x00000044   Code   RO            7    i.cli_wrong_param_count_help  cli.o
    0x00027dc0   0x00027dc0   0x00000088   Code   RO         2425    i.cmd_get           nrf_cli.o
    0x00027e48   0x00027e48   0x0000009a   Code   RO         2426    i.cmd_trim          nrf_cli.o
    0x00027ee2   0x00027ee2   0x00000002   PAD
    0x00027ee4   0x00027ee4   0x000000ac   Code   RO         1482    i.compare_reg_update  app_timer.o
    0x00027f90   0x00027f90   0x00000094   Code   RO         2427    i.completion_insert  nrf_cli.o
    0x00028024   0x00028024   0x00000036   Code   RO         1724    i.crc16_compute     crc16.o
    0x0002805a   0x0002805a   0x00000002   PAD
    0x0002805c   0x0002805c   0x00000018   Code   RO         2428    i.cursor_down_move  nrf_cli.o
    0x00028074   0x00028074   0x00000052   Code   RO         2429    i.cursor_end_position_move  nrf_cli.o
    0x000280c6   0x000280c6   0x00000054   Code   RO         2430    i.cursor_home_position_move  nrf_cli.o
    0x0002811a   0x0002811a   0x00000026   Code   RO         2431    i.cursor_in_empty_line  nrf_cli.o
    0x00028140   0x00028140   0x00000018   Code   RO         2432    i.cursor_left_move  nrf_cli.o
    0x00028158   0x00028158   0x0000000c   Code   RO         2433    i.cursor_next_line_move  nrf_cli.o
    0x00028164   0x00028164   0x00000124   Code   RO         2434    i.cursor_position_get  nrf_cli.o
    0x00028288   0x00028288   0x0000006a   Code   RO         2435    i.cursor_position_synchronize  nrf_cli.o
    0x000282f2   0x000282f2   0x00000002   PAD
    0x000282f4   0x000282f4   0x00000018   Code   RO         2436    i.cursor_right_move  nrf_cli.o
    0x0002830c   0x0002830c   0x00000018   Code   RO         2437    i.cursor_up_move    nrf_cli.o
    0x00028324   0x00028324   0x0000000c   Code   RO          415    i.delete_all_begin  main.o
    0x00028330   0x00028330   0x00000040   Code   RO            8    i.delete_all_cmd    cli.o
    0x00028370   0x00028370   0x0000009c   Code   RO          416    i.delete_all_process  main.o
    0x0002840c   0x0002840c   0x00000058   Code   RO            9    i.delete_cmd        cli.o
    0x00028464   0x00028464   0x00000080   Code   RO         1751    i.delete_execute    fds.o
    0x000284e4   0x000284e4   0x00000014   Code   RO         3789    i.dropped_sat16_get  nrf_log_frontend.o
    0x000284f8   0x000284f8   0x00000040   Code   RO         1483    i.elapsed_ticks_acquire  app_timer.o
    0x00028538   0x00028538   0x0000004c   Code   RO         3116    i.erase             nrf_fstorage_sd.o
    0x00028584   0x00028584   0x00000074   Code   RO         1752    i.event_prepare     fds.o
    0x000285f8   0x000285f8   0x00000020   Code   RO         1753    i.event_send        fds.o
    0x00028618   0x00028618   0x00000054   Code   RO         3117    i.event_send        nrf_fstorage_sd.o
    0x0002866c   0x0002866c   0x00000130   Code   RO          417    i.fds_evt_handler   main.o
    0x0002879c   0x0002879c   0x0000003c   Code   RO         1756    i.fds_gc            fds.o
    0x000287d8   0x000287d8   0x000000e0   Code   RO         1757    i.fds_init          fds.o
    0x000288b8   0x000288b8   0x00000040   Code   RO         1758    i.fds_record_close  fds.o
    0x000288f8   0x000288f8   0x00000040   Code   RO         1759    i.fds_record_delete  fds.o
    0x00028938   0x00028938   0x0000000e   Code   RO         1760    i.fds_record_find   fds.o
    0x00028946   0x00028946   0x0000000c   Code   RO         1764    i.fds_record_iterate  fds.o
    0x00028952   0x00028952   0x00000002   PAD
    0x00028954   0x00028954   0x00000078   Code   RO         1765    i.fds_record_open   fds.o
    0x000289cc   0x000289cc   0x0000000e   Code   RO         1766    i.fds_record_update  fds.o
    0x000289da   0x000289da   0x00000008   Code   RO         1767    i.fds_record_write  fds.o
    0x000289e2   0x000289e2   0x00000002   PAD
    0x000289e4   0x000289e4   0x0000002c   Code   RO         1769    i.fds_register      fds.o
    0x00028a10   0x00028a10   0x0000009c   Code   RO         1772    i.fds_stat          fds.o
    0x00028aac   0x00028aac   0x000000f2   Code   RO         2438    i.format_offset_string_print  nrf_cli.o
    0x00028b9e   0x00028b9e   0x00000006   Code   RO         1773    i.fs_event_handler  fds.o
    0x00028ba4   0x00028ba4   0x00000026   Code   RO         2439    i.full_line_cmd     nrf_cli.o
    0x00028bca   0x00028bca   0x00000002   PAD
    0x00028bcc   0x00028bcc   0x00000050   Code   RO           10    i.gc_cmd            cli.o
    0x00028c1c   0x00028c1c   0x0000007c   Code   RO         1774    i.gc_execute        fds.o
    0x00028c98   0x00028c98   0x0000004c   Code   RO         1775    i.gc_next_page      fds.o
    0x00028ce4   0x00028ce4   0x00000040   Code   RO         1776    i.gc_page_erase     fds.o
    0x00028d24   0x00028d24   0x00000034   Code   RO         1777    i.gc_record_copy    fds.o
    0x00028d58   0x00028d58   0x00000024   Code   RO         1778    i.gc_record_find_next  fds.o
    0x00028d7c   0x00028d7c   0x00000088   Code   RO         1779    i.gc_state_advance  fds.o
    0x00028e04   0x00028e04   0x00000026   Code   RO         1780    i.header_check      fds.o
    0x00028e2a   0x00028e2a   0x00000012   Code   RO         1781    i.header_has_next   fds.o
    0x00028e3c   0x00028e3c   0x00000144   Code   RO         2440    i.history_handle    nrf_cli.o
    0x00028f80   0x00028f80   0x00000078   Code   RO         2441    i.history_list_element_add  nrf_cli.o
    0x00028ff8   0x00028ff8   0x00000068   Code   RO         2442    i.history_list_element_oldest_remove  nrf_cli.o
    0x00029060   0x00029060   0x00000086   Code   RO         2443    i.history_save      nrf_cli.o
    0x000290e6   0x000290e6   0x00000002   PAD
    0x000290e8   0x000290e8   0x00000034   Code   RO         3118    i.init              nrf_fstorage_sd.o
    0x0002911c   0x0002911c   0x000000c8   Code   RO         1782    i.init_execute      fds.o
    0x000291e4   0x000291e4   0x000000a6   Code   RO         2992    i.int_print         nrf_fprintf_format.o
    0x0002928a   0x0002928a   0x00000002   PAD
    0x0002928c   0x0002928c   0x0000007c   Code   RO         1131    i.interrupts_enable  nrfx_uarte.o
    0x00029308   0x00029308   0x00000034   Code   RO         3790    i.invalid_packets_omit  nrf_log_frontend.o
    0x0002933c   0x0002933c   0x00000010   Code   RO         3119    i.is_busy           nrf_fstorage_sd.o
    0x0002934c   0x0002934c   0x00000010   Code   RO         2444    i.is_completion_candidate  nrf_cli.o
    0x0002935c   0x0002935c   0x0000000c   Code   RO         1783    i.is_word_aligned   fds.o
    0x00029368   0x00029368   0x000000f8   Code   RO         1484    i.list_insertions_handler  app_timer.o
    0x00029460   0x00029460   0x0000000c   Code   RO         3791    i.log_backend_ctrl  nrf_log_frontend.o
    0x0002946c   0x0002946c   0x0000000c   Code   RO         3792    i.log_backend_go    nrf_log_frontend.o
    0x00029478   0x00029478   0x0000000c   Code   RO         3793    i.log_backend_halt  nrf_log_frontend.o
    0x00029484   0x00029484   0x0000000c   Code   RO         3794    i.log_backend_status  nrf_log_frontend.o
    0x00029490   0x00029490   0x0000005c   Code   RO         3795    i.log_cmd           nrf_log_frontend.o
    0x000294ec   0x000294ec   0x000000c8   Code   RO         3796    i.log_cmd_backends_list  nrf_log_frontend.o
    0x000295b4   0x000295b4   0x00000070   Code   RO         3797    i.log_config_load_cmd  nrf_log_frontend.o
    0x00029624   0x00029624   0x00000074   Code   RO         3798    i.log_config_store_cmd  nrf_log_frontend.o
    0x00029698   0x00029698   0x000001cc   Code   RO         3799    i.log_ctrl          nrf_log_frontend.o
    0x00029864   0x00029864   0x00000008   Code   RO         3800    i.log_go            nrf_log_frontend.o
    0x0002986c   0x0002986c   0x00000008   Code   RO         3801    i.log_halt          nrf_log_frontend.o
    0x00029874   0x00029874   0x00000010   Code   RO         3802    i.log_self_ctrl     nrf_log_frontend.o
    0x00029884   0x00029884   0x0000000a   Code   RO         3803    i.log_self_go       nrf_log_frontend.o
    0x0002988e   0x0002988e   0x0000000a   Code   RO         3804    i.log_self_halt     nrf_log_frontend.o
    0x00029898   0x00029898   0x00000010   Code   RO         3805    i.log_self_status   nrf_log_frontend.o
    0x000298a8   0x000298a8   0x0000009c   Code   RO         3806    i.log_skip          nrf_log_frontend.o
    0x00029944   0x00029944   0x00000140   Code   RO         3807    i.log_status        nrf_log_frontend.o
    0x00029a84   0x00029a84   0x000003fc   Code   RO          418    i.main              main.o
    0x00029e80   0x00029e80   0x0000015a   Code   RO         2445    i.make_argv         nrf_cli.o
    0x00029fda   0x00029fda   0x0000007e   Code   RO         3238    i.memobj_op         nrf_memobj.o
    0x0002a058   0x0002a058   0x00000026   Code   RO         3808    i.module_id_filter_set  nrf_log_frontend.o
    0x0002a07e   0x0002a07e   0x00000002   PAD
    0x0002a080   0x0002a080   0x00000030   Code   RO         3809    i.module_idx_get    nrf_log_frontend.o
    0x0002a0b0   0x0002a0b0   0x0000001c   Code   RO         3810    i.module_name_get   nrf_log_frontend.o
    0x0002a0cc   0x0002a0cc   0x00000050   Code   RO         2446    i.multiline_console_data_check  nrf_cli.o
    0x0002a11c   0x0002a11c   0x00000010   Code   RO         2140    i.nrf_atfifo_clear  nrf_atfifo.o
    0x0002a12c   0x0002a12c   0x00000026   Code   RO         2142    i.nrf_atfifo_init   nrf_atfifo.o
    0x0002a152   0x0002a152   0x00000016   Code   RO         2143    i.nrf_atfifo_item_alloc  nrf_atfifo.o
    0x0002a168   0x0002a168   0x00000016   Code   RO         2144    i.nrf_atfifo_item_free  nrf_atfifo.o
    0x0002a17e   0x0002a17e   0x00000016   Code   RO         2145    i.nrf_atfifo_item_get  nrf_atfifo.o
    0x0002a194   0x0002a194   0x00000016   Code   RO         2146    i.nrf_atfifo_item_put  nrf_atfifo.o
    0x0002a1aa   0x0002a1aa   0x00000006   Code   RO         2209    i.nrf_atomic_flag_clear  nrf_atomic.o
    0x0002a1b0   0x0002a1b0   0x00000006   Code   RO         2210    i.nrf_atomic_flag_clear_fetch  nrf_atomic.o
    0x0002a1b6   0x0002a1b6   0x00000006   Code   RO         2211    i.nrf_atomic_flag_set  nrf_atomic.o
    0x0002a1bc   0x0002a1bc   0x00000006   Code   RO         2212    i.nrf_atomic_flag_set_fetch  nrf_atomic.o
    0x0002a1c2   0x0002a1c2   0x0000000c   Code   RO         2213    i.nrf_atomic_u32_add  nrf_atomic.o
    0x0002a1ce   0x0002a1ce   0x0000000c   Code   RO         2214    i.nrf_atomic_u32_and  nrf_atomic.o
    0x0002a1da   0x0002a1da   0x0000000a   Code   RO         2216    i.nrf_atomic_u32_fetch_add  nrf_atomic.o
    0x0002a1e4   0x0002a1e4   0x0000000a   Code   RO         2217    i.nrf_atomic_u32_fetch_and  nrf_atomic.o
    0x0002a1ee   0x0002a1ee   0x0000000a   Code   RO         2218    i.nrf_atomic_u32_fetch_or  nrf_atomic.o
    0x0002a1f8   0x0002a1f8   0x0000000a   Code   RO         2219    i.nrf_atomic_u32_fetch_store  nrf_atomic.o
    0x0002a202   0x0002a202   0x0000000c   Code   RO         2223    i.nrf_atomic_u32_or  nrf_atomic.o
    0x0002a20e   0x0002a20e   0x0000000c   Code   RO         2225    i.nrf_atomic_u32_sub  nrf_atomic.o
    0x0002a21a   0x0002a21a   0x00000044   Code   RO         2344    i.nrf_balloc_alloc  nrf_balloc.o
    0x0002a25e   0x0002a25e   0x00000030   Code   RO         2345    i.nrf_balloc_free   nrf_balloc.o
    0x0002a28e   0x0002a28e   0x00000030   Code   RO         2346    i.nrf_balloc_init   nrf_balloc.o
    0x0002a2be   0x0002a2be   0x00000002   PAD
    0x0002a2c0   0x0002a2c0   0x000000c8   Code   RO         2347    i.nrf_balloc_status  nrf_balloc.o
    0x0002a388   0x0002a388   0x0000007c   Code   RO         3811    i.nrf_cli_backend_cmd_execute  nrf_log_frontend.o
    0x0002a404   0x0002a404   0x0000004c   Code   RO         2447    i.nrf_cli_build_in_cmd_common_executed  nrf_cli.o
    0x0002a450   0x0002a450   0x00000044   Code   RO         2448    i.nrf_cli_cmd_clear  nrf_cli.o
    0x0002a494   0x0002a494   0x00000044   Code   RO         2449    i.nrf_cli_cmd_cli   nrf_cli.o
    0x0002a4d8   0x0002a4d8   0x0000006c   Code   RO         2450    i.nrf_cli_cmd_cli_stats  nrf_cli.o
    0x0002a544   0x0002a544   0x00000030   Code   RO         2451    i.nrf_cli_cmd_cli_stats_reset  nrf_cli.o
    0x0002a574   0x0002a574   0x00000088   Code   RO         2452    i.nrf_cli_cmd_cli_stats_show  nrf_cli.o
    0x0002a5fc   0x0002a5fc   0x00000068   Code   RO         2453    i.nrf_cli_cmd_colors  nrf_cli.o
    0x0002a664   0x0002a664   0x0000002a   Code   RO         2454    i.nrf_cli_cmd_colors_off  nrf_cli.o
    0x0002a68e   0x0002a68e   0x0000002a   Code   RO         2455    i.nrf_cli_cmd_colors_on  nrf_cli.o
    0x0002a6b8   0x0002a6b8   0x00000098   Code   RO         2456    i.nrf_cli_cmd_echo  nrf_cli.o
    0x0002a750   0x0002a750   0x0000002a   Code   RO         2457    i.nrf_cli_cmd_echo_off  nrf_cli.o
    0x0002a77a   0x0002a77a   0x0000002a   Code   RO         2458    i.nrf_cli_cmd_echo_on  nrf_cli.o
    0x0002a7a4   0x0002a7a4   0x00000078   Code   RO         2459    i.nrf_cli_cmd_history  nrf_cli.o
    0x0002a81c   0x0002a81c   0x000000c4   Code   RO         2460    i.nrf_cli_cmd_resize  nrf_cli.o
    0x0002a8e0   0x0002a8e0   0x0000003c   Code   RO         2461    i.nrf_cli_cmd_resize_default  nrf_cli.o
    0x0002a91c   0x0002a91c   0x00000050   Code   RO         2462    i.nrf_cli_fprintf   nrf_cli.o
    0x0002a96c   0x0002a96c   0x0000027c   Code   RO         2463    i.nrf_cli_help_print  nrf_cli.o
    0x0002abe8   0x0002abe8   0x0000000c   Code   RO           11    i.nrf_cli_help_requested  cli.o
    0x0002abf4   0x0002abf4   0x0000000c   Code   RO         3812    i.nrf_cli_help_requested  nrf_log_frontend.o
    0x0002ac00   0x0002ac00   0x00000032   Code   RO         2464    i.nrf_cli_init      nrf_cli.o
    0x0002ac32   0x0002ac32   0x00000002   PAD
    0x0002ac34   0x0002ac34   0x000000c0   Code   RO         2465    i.nrf_cli_instance_init  nrf_cli.o
    0x0002acf4   0x0002acf4   0x00000006   Code   RO         2467    i.nrf_cli_print_stream  nrf_cli.o
    0x0002acfa   0x0002acfa   0x00000002   PAD
    0x0002acfc   0x0002acfc   0x00000074   Code   RO         2468    i.nrf_cli_process   nrf_cli.o
    0x0002ad70   0x0002ad70   0x00000048   Code   RO         2469    i.nrf_cli_start     nrf_cli.o
    0x0002adb8   0x0002adb8   0x00000068   Code   RO          675    i.nrf_drv_uart_init  nrf_drv_uart.o
    0x0002ae20   0x0002ae20   0x00000020   Code   RO         2862    i.nrf_drv_uart_tx   nrf_cli_uart.o
    0x0002ae40   0x0002ae40   0x00000018   Code   RO         2863    i.nrf_drv_uart_uninit  nrf_cli_uart.o
    0x0002ae58   0x0002ae58   0x0000001a   Code   RO         2961    i.nrf_fprintf       nrf_fprintf.o
    0x0002ae72   0x0002ae72   0x00000018   Code   RO         2962    i.nrf_fprintf_buffer_flush  nrf_fprintf.o
    0x0002ae8a   0x0002ae8a   0x000001da   Code   RO         2993    i.nrf_fprintf_fmt   nrf_fprintf_format.o
    0x0002b064   0x0002b064   0x00000150   Code   RO         3033    i.nrf_fstorage_erase  nrf_fstorage.o
    0x0002b1b4   0x0002b1b4   0x000000a0   Code   RO         3034    i.nrf_fstorage_init  nrf_fstorage.o
    0x0002b254   0x0002b254   0x00000018   Code   RO         3120    i.nrf_fstorage_sdh_req_handler  nrf_fstorage_sd.o
    0x0002b26c   0x0002b26c   0x00000020   Code   RO         3121    i.nrf_fstorage_sdh_state_handler  nrf_fstorage_sd.o
    0x0002b28c   0x0002b28c   0x000000a4   Code   RO         3122    i.nrf_fstorage_sys_evt_handler  nrf_fstorage_sd.o
    0x0002b330   0x0002b330   0x00000200   Code   RO         3040    i.nrf_fstorage_write  nrf_fstorage.o
    0x0002b530   0x0002b530   0x00000024   Code   RO          938    i.nrf_gpio_cfg      nrfx_uart.o
    0x0002b554   0x0002b554   0x00000024   Code   RO         1132    i.nrf_gpio_cfg      nrfx_uarte.o
    0x0002b578   0x0002b578   0x00000012   Code   RO          939    i.nrf_gpio_cfg_default  nrfx_uart.o
    0x0002b58a   0x0002b58a   0x00000012   Code   RO         1133    i.nrf_gpio_cfg_default  nrfx_uarte.o
    0x0002b59c   0x0002b59c   0x00000012   Code   RO          940    i.nrf_gpio_cfg_input  nrfx_uart.o
    0x0002b5ae   0x0002b5ae   0x00000012   Code   RO         1134    i.nrf_gpio_cfg_input  nrfx_uarte.o
    0x0002b5c0   0x0002b5c0   0x00000014   Code   RO          941    i.nrf_gpio_cfg_output  nrfx_uart.o
    0x0002b5d4   0x0002b5d4   0x00000014   Code   RO         1135    i.nrf_gpio_cfg_output  nrfx_uarte.o
    0x0002b5e8   0x0002b5e8   0x00000090   Code   RO         3813    i.nrf_log_backend_add  nrf_log_frontend.o
    0x0002b678   0x0002b678   0x0000001e   Code   RO         2473    i.nrf_log_backend_cli_flush  nrf_cli.o
    0x0002b696   0x0002b696   0x0000001e   Code   RO         2474    i.nrf_log_backend_cli_panic_set  nrf_cli.o
    0x0002b6b4   0x0002b6b4   0x00000052   Code   RO         2475    i.nrf_log_backend_cli_put  nrf_cli.o
    0x0002b706   0x0002b706   0x000000c8   Code   RO         3643    i.nrf_log_backend_serial_put  nrf_log_backend_serial.o
    0x0002b7ce   0x0002b7ce   0x00000002   Code   RO         3680    i.nrf_log_backend_uart_flush  nrf_log_backend_uart.o
    0x0002b7d0   0x0002b7d0   0x0000002c   Code   RO         3682    i.nrf_log_backend_uart_panic_set  nrf_log_backend_uart.o
    0x0002b7fc   0x0002b7fc   0x00000018   Code   RO         3683    i.nrf_log_backend_uart_put  nrf_log_backend_uart.o
    0x0002b814   0x0002b814   0x00000030   Code   RO         3815    i.nrf_log_color_id_get  nrf_log_frontend.o
    0x0002b844   0x0002b844   0x000000b0   Code   RO         3816    i.nrf_log_config_load  nrf_log_frontend.o
    0x0002b8f4   0x0002b8f4   0x00000108   Code   RO         3817    i.nrf_log_config_store  nrf_log_frontend.o
    0x0002b9fc   0x0002b9fc   0x00000278   Code   RO         3818    i.nrf_log_frontend_dequeue  nrf_log_frontend.o
    0x0002bc74   0x0002bc74   0x00000008   Code   RO         3820    i.nrf_log_frontend_std_0  nrf_log_frontend.o
    0x0002bc7c   0x0002bc7c   0x0000000e   Code   RO         3821    i.nrf_log_frontend_std_1  nrf_log_frontend.o
    0x0002bc8a   0x0002bc8a   0x00000010   Code   RO         3822    i.nrf_log_frontend_std_2  nrf_log_frontend.o
    0x0002bc9a   0x0002bc9a   0x00000012   Code   RO         3823    i.nrf_log_frontend_std_3  nrf_log_frontend.o
    0x0002bcac   0x0002bcac   0x000000b0   Code   RO         4116    i.nrf_log_hexdump_entry_process  nrf_log_str_formatter.o
    0x0002bd5c   0x0002bd5c   0x000000b0   Code   RO         3827    i.nrf_log_init      nrf_log_frontend.o
    0x0002be0c   0x0002be0c   0x00000014   Code   RO         3828    i.nrf_log_module_cnt_get  nrf_log_frontend.o
    0x0002be20   0x0002be20   0x00000048   Code   RO         3829    i.nrf_log_module_filter_get  nrf_log_frontend.o
    0x0002be68   0x0002be68   0x00000050   Code   RO         3830    i.nrf_log_module_filter_set  nrf_log_frontend.o
    0x0002beb8   0x0002beb8   0x0000001c   Code   RO         3831    i.nrf_log_module_name_get  nrf_log_frontend.o
    0x0002bed4   0x0002bed4   0x0000002c   Code   RO         3832    i.nrf_log_panic     nrf_log_frontend.o
    0x0002bf00   0x0002bf00   0x000000b6   Code   RO         4117    i.nrf_log_std_entry_process  nrf_log_str_formatter.o
    0x0002bfb6   0x0002bfb6   0x00000060   Code   RO         3239    i.nrf_memobj_alloc  nrf_memobj.o
    0x0002c016   0x0002c016   0x00000032   Code   RO         3240    i.nrf_memobj_free   nrf_memobj.o
    0x0002c048   0x0002c048   0x00000008   Code   RO         3241    i.nrf_memobj_get    nrf_memobj.o
    0x0002c050   0x0002c050   0x00000004   Code   RO         3242    i.nrf_memobj_pool_init  nrf_memobj.o
    0x0002c054   0x0002c054   0x0000001e   Code   RO         3243    i.nrf_memobj_put    nrf_memobj.o
    0x0002c072   0x0002c072   0x00000010   Code   RO         3244    i.nrf_memobj_read   nrf_memobj.o
    0x0002c082   0x0002c082   0x00000010   Code   RO         3245    i.nrf_memobj_write  nrf_memobj.o
    0x0002c092   0x0002c092   0x00000002   Code   RO         3316    i.nrf_pwr_mgmt_feed  nrf_pwr_mgmt.o
    0x0002c094   0x0002c094   0x0000008e   Code   RO         3388    i.nrf_queue_generic_pop  nrf_queue.o
    0x0002c122   0x0002c122   0x00000012   Code   RO         3390    i.nrf_queue_is_empty  nrf_queue.o
    0x0002c134   0x0002c134   0x0000001e   Code   RO         3391    i.nrf_queue_is_full  nrf_queue.o
    0x0002c152   0x0002c152   0x00000006   Code   RO         3392    i.nrf_queue_max_utilization_get  nrf_queue.o
    0x0002c158   0x0002c158   0x00000008   Code   RO         3393    i.nrf_queue_max_utilization_reset  nrf_queue.o
    0x0002c160   0x0002c160   0x0000000e   Code   RO         3394    i.nrf_queue_next_idx  nrf_queue.o
    0x0002c16e   0x0002c16e   0x000000b2   Code   RO         3396    i.nrf_queue_push    nrf_queue.o
    0x0002c220   0x0002c220   0x000000e0   Code   RO         3399    i.nrf_queue_status  nrf_queue.o
    0x0002c300   0x0002c300   0x00000024   Code   RO         3400    i.nrf_queue_utilization_get  nrf_queue.o
    0x0002c324   0x0002c324   0x00000070   Code   RO         3515    i.nrf_ringbuf_alloc  nrf_ringbuf.o
    0x0002c394   0x0002c394   0x0000007c   Code   RO         3516    i.nrf_ringbuf_cpy_get  nrf_ringbuf.o
    0x0002c410   0x0002c410   0x00000072   Code   RO         3517    i.nrf_ringbuf_cpy_put  nrf_ringbuf.o
    0x0002c482   0x0002c482   0x00000026   Code   RO         3518    i.nrf_ringbuf_free  nrf_ringbuf.o
    0x0002c4a8   0x0002c4a8   0x00000070   Code   RO         3519    i.nrf_ringbuf_get   nrf_ringbuf.o
    0x0002c518   0x0002c518   0x0000001c   Code   RO         3520    i.nrf_ringbuf_init  nrf_ringbuf.o
    0x0002c534   0x0002c534   0x00000030   Code   RO         3521    i.nrf_ringbuf_put   nrf_ringbuf.o
    0x0002c564   0x0002c564   0x00000014   Code   RO         4284    i.nrf_sdh_ble_app_ram_start_get  nrf_sdh_ble.o
    0x0002c578   0x0002c578   0x00000118   Code   RO         4285    i.nrf_sdh_ble_default_cfg_set  nrf_sdh_ble.o
    0x0002c690   0x0002c690   0x00000154   Code   RO         4286    i.nrf_sdh_ble_enable  nrf_sdh_ble.o
    0x0002c7e4   0x0002c7e4   0x0000005c   Code   RO         4287    i.nrf_sdh_ble_evts_poll  nrf_sdh_ble.o
    0x0002c840   0x0002c840   0x00000054   Code   RO         4167    i.nrf_sdh_disable_request  nrf_sdh.o
    0x0002c894   0x0002c894   0x00000074   Code   RO         4168    i.nrf_sdh_enable_request  nrf_sdh.o
    0x0002c908   0x0002c908   0x00000024   Code   RO         4169    i.nrf_sdh_evts_poll  nrf_sdh.o
    0x0002c92c   0x0002c92c   0x0000000c   Code   RO         4170    i.nrf_sdh_is_enabled  nrf_sdh.o
    0x0002c938   0x0002c938   0x0000001c   Code   RO         4172    i.nrf_sdh_request_continue  nrf_sdh.o
    0x0002c954   0x0002c954   0x0000003c   Code   RO         4360    i.nrf_sdh_soc_evts_poll  nrf_sdh_soc.o
    0x0002c990   0x0002c990   0x0000000a   Code   RO         3575    i.nrf_section_iter_init  nrf_section_iter.o
    0x0002c99a   0x0002c99a   0x00000024   Code   RO         3576    i.nrf_section_iter_item_set  nrf_section_iter.o
    0x0002c9be   0x0002c9be   0x00000020   Code   RO         3577    i.nrf_section_iter_next  nrf_section_iter.o
    0x0002c9de   0x0002c9de   0x00000002   PAD
    0x0002c9e0   0x0002c9e0   0x00000038   Code   RO         3610    i.nrf_strerror_find  nrf_strerror.o
    0x0002ca18   0x0002ca18   0x00000014   Code   RO         3611    i.nrf_strerror_get  nrf_strerror.o
    0x0002ca2c   0x0002ca2c   0x0000000a   Code   RO          942    i.nrf_uart_event_check  nrfx_uart.o
    0x0002ca36   0x0002ca36   0x0000000c   Code   RO          943    i.nrf_uart_event_clear  nrfx_uart.o
    0x0002ca42   0x0002ca42   0x0000000c   Code   RO          944    i.nrf_uart_int_enable_check  nrfx_uart.o
    0x0002ca4e   0x0002ca4e   0x0000000a   Code   RO         1136    i.nrf_uarte_event_check  nrfx_uarte.o
    0x0002ca58   0x0002ca58   0x0000000c   Code   RO         1137    i.nrf_uarte_event_clear  nrfx_uarte.o
    0x0002ca64   0x0002ca64   0x00000010   Code   RO         1485    i.nrfx_coredep_delay_us  app_timer.o
    0x0002ca74   0x0002ca74   0x00000010   Code   RO         1138    i.nrfx_is_in_ram    nrfx_uarte.o
    0x0002ca84   0x0002ca84   0x0000003a   Code   RO          867    i.nrfx_prs_acquire  nrfx_prs.o
    0x0002cabe   0x0002cabe   0x00000012   Code   RO          868    i.nrfx_prs_release  nrfx_prs.o
    0x0002cad0   0x0002cad0   0x00000010   Code   RO          945    i.nrfx_uart_0_irq_handler  nrfx_uart.o
    0x0002cae0   0x0002cae0   0x000000d0   Code   RO          947    i.nrfx_uart_init    nrfx_uart.o
    0x0002cbb0   0x0002cbb0   0x000000ec   Code   RO          948    i.nrfx_uart_rx      nrfx_uart.o
    0x0002cc9c   0x0002cc9c   0x00000012   Code   RO          949    i.nrfx_uart_rx_abort  nrfx_uart.o
    0x0002ccae   0x0002ccae   0x00000002   PAD
    0x0002ccb0   0x0002ccb0   0x000000a4   Code   RO          953    i.nrfx_uart_tx      nrfx_uart.o
    0x0002cd54   0x0002cd54   0x00000020   Code   RO          955    i.nrfx_uart_tx_in_progress  nrfx_uart.o
    0x0002cd74   0x0002cd74   0x000000b4   Code   RO          956    i.nrfx_uart_uninit  nrfx_uart.o
    0x0002ce28   0x0002ce28   0x00000010   Code   RO         1139    i.nrfx_uarte_0_irq_handler  nrfx_uarte.o
    0x0002ce38   0x0002ce38   0x0000006c   Code   RO         1141    i.nrfx_uarte_init   nrfx_uarte.o
    0x0002cea4   0x0002cea4   0x00000104   Code   RO         1142    i.nrfx_uarte_rx     nrfx_uarte.o
    0x0002cfa8   0x0002cfa8   0x0000002c   Code   RO         1143    i.nrfx_uarte_rx_abort  nrfx_uarte.o
    0x0002cfd4   0x0002cfd4   0x00000090   Code   RO         1145    i.nrfx_uarte_tx     nrfx_uarte.o
    0x0002d064   0x0002d064   0x0000001c   Code   RO         1147    i.nrfx_uarte_tx_in_progress  nrfx_uarte.o
    0x0002d080   0x0002d080   0x000000b0   Code   RO         1148    i.nrfx_uarte_uninit  nrfx_uarte.o
    0x0002d130   0x0002d130   0x00000090   Code   RO         2476    i.option_print      nrf_cli.o
    0x0002d1c0   0x0002d1c0   0x00000024   Code   RO         1784    i.page_identify     fds.o
    0x0002d1e4   0x0002d1e4   0x0000001c   Code   RO         1785    i.page_offsets_update  fds.o
    0x0002d200   0x0002d200   0x0000006c   Code   RO         1786    i.page_scan         fds.o
    0x0002d26c   0x0002d26c   0x0000001c   Code   RO         1787    i.page_tag_write_data  fds.o
    0x0002d288   0x0002d288   0x00000024   Code   RO         1788    i.page_tag_write_swap  fds.o
    0x0002d2ac   0x0002d2ac   0x0000011c   Code   RO         1789    i.pages_init        fds.o
    0x0002d3c8   0x0002d3c8   0x0000003c   Code   RO         4119    i.postfix_process   nrf_log_str_formatter.o
    0x0002d404   0x0002d404   0x00000098   Code   RO         4120    i.prefix_process    nrf_log_str_formatter.o
    0x0002d49c   0x0002d49c   0x00000134   Code   RO           12    i.print_all_cmd     cli.o
    0x0002d5d0   0x0002d5d0   0x00000138   Code   RO           13    i.print_cfg_cmd     cli.o
    0x0002d708   0x0002d708   0x00000080   Code   RO           14    i.print_cmd         cli.o
    0x0002d788   0x0002d788   0x00000018   Code   RO          869    i.prs_box_get       nrfx_prs.o
    0x0002d7a0   0x0002d7a0   0x0000001c   Code   RO         1790    i.queue_buf_get     fds.o
    0x0002d7bc   0x0002d7bc   0x00000010   Code   RO         1791    i.queue_buf_store   fds.o
    0x0002d7cc   0x0002d7cc   0x00000014   Code   RO         3123    i.queue_free        nrf_fstorage_sd.o
    0x0002d7e0   0x0002d7e0   0x000000a0   Code   RO         1792    i.queue_process     fds.o
    0x0002d880   0x0002d880   0x000000a0   Code   RO         3124    i.queue_process     nrf_fstorage_sd.o
    0x0002d920   0x0002d920   0x0000001c   Code   RO         1793    i.queue_start       fds.o
    0x0002d93c   0x0002d93c   0x00000024   Code   RO         3125    i.queue_start       nrf_fstorage_sd.o
    0x0002d960   0x0002d960   0x00000018   Code   RO         3403    i.queue_utilization_get  nrf_queue.o
    0x0002d978   0x0002d978   0x0000000e   Code   RO         3126    i.read              nrf_fstorage_sd.o
    0x0002d986   0x0002d986   0x00000002   PAD
    0x0002d988   0x0002d988   0x000000f0   Code   RO           15    i.record_delete     cli.o
    0x0002da78   0x0002da78   0x0000002c   Code   RO           16    i.record_delete_next  cli.o
    0x0002daa4   0x0002daa4   0x00000088   Code   RO         1794    i.record_find       fds.o
    0x0002db2c   0x0002db2c   0x000000a0   Code   RO         1795    i.record_find_by_desc  fds.o
    0x0002dbcc   0x0002dbcc   0x0000005c   Code   RO         1796    i.record_find_next  fds.o
    0x0002dc28   0x0002dc28   0x00000038   Code   RO         1797    i.record_header_flag_dirty  fds.o
    0x0002dc60   0x0002dc60   0x000000b8   Code   RO           17    i.record_update     cli.o
    0x0002dd18   0x0002dd18   0x0000007c   Code   RO           18    i.record_write      cli.o
    0x0002dd94   0x0002dd94   0x00000088   Code   RO         1798    i.records_stat      fds.o
    0x0002de1c   0x0002de1c   0x00000004   Code   RO         3127    i.rmap              nrf_fstorage_sd.o
    0x0002de20   0x0002de20   0x0000003c   Code   RO         1486    i.rtc1_stop         app_timer.o
    0x0002de5c   0x0002de5c   0x00000032   Code   RO          957    i.rx_byte           nrfx_uart.o
    0x0002de8e   0x0002de8e   0x00000016   Code   RO          958    i.rx_done_event     nrfx_uart.o
    0x0002dea4   0x0002dea4   0x00000016   Code   RO         1149    i.rx_done_event     nrfx_uarte.o
    0x0002deba   0x0002deba   0x00000020   Code   RO          959    i.rx_enable         nrfx_uart.o
    0x0002deda   0x0002deda   0x00000002   PAD
    0x0002dedc   0x0002dedc   0x00000054   Code   RO         2864    i.rx_try            nrf_cli_uart.o
    0x0002df30   0x0002df30   0x00000030   Code   RO         4175    i.sdh_request_observer_notify  nrf_sdh.o
    0x0002df60   0x0002df60   0x0000002c   Code   RO         4176    i.sdh_state_observer_notify  nrf_sdh.o
    0x0002df8c   0x0002df8c   0x00000040   Code   RO         3684    i.serial_tx         nrf_log_backend_uart.o
    0x0002dfcc   0x0002dfcc   0x00000024   Code   RO         3834    i.severity_lvl_get  nrf_log_frontend.o
    0x0002dff0   0x0002dff0   0x00000038   Code   RO         4177    i.softdevice_evt_irq_disable  nrf_sdh.o
    0x0002e028   0x0002e028   0x00000058   Code   RO         4178    i.softdevices_evt_irq_enable  nrf_sdh.o
    0x0002e080   0x0002e080   0x00000068   Code   RO           19    i.stat_cmd          cli.o
    0x0002e0e8   0x0002e0e8   0x0000008c   Code   RO         3835    i.std_n             nrf_log_frontend.o
    0x0002e174   0x0002e174   0x00000008   Code   RO         2477    i.string_cmp        nrf_cli.o
    0x0002e17c   0x0002e17c   0x00000060   Code   RO         2478    i.terminal_size_get  nrf_cli.o
    0x0002e1dc   0x0002e1dc   0x0000001c   Code   RO         2865    i.timer_handler     nrf_cli_uart.o
    0x0002e1f8   0x0002e1f8   0x00000080   Code   RO         1487    i.timer_list_handler  app_timer.o
    0x0002e278   0x0002e278   0x0000003c   Code   RO         1488    i.timer_list_insert  app_timer.o
    0x0002e2b4   0x0002e2b4   0x00000060   Code   RO         1489    i.timer_list_remove  app_timer.o
    0x0002e314   0x0002e314   0x00000048   Code   RO         1490    i.timer_stop_op_schedule  app_timer.o
    0x0002e35c   0x0002e35c   0x00000074   Code   RO         1491    i.timer_timeouts_check  app_timer.o
    0x0002e3d0   0x0002e3d0   0x00000020   Code   RO          960    i.tx_byte           nrfx_uart.o
    0x0002e3f0   0x0002e3f0   0x0000001a   Code   RO          961    i.tx_done_event     nrfx_uart.o
    0x0002e40a   0x0002e40a   0x0000006e   Code   RO         2866    i.uart_event_handler  nrf_cli_uart.o
    0x0002e478   0x0002e478   0x00000030   Code   RO          676    i.uart_evt_handler  nrf_drv_uart.o
    0x0002e4a8   0x0002e4a8   0x0000000c   Code   RO         3685    i.uart_evt_handler  nrf_log_backend_uart.o
    0x0002e4b4   0x0002e4b4   0x00000050   Code   RO         3686    i.uart_init         nrf_log_backend_uart.o
    0x0002e504   0x0002e504   0x00000128   Code   RO          962    i.uart_irq_handler  nrfx_uart.o
    0x0002e62c   0x0002e62c   0x00000030   Code   RO          677    i.uarte_evt_handler  nrf_drv_uart.o
    0x0002e65c   0x0002e65c   0x000000f2   Code   RO         1150    i.uarte_irq_handler  nrfx_uarte.o
    0x0002e74e   0x0002e74e   0x00000002   PAD
    0x0002e750   0x0002e750   0x00000020   Code   RO         3128    i.uninit            nrf_fstorage_sd.o
    0x0002e770   0x0002e770   0x000000b4   Code   RO         2994    i.unsigned_print    nrf_fprintf_format.o
    0x0002e824   0x0002e824   0x000000d8   Code   RO           20    i.update_cmd        cli.o
    0x0002e8fc   0x0002e8fc   0x00000030   Code   RO         1492    i.user_op_alloc     app_timer.o
    0x0002e92c   0x0002e92c   0x0000003c   Code   RO         2479    i.vt100_bgcolor_set  nrf_cli.o
    0x0002e968   0x0002e968   0x00000050   Code   RO         2480    i.vt100_color_set   nrf_cli.o
    0x0002e9b8   0x0002e9b8   0x00000004   Code   RO         3129    i.wmap              nrf_fstorage_sd.o
    0x0002e9bc   0x0002e9bc   0x00000050   Code   RO         3130    i.write             nrf_fstorage_sd.o
    0x0002ea0c   0x0002ea0c   0x00000094   Code   RO           21    i.write_cmd         cli.o
    0x0002eaa0   0x0002eaa0   0x00000110   Code   RO         1799    i.write_enqueue     fds.o
    0x0002ebb0   0x0002ebb0   0x000000f4   Code   RO         1800    i.write_execute     fds.o
    0x0002eca4   0x0002eca4   0x00000018   Code   RO         1801    i.write_space_free  fds.o
    0x0002ecbc   0x0002ecbc   0x0000005c   Code   RO         1802    i.write_space_reserve  fds.o
    0x0002ed18   0x0002ed18   0x00000004   Data   RO           33    .constdata          cli.o
    0x0002ed1c   0x0002ed1c   0x0000000c   Data   RO           34    .constdata          cli.o
    0x0002ed28   0x0002ed28   0x0000000c   Data   RO           35    .constdata          cli.o
    0x0002ed34   0x0002ed34   0x00000014   Data   RO           36    .constdata          cli.o
    0x0002ed48   0x0002ed48   0x00000018   Data   RO           37    .constdata          cli.o
    0x0002ed60   0x0002ed60   0x00000044   Data   RO           38    .constdata          cli.o
    0x0002eda4   0x0002eda4   0x00000008   Data   RO           39    .constdata          cli.o
    0x0002edac   0x0002edac   0x00000030   Data   RO           40    .constdata          cli.o
    0x0002eddc   0x0002eddc   0x00000010   Data   RO           41    .constdata          cli.o
    0x0002edec   0x0002edec   0x00000010   Data   RO           42    .constdata          cli.o
    0x0002edfc   0x0002edfc   0x00000010   Data   RO           43    .constdata          cli.o
    0x0002ee0c   0x0002ee0c   0x00000010   Data   RO           44    .constdata          cli.o
    0x0002ee1c   0x0002ee1c   0x00000010   Data   RO           45    .constdata          cli.o
    0x0002ee2c   0x0002ee2c   0x00000010   Data   RO           46    .constdata          cli.o
    0x0002ee3c   0x0002ee3c   0x00000010   Data   RO           47    .constdata          cli.o
    0x0002ee4c   0x0002ee4c   0x0000000c   Data   RO          419    .constdata          main.o
    0x0002ee58   0x0002ee58   0x00000004   Data   RO          965    .constdata          nrfx_uart.o
    0x0002ee5c   0x0002ee5c   0x00000004   Data   RO         1153    .constdata          nrfx_uarte.o
    0x0002ee60   0x0002ee60   0x00000006   Data   RO         1494    .constdata          app_timer.o
    0x0002ee66   0x0002ee66   0x00000002   PAD
    0x0002ee68   0x0002ee68   0x00000018   Data   RO         1804    .constdata          fds.o
    0x0002ee80   0x0002ee80   0x00000008   Data   RO         2348    .constdata          nrf_balloc.o
    0x0002ee88   0x0002ee88   0x00000020   Data   RO         2349    .constdata          nrf_balloc.o
    0x0002eea8   0x0002eea8   0x00000010   Data   RO         2350    .constdata          nrf_balloc.o
    0x0002eeb8   0x0002eeb8   0x0000000c   Data   RO         2481    .constdata          nrf_cli.o
    0x0002eec4   0x0002eec4   0x00000008   Data   RO         2482    .constdata          nrf_cli.o
    0x0002eecc   0x0002eecc   0x00000030   Data   RO         2483    .constdata          nrf_cli.o
    0x0002eefc   0x0002eefc   0x00000008   Data   RO         2484    .constdata          nrf_cli.o
    0x0002ef04   0x0002ef04   0x00000030   Data   RO         2485    .constdata          nrf_cli.o
    0x0002ef34   0x0002ef34   0x00000008   Data   RO         2486    .constdata          nrf_cli.o
    0x0002ef3c   0x0002ef3c   0x00000030   Data   RO         2487    .constdata          nrf_cli.o
    0x0002ef6c   0x0002ef6c   0x00000008   Data   RO         2488    .constdata          nrf_cli.o
    0x0002ef74   0x0002ef74   0x00000040   Data   RO         2489    .constdata          nrf_cli.o
    0x0002efb4   0x0002efb4   0x00000008   Data   RO         2490    .constdata          nrf_cli.o
    0x0002efbc   0x0002efbc   0x00000020   Data   RO         2491    .constdata          nrf_cli.o
    0x0002efdc   0x0002efdc   0x00000010   Data   RO         2492    .constdata          nrf_cli.o
    0x0002efec   0x0002efec   0x00000010   Data   RO         2493    .constdata          nrf_cli.o
    0x0002effc   0x0002effc   0x00000010   Data   RO         2494    .constdata          nrf_cli.o
    0x0002f00c   0x0002f00c   0x00000010   Data   RO         2495    .constdata          nrf_cli.o
    0x0002f01c   0x0002f01c   0x00000004   PAD
    0x0002f020   0x0002f020   0x00000047   Data   RO         2496    .constdata          nrf_cli.o
    0x0002f067   0x0002f067   0x00000001   PAD
    0x0002f068   0x0002f068   0x00000014   Data   RO         2867    .constdata          nrf_cli_uart.o
    0x0002f07c   0x0002f07c   0x00000010   Data   RO         2995    .constdata          nrf_fprintf_format.o
    0x0002f08c   0x0002f08c   0x0000005e   Data   RO         3041    .constdata          nrf_fstorage.o
    0x0002f0ea   0x0002f0ea   0x00000002   PAD
    0x0002f0ec   0x0002f0ec   0x00000010   Data   RO         3132    .constdata          nrf_fstorage_sd.o
    0x0002f0fc   0x0002f0fc   0x00000020   Data   RO         3133    .constdata          nrf_fstorage_sd.o
    0x0002f11c   0x0002f11c   0x00000008   Data   RO         3405    .constdata          nrf_queue.o
    0x0002f124   0x0002f124   0x00000020   Data   RO         3406    .constdata          nrf_queue.o
    0x0002f144   0x0002f144   0x00000010   Data   RO         3407    .constdata          nrf_queue.o
    0x0002f154   0x0002f154   0x0000013c   Data   RO         3612    .constdata          nrf_strerror.o
    0x0002f290   0x0002f290   0x0000000c   Data   RO         3688    .constdata          nrf_log_backend_uart.o
    0x0002f29c   0x0002f29c   0x00000020   Data   RO         3689    .constdata          nrf_log_backend_uart.o
    0x0002f2bc   0x0002f2bc   0x00000028   Data   RO         3840    .constdata          nrf_log_frontend.o
    0x0002f2e4   0x0002f2e4   0x00000008   Data   RO         3841    .constdata          nrf_log_frontend.o
    0x0002f2ec   0x0002f2ec   0x00000060   Data   RO         3842    .constdata          nrf_log_frontend.o
    0x0002f34c   0x0002f34c   0x00000008   Data   RO         3843    .constdata          nrf_log_frontend.o
    0x0002f354   0x0002f354   0x00000008   Data   RO         3844    .constdata          nrf_log_frontend.o
    0x0002f35c   0x0002f35c   0x00000030   Data   RO         3845    .constdata          nrf_log_frontend.o
    0x0002f38c   0x0002f38c   0x00000008   Data   RO         3846    .constdata          nrf_log_frontend.o
    0x0002f394   0x0002f394   0x00000090   Data   RO         3847    .constdata          nrf_log_frontend.o
    0x0002f424   0x0002f424   0x00000010   Data   RO         3848    .constdata          nrf_log_frontend.o
    0x0002f434   0x0002f434   0x00000010   Data   RO         4179    .constdata          nrf_sdh.o
    0x0002f444   0x0002f444   0x00000028   Data   RO         4180    .constdata          nrf_sdh.o
    0x0002f46c   0x0002f46c   0x00000010   Data   RO         4181    .constdata          nrf_sdh.o
    0x0002f47c   0x0002f47c   0x00000010   Data   RO         4182    .constdata          nrf_sdh.o
    0x0002f48c   0x0002f48c   0x00000020   Data   RO         4288    .constdata          nrf_sdh_ble.o
    0x0002f4ac   0x0002f4ac   0x00000010   Data   RO         4289    .constdata          nrf_sdh_ble.o
    0x0002f4bc   0x0002f4bc   0x00000010   Data   RO         4361    .constdata          nrf_sdh_soc.o
    0x0002f4cc   0x0002f4cc   0x0000000c   Data   RO         4362    .constdata          nrf_sdh_soc.o
    0x0002f4d8   0x0002f4d8   0x00000081   Data   RO         4437    .constdata          mc_w.l(ctype_o.o)
    0x0002f559   0x0002f559   0x00000003   PAD
    0x0002f55c   0x0002f55c   0x00000004   Data   RO         4438    .constdata          mc_w.l(ctype_o.o)
    0x0002f560   0x0002f560   0x00000114   Data   RO           48    .conststring        cli.o
    0x0002f674   0x0002f674   0x00000058   Data   RO           49    .conststring        cli.o
    0x0002f6cc   0x0002f6cc   0x0000002e   Data   RO           50    .conststring        cli.o
    0x0002f6fa   0x0002f6fa   0x00000002   PAD
    0x0002f6fc   0x0002f6fc   0x00000084   Data   RO           51    .conststring        cli.o
    0x0002f780   0x0002f780   0x0000004f   Data   RO           52    .conststring        cli.o
    0x0002f7cf   0x0002f7cf   0x00000001   PAD
    0x0002f7d0   0x0002f7d0   0x00000067   Data   RO           53    .conststring        cli.o
    0x0002f837   0x0002f837   0x00000001   PAD
    0x0002f838   0x0002f838   0x00000033   Data   RO           54    .conststring        cli.o
    0x0002f86b   0x0002f86b   0x00000001   PAD
    0x0002f86c   0x0002f86c   0x00000027   Data   RO           55    .conststring        cli.o
    0x0002f893   0x0002f893   0x00000001   PAD
    0x0002f894   0x0002f894   0x0000001d   Data   RO           56    .conststring        cli.o
    0x0002f8b1   0x0002f8b1   0x00000003   PAD
    0x0002f8b4   0x0002f8b4   0x000001d1   Data   RO          420    .conststring        main.o
    0x0002fa85   0x0002fa85   0x00000003   PAD
    0x0002fa88   0x0002fa88   0x0000002b   Data   RO         2351    .conststring        nrf_balloc.o
    0x0002fab3   0x0002fab3   0x00000001   PAD
    0x0002fab4   0x0002fab4   0x00000027   Data   RO         2352    .conststring        nrf_balloc.o
    0x0002fadb   0x0002fadb   0x00000001   PAD
    0x0002fadc   0x0002fadc   0x0000008e   Data   RO         2353    .conststring        nrf_balloc.o
    0x0002fb6a   0x0002fb6a   0x00000002   PAD
    0x0002fb6c   0x0002fb6c   0x00000037   Data   RO         2497    .conststring        nrf_cli.o
    0x0002fba3   0x0002fba3   0x00000001   PAD
    0x0002fba4   0x0002fba4   0x0000006d   Data   RO         2498    .conststring        nrf_cli.o
    0x0002fc11   0x0002fc11   0x00000003   PAD
    0x0002fc14   0x0002fc14   0x00000065   Data   RO         2499    .conststring        nrf_cli.o
    0x0002fc79   0x0002fc79   0x00000003   PAD
    0x0002fc7c   0x0002fc7c   0x00000052   Data   RO         2500    .conststring        nrf_cli.o
    0x0002fcce   0x0002fcce   0x00000002   PAD
    0x0002fcd0   0x0002fcd0   0x0000004c   Data   RO         2501    .conststring        nrf_cli.o
    0x0002fd1c   0x0002fd1c   0x00000016   Data   RO         2502    .conststring        nrf_cli.o
    0x0002fd32   0x0002fd32   0x00000002   PAD
    0x0002fd34   0x0002fd34   0x00000028   Data   RO         2503    .conststring        nrf_cli.o
    0x0002fd5c   0x0002fd5c   0x0000001c   Data   RO         2504    .conststring        nrf_cli.o
    0x0002fd78   0x0002fd78   0x000000a7   Data   RO         2505    .conststring        nrf_cli.o
    0x0002fe1f   0x0002fe1f   0x00000001   PAD
    0x0002fe20   0x0002fe20   0x00000003   Data   RO         2506    .conststring        nrf_cli.o
    0x0002fe23   0x0002fe23   0x00000001   PAD
    0x0002fe24   0x0002fe24   0x0000004f   Data   RO         3042    .conststring        nrf_fstorage.o
    0x0002fe73   0x0002fe73   0x00000001   PAD
    0x0002fe74   0x0002fe74   0x00000021   Data   RO         3408    .conststring        nrf_queue.o
    0x0002fe95   0x0002fe95   0x00000003   PAD
    0x0002fe98   0x0002fe98   0x00000006   Data   RO         3409    .conststring        nrf_queue.o
    0x0002fe9e   0x0002fe9e   0x00000002   PAD
    0x0002fea0   0x0002fea0   0x0000007c   Data   RO         3410    .conststring        nrf_queue.o
    0x0002ff1c   0x0002ff1c   0x000003eb   Data   RO         3613    .conststring        nrf_strerror.o
    0x00030307   0x00030307   0x00000001   PAD
    0x00030308   0x00030308   0x00000026   Data   RO         3849    .conststring        nrf_log_frontend.o
    0x0003032e   0x0003032e   0x00000002   PAD
    0x00030330   0x00030330   0x00000139   Data   RO         3850    .conststring        nrf_log_frontend.o
    0x00030469   0x00030469   0x00000003   PAD
    0x0003046c   0x0003046c   0x00000076   Data   RO         3851    .conststring        nrf_log_frontend.o
    0x000304e2   0x000304e2   0x00000002   PAD
    0x000304e4   0x000304e4   0x00000066   Data   RO         3852    .conststring        nrf_log_frontend.o
    0x0003054a   0x0003054a   0x00000002   PAD
    0x0003054c   0x0003054c   0x00000024   Data   RO         3853    .conststring        nrf_log_frontend.o
    0x00030570   0x00030570   0x00000048   Data   RO         4121    .conststring        nrf_log_str_formatter.o
    0x000305b8   0x000305b8   0x00000188   Data   RO         4290    .conststring        nrf_sdh_ble.o
    0x00030740   0x00030740   0x0000009b   Data   RO           57    .conststrlit        cli.o
    0x000307db   0x000307db   0x00000001   PAD
    0x000307dc   0x000307dc   0x00000004   Data   RO          871    .conststrlit        nrfx_prs.o
    0x000307e0   0x000307e0   0x00000005   Data   RO          968    .conststrlit        nrfx_uart.o
    0x000307e5   0x000307e5   0x00000003   PAD
    0x000307e8   0x000307e8   0x00000006   Data   RO         1156    .conststrlit        nrfx_uarte.o
    0x000307ee   0x000307ee   0x00000002   PAD
    0x000307f0   0x000307f0   0x0000000f   Data   RO         1805    .conststrlit        fds.o
    0x000307ff   0x000307ff   0x00000001   PAD
    0x00030800   0x00030800   0x00000009   Data   RO         2868    .conststrlit        nrf_cli_uart.o
    0x00030809   0x00030809   0x00000003   PAD
    0x0003080c   0x0003080c   0x0000000d   Data   RO         3043    .conststrlit        nrf_fstorage.o
    0x00030819   0x00030819   0x00000003   PAD
    0x0003081c   0x0003081c   0x0000000e   Data   RO         3134    .conststrlit        nrf_fstorage_sd.o
    0x0003082a   0x0003082a   0x00000002   PAD
    0x0003082c   0x0003082c   0x00000009   Data   RO         3324    .conststrlit        nrf_pwr_mgmt.o
    0x00030835   0x00030835   0x00000003   PAD
    0x00030838   0x00030838   0x00000011   Data   RO         3748    .conststrlit        nrf_log_default_backends.o
    0x00030849   0x00030849   0x00000003   PAD
    0x0003084c   0x0003084c   0x00000024   Data   RO         3854    .conststrlit        nrf_log_frontend.o
    0x00030870   0x00030870   0x00000008   Data   RO         4183    .conststrlit        nrf_sdh.o
    0x00030878   0x00030878   0x0000000c   Data   RO         4291    .conststrlit        nrf_sdh_ble.o
    0x00030884   0x00030884   0x0000000c   Data   RO         4363    .conststrlit        nrf_sdh_soc.o
    0x00030890   0x00030890   0x00000020   Data   RO         4517    Region$$Table       anon$$obj.o
    0x000308b0   0x000308b0   0x00000038   Data   RO           63    cli_command         cli.o
    0x000308e8   0x000308e8   0x00000008   Data   RO         2354    cli_command         nrf_balloc.o
    0x000308f0   0x000308f0   0x00000020   Data   RO         2508    cli_command         nrf_cli.o
    0x00030910   0x00030910   0x00000008   Data   RO         3411    cli_command         nrf_queue.o
    0x00030918   0x00030918   0x00000008   Data   RO         3858    cli_command         nrf_log_frontend.o
    0x00030920   0x00030920   0x00000010   Data   RO           65    log_backends        cli.o
    0x00030930   0x00030930   0x00000010   Data   RO         3750    log_backends        nrf_log_default_backends.o
    0x00030940   0x00030940   0x00000010   Data   RO           66    log_const_data      cli.o
    0x00030950   0x00030950   0x00000008   Data   RO          873    log_const_data      nrfx_prs.o
    0x00030958   0x00030958   0x00000008   Data   RO          969    log_const_data      nrfx_uart.o
    0x00030960   0x00030960   0x00000008   Data   RO         1157    log_const_data      nrfx_uarte.o
    0x00030968   0x00030968   0x00000008   Data   RO         1809    log_const_data      fds.o
    0x00030970   0x00030970   0x00000008   Data   RO         2869    log_const_data      nrf_cli_uart.o
    0x00030978   0x00030978   0x00000008   Data   RO         3044    log_const_data      nrf_fstorage.o
    0x00030980   0x00030980   0x00000008   Data   RO         3137    log_const_data      nrf_fstorage_sd.o
    0x00030988   0x00030988   0x00000008   Data   RO         3326    log_const_data      nrf_pwr_mgmt.o
    0x00030990   0x00030990   0x00000010   Data   RO         3860    log_const_data      nrf_log_frontend.o
    0x000309a0   0x000309a0   0x00000008   Data   RO         4185    log_const_data      nrf_sdh.o
    0x000309a8   0x000309a8   0x00000008   Data   RO         4293    log_const_data      nrf_sdh_ble.o
    0x000309b0   0x000309b0   0x00000008   Data   RO         4364    log_const_data      nrf_sdh_soc.o
    0x000309b8   0x000309b8   0x0000001c   Data   RO           69    nrf_balloc          cli.o
    0x000309d4   0x000309d4   0x0000001c   Data   RO         3863    nrf_balloc          nrf_log_frontend.o
    0x000309f0   0x000309f0   0x0000001c   Data   RO           70    nrf_queue           cli.o
    0x00030a0c   0x00030a0c   0x00000008   Data   RO         3140    sdh_req_observers0  nrf_fstorage_sd.o
    0x00030a14   0x00030a14   0x00000008   Data   RO         3141    sdh_soc_observers0  nrf_fstorage_sd.o
    0x00030a1c   0x00030a1c   0x00000008   Data   RO         4296    sdh_stack_observers0  nrf_sdh_ble.o
    0x00030a24   0x00030a24   0x00000008   Data   RO         4367    sdh_stack_observers0  nrf_sdh_soc.o
    0x00030a2c   0x00030a2c   0x00000008   Data   RO         3142    sdh_state_observers0  nrf_fstorage_sd.o


    Execution Region RW_IRAM1 (Exec base: 0x20002218, Load base: 0x00030a34, Size: 0x00005018, Max: 0x0000dde8, ABSOLUTE, COMPRESSED[0x000000c0])

    Exec Addr    Load Addr    Size         Type   Attr      Idx    E Section Name        Object

    0x20002218   COMPRESSED   0x00000018   Data   RW           58    .data               cli.o
    0x20002230   COMPRESSED   0x0000000c   Data   RW           59    .data               cli.o
    0x2000223c   COMPRESSED   0x00000008   Data   RW           60    .data               cli.o
    0x20002244   COMPRESSED   0x00000008   Data   RW           61    .data               cli.o
    0x2000224c   COMPRESSED   0x00000008   Data   RW           62    .data               cli.o
    0x20002254   COMPRESSED   0x00000074   Data   RW          421    .data               main.o
    0x200022c8   COMPRESSED   0x0000000c   Data   RW          678    .data               nrf_drv_uart.o
    0x200022d4   COMPRESSED   0x00000008   Data   RW          872    .data               nrfx_prs.o
    0x200022dc   COMPRESSED   0x00000014   Data   RW         1495    .data               app_timer.o
    0x200022f0   COMPRESSED   0x00000014   Data   RW         1806    .data               fds.o
    0x20002304   COMPRESSED   0x00000030   Data   RW         1807    .data               fds.o
    0x20002334   COMPRESSED   0x00000004   Data   RW         2507    .data               nrf_cli.o
    0x20002338   COMPRESSED   0x00000014   Data   RW         3135    .data               nrf_fstorage_sd.o
    0x2000234c   COMPRESSED   0x00000008   Data   RW         3136    .data               nrf_fstorage_sd.o
    0x20002354   COMPRESSED   0x00000018   Data   RW         3690    .data               nrf_log_backend_uart.o
    0x2000236c   COMPRESSED   0x00000008   Data   RW         3749    .data               nrf_log_default_backends.o
    0x20002374   COMPRESSED   0x00000028   Data   RW         3855    .data               nrf_log_frontend.o
    0x2000239c   COMPRESSED   0x00000008   Data   RW         3856    .data               nrf_log_frontend.o
    0x200023a4   COMPRESSED   0x00000008   Data   RW         3857    .data               nrf_log_frontend.o
    0x200023ac   COMPRESSED   0x00000040   Data   RW         4122    .data               nrf_log_str_formatter.o
    0x200023ec   COMPRESSED   0x00000003   Data   RW         4184    .data               nrf_sdh.o
    0x200023ef   COMPRESSED   0x00000001   Data   RW         4292    .data               nrf_sdh_ble.o
    0x200023f0   COMPRESSED   0x00000004   Data   RW         4402    .data               system_nrf52.o
    0x200023f4   COMPRESSED   0x00000004   Data   RW         4507    .data               mc_w.l(errno.o)
    0x200023f8   COMPRESSED   0x0000001c   Data   RW           64    cli_sorted_cmd_ptrs  cli.o
    0x20002414   COMPRESSED   0x00000004   Data   RW         2355    cli_sorted_cmd_ptrs  nrf_balloc.o
    0x20002418   COMPRESSED   0x00000010   Data   RW         2509    cli_sorted_cmd_ptrs  nrf_cli.o
    0x20002428   COMPRESSED   0x00000004   Data   RW         3412    cli_sorted_cmd_ptrs  nrf_queue.o
    0x2000242c   COMPRESSED   0x00000004   Data   RW         3859    cli_sorted_cmd_ptrs  nrf_log_frontend.o
    0x20002430   COMPRESSED   0x00000014   Data   RW         1808    fs_data             fds.o
    0x20002444   COMPRESSED   0x00000008   Data   RW           67    log_dynamic_data    cli.o
    0x2000244c   COMPRESSED   0x00000004   Data   RW          874    log_dynamic_data    nrfx_prs.o
    0x20002450   COMPRESSED   0x00000004   Data   RW          970    log_dynamic_data    nrfx_uart.o
    0x20002454   COMPRESSED   0x00000004   Data   RW         1158    log_dynamic_data    nrfx_uarte.o
    0x20002458   COMPRESSED   0x00000004   Data   RW         1810    log_dynamic_data    fds.o
    0x2000245c   COMPRESSED   0x00000004   Data   RW         2870    log_dynamic_data    nrf_cli_uart.o
    0x20002460   COMPRESSED   0x00000004   Data   RW         3045    log_dynamic_data    nrf_fstorage.o
    0x20002464   COMPRESSED   0x00000004   Data   RW         3138    log_dynamic_data    nrf_fstorage_sd.o
    0x20002468   COMPRESSED   0x00000004   Data   RW         3327    log_dynamic_data    nrf_pwr_mgmt.o
    0x2000246c   COMPRESSED   0x00000008   Data   RW         3861    log_dynamic_data    nrf_log_frontend.o
    0x20002474   COMPRESSED   0x00000004   Data   RW         4186    log_dynamic_data    nrf_sdh.o
    0x20002478   COMPRESSED   0x00000004   Data   RW         4294    log_dynamic_data    nrf_sdh_ble.o
    0x2000247c   COMPRESSED   0x00000004   Data   RW         4365    log_dynamic_data    nrf_sdh_soc.o
    0x20002480   COMPRESSED   0x00000008   Data   RW           68    log_filter_data     cli.o
    0x20002488   COMPRESSED   0x00000004   Data   RW          875    log_filter_data     nrfx_prs.o
    0x2000248c   COMPRESSED   0x00000004   Data   RW          971    log_filter_data     nrfx_uart.o
    0x20002490   COMPRESSED   0x00000004   Data   RW         1159    log_filter_data     nrfx_uarte.o
    0x20002494   COMPRESSED   0x00000004   Data   RW         1811    log_filter_data     fds.o
    0x20002498   COMPRESSED   0x00000004   Data   RW         2871    log_filter_data     nrf_cli_uart.o
    0x2000249c   COMPRESSED   0x00000004   Data   RW         3046    log_filter_data     nrf_fstorage.o
    0x200024a0   COMPRESSED   0x00000004   Data   RW         3139    log_filter_data     nrf_fstorage_sd.o
    0x200024a4   COMPRESSED   0x00000004   Data   RW         3328    log_filter_data     nrf_pwr_mgmt.o
    0x200024a8   COMPRESSED   0x00000008   Data   RW         3862    log_filter_data     nrf_log_frontend.o
    0x200024b0   COMPRESSED   0x00000004   Data   RW         4187    log_filter_data     nrf_sdh.o
    0x200024b4   COMPRESSED   0x00000004   Data   RW         4295    log_filter_data     nrf_sdh_ble.o
    0x200024b8   COMPRESSED   0x00000004   Data   RW         4366    log_filter_data     nrf_sdh_soc.o
    0x200024bc        -       0x00000020   Zero   RW           22    .bss                cli.o
    0x200024dc        -       0x00000118   Zero   RW           23    .bss                cli.o
    0x200025f4        -       0x00000040   Zero   RW           24    .bss                cli.o
    0x20002634        -       0x00000018   Zero   RW           25    .bss                cli.o
    0x2000264c        -       0x00000010   Zero   RW           26    .bss                cli.o
    0x2000265c        -       0x00000018   Zero   RW           27    .bss                cli.o
    0x20002674        -       0x0000002c   Zero   RW           28    .bss                cli.o
    0x200026a0        -       0x0000014c   Zero   RW           29    .bss                cli.o
    0x200027ec        -       0x00000014   Zero   RW           30    .bss                cli.o
    0x20002800        -       0x0000000c   Zero   RW           31    .bss                cli.o
    0x2000280c        -       0x00000180   Zero   RW           32    .bss                cli.o
    0x2000298c        -       0x0000002c   Zero   RW          963    .bss                nrfx_uart.o
    0x200029b8        -       0x00000024   Zero   RW         1151    .bss                nrfx_uarte.o
    0x200029dc        -       0x0000010c   Zero   RW         1493    .bss                app_timer.o
    0x20002ae8        -       0x0000000c   Zero   RW         1662    .bss                app_util_platform.o
    0x20002af4        -       0x000000e0   Zero   RW         1803    .bss                fds.o
    0x20002bd4        -       0x000000a0   Zero   RW         3131    .bss                nrf_fstorage_sd.o
    0x20002c74        -       0x00000040   Zero   RW         3687    .bss                nrf_log_backend_uart.o
    0x20002cb4        -       0x000000c0   Zero   RW         3836    .bss                nrf_log_frontend.o
    0x20002d74        -       0x00000080   Zero   RW         3837    .bss                nrf_log_frontend.o
    0x20002df4        -       0x00000018   Zero   RW         3838    .bss                nrf_log_frontend.o
    0x20002e0c        -       0x00000424   Zero   RW         3839    .bss                nrf_log_frontend.o
    0x20003230        -       0x00004000   Zero   RW         4390    STACK               arm_startup_nrf52.o


==============================================================================

Image component sizes


      Code (inc. data)   RO Data    RW Data    ZI Data      Debug   Object Name

        22          0          0          0          0       2449   app_error.o
       148         50          0          0          0      46890   app_error_weak.o
         0          0          0          0          0      37102   app_scheduler.o
      1510        118          6         20        268      79287   app_timer.o
       124         14          0          0         12       9586   app_util_platform.o
        36          8        512          0      16384        924   arm_startup_nrf52.o
         0          0          0          0          0      37484   boards.o
      2224        844       1450        104       1232     103172   cli.o
        54          0          0          0          0       1408   crc16.o
      3782        326         47         96        224      51630   fds.o
      1492        702        477        116          0       7361   main.o
       342          0          0          0          0       6702   nrf_atfifo.o
       338          0          0          0          0      10782   nrf_atomic.o
       364         32        288          4          0      20883   nrf_balloc.o
      8682        880       1142         20          0      80184   nrf_cli.o
       598         38         37          8          0      34219   nrf_cli_uart.o
       200         26          0         12          0      17844   nrf_drv_uart.o
        50          0          0          0          0       1977   nrf_fprintf.o
       866          4         16          0          0       5498   nrf_fprintf_format.o
      1044        442        194          8          0       8449   nrf_fstorage.o
       798         82         94         36        160      20142   nrf_fstorage_sd.o
       200          0          0          0          0      10881   nrf_log_backend_serial.o
       226         44         44         24         64       9302   nrf_log_backend_uart.o
         0          0         33          8          0       2521   nrf_log_default_backends.o
      4046       1018       1071         76       1404      64627   nrf_log_frontend.o
       570        108         72         64          0       5644   nrf_log_str_formatter.o
       346          0          0          0          0       9551   nrf_memobj.o
         2          0         17          8          0       4397   nrf_pwr_mgmt.o
       680         56        227          4          0      10299   nrf_queue.o
       576          0          0          0          0       7598   nrf_ringbuf.o
       552         60        104         11          0      41883   nrf_sdh.o
       732        238        468          9          0      50344   nrf_sdh_ble.o
        60          4         56          8          0       2655   nrf_sdh_soc.o
        78          0          0          0          0       2772   nrf_section_iter.o
        76         10       1319          0          0       2735   nrf_strerror.o
       112         16         12         16          0       6831   nrfx_prs.o
      1574         46         17          8         44      61941   nrfx_uart.o
      1430         54         18          8         36      27420   nrfx_uarte.o
       796         70          0          4          0       2939   system_nrf52.o

    ----------------------------------------------------------------------
     34774       5290       7828        672      19828     908313   Object Totals
         0          0         32          0          0          0   (incl. Generated)
        44          0         75          0          0          0   (incl. Padding)

    ----------------------------------------------------------------------

      Code (inc. data)   RO Data    RW Data    ZI Data      Debug   Library Member Name

        86          0          0          0          0          0   __dczerorl2.o
        28          0          0          0          0         68   _chval.o
       158          0          0          0          0         92   _strtoul.o
         8          4        133          0          0         68   ctype_o.o
         0          0          0          0          0          0   entry.o
         0          0          0          0          0          0   entry10a.o
         0          0          0          0          0          0   entry11a.o
         8          4          0          0          0          0   entry2.o
         4          0          0          0          0          0   entry5.o
         0          0          0          0          0          0   entry7b.o
         0          0          0          0          0          0   entry8b.o
         8          4          0          0          0          0   entry9a.o
         8          4          0          4          0         68   errno.o
        30          0          0          0          0          0   handlers.o
        36          8          0          0          0         68   init.o
        64          0          0          0          0         76   memmovea.o
        36          0          0          0          0        108   memseta.o
       156          0          0          0          0         88   qsort.o
        28          0          0          0          0         76   strcmp.o
        18          0          0          0          0         68   strcpy.o
        14          0          0          0          0         68   strlen.o
        30          0          0          0          0         80   strncmp.o
       112          0          0          0          0         88   strtol.o

    ----------------------------------------------------------------------
       834         24        136          4          0       1016   Library Totals
         2          0          3          0          0          0   (incl. Padding)

    ----------------------------------------------------------------------

      Code (inc. data)   RO Data    RW Data    ZI Data      Debug   Library Name

       832         24        133          4          0       1016   mc_w.l

    ----------------------------------------------------------------------
       834         24        136          4          0       1016   Library Totals

    ----------------------------------------------------------------------

==============================================================================


      Code (inc. data)   RO Data    RW Data    ZI Data      Debug   

     35608       5314       7964        676      19828     872997   Grand Totals
     35608       5314       7964        192      19828     872997   ELF Image Totals (compressed)
     35608       5314       7964        192          0          0   ROM Totals

==============================================================================

    Total RO  Size (Code + RO Data)                43572 (  42.55kB)
    Total RW  Size (RW Data + ZI Data)             20504 (  20.02kB)
    Total ROM Size (Code + RO Data + RW Data)      43764 (  42.74kB)

==============================================================================

