Archive member included to satisfy reference by file (symbol)

/usr/share/segger_embedded_studio_for_arm_4.20a/lib/libc_v7em_fpv4_sp_d16_hard_t_le_eabi.a(libc2.o)
                              Output/twi_scanner_pca10056 Release/Obj/nrf_log_str_formatter.o (isprint)
/usr/share/segger_embedded_studio_for_arm_4.20a/lib/libc_v7em_fpv4_sp_d16_hard_t_le_eabi.a(libc2_asm.o)
                              Output/twi_scanner_pca10056 Release/Obj/nrf_log_frontend.o (memcpy)
/usr/share/segger_embedded_studio_for_arm_4.20a/lib/libc_v7em_fpv4_sp_d16_hard_t_le_eabi.a(libc.o)
                              /usr/share/segger_embedded_studio_for_arm_4.20a/lib/libc_v7em_fpv4_sp_d16_hard_t_le_eabi.a(libc2.o) (__heap_lock)
/usr/share/segger_embedded_studio_for_arm_4.20a/lib/libc_v7em_fpv4_sp_d16_hard_t_le_eabi.a(libc_asm.o)
                              /usr/share/segger_embedded_studio_for_arm_4.20a/lib/libc_v7em_fpv4_sp_d16_hard_t_le_eabi.a(libc2.o) (__aeabi_uldivmod)
/usr/share/segger_embedded_studio_for_arm_4.20a/lib/libdebugio_v7em_fpv4_sp_d16_hard_t_le_eabi.a(libdebugio.o)
                              Output/twi_scanner_pca10056 Release/Obj/thumb_crt0.o (debug_fopen)
/usr/share/segger_embedded_studio_for_arm_4.20a/lib/libdebugio_mempoll_v7em_fpv4_sp_d16_hard_t_le_eabi.a(mempoll_debug_operations.o)
                              /usr/share/segger_embedded_studio_for_arm_4.20a/lib/libdebugio_v7em_fpv4_sp_d16_hard_t_le_eabi.a(libdebugio.o) (__do_debug_operation)
/usr/share/segger_embedded_studio_for_arm_4.20a/lib/libdebugio_mempoll_v7em_fpv4_sp_d16_hard_t_le_eabi.a(do_nv_debug_operation.o)
                              /usr/share/segger_embedded_studio_for_arm_4.20a/lib/libdebugio_v7em_fpv4_sp_d16_hard_t_le_eabi.a(libdebugio.o) (__do_nvdebug_operation)
/usr/share/segger_embedded_studio_for_arm_4.20a/lib/libm_v7em_fpv4_sp_d16_hard_t_le_eabi.a(libm_asm.o)
                              /usr/share/segger_embedded_studio_for_arm_4.20a/lib/libc_v7em_fpv4_sp_d16_hard_t_le_eabi.a(libc2.o) (__aeabi_i2d)
/usr/share/segger_embedded_studio_for_arm_4.20a/lib/libm_v7em_fpv4_sp_d16_hard_t_le_eabi.a(libm2.o)
                              /usr/share/segger_embedded_studio_for_arm_4.20a/lib/libvfprintf_v7em_fpv4_sp_d16_hard_t_le_eabi.o (frexp)
/usr/share/segger_embedded_studio_for_arm_4.20a/lib/libm_v7em_fpv4_sp_d16_hard_t_le_eabi.a(libm2_asm.o)
                              /usr/share/segger_embedded_studio_for_arm_4.20a/lib/libm_v7em_fpv4_sp_d16_hard_t_le_eabi.a(libm2.o) (fabs)

Discarded input sections

 .text          0x0000000000000000        0x0 Output/twi_scanner_pca10056 Release/Obj/thumb_crt0.o
 .data          0x0000000000000000        0x0 Output/twi_scanner_pca10056 Release/Obj/thumb_crt0.o
 .bss           0x0000000000000000        0x0 Output/twi_scanner_pca10056 Release/Obj/thumb_crt0.o
 .text.__aeabi_read_tp
                0x0000000000000000        0x8 Output/twi_scanner_pca10056 Release/Obj/thumb_crt0.o
 .text.abort    0x0000000000000000        0x2 Output/twi_scanner_pca10056 Release/Obj/thumb_crt0.o
 .text.__assert
                0x0000000000000000        0x2 Output/twi_scanner_pca10056 Release/Obj/thumb_crt0.o
 .text.__aeabi_assert
                0x0000000000000000        0x2 Output/twi_scanner_pca10056 Release/Obj/thumb_crt0.o
 .text.__sync_synchronize
                0x0000000000000000        0x2 Output/twi_scanner_pca10056 Release/Obj/thumb_crt0.o
 .text.__getchar
                0x0000000000000000        0x4 Output/twi_scanner_pca10056 Release/Obj/thumb_crt0.o
 .text.__putchar
                0x0000000000000000        0x4 Output/twi_scanner_pca10056 Release/Obj/thumb_crt0.o
 .text.__open   0x0000000000000000        0x4 Output/twi_scanner_pca10056 Release/Obj/thumb_crt0.o
 .text.__close  0x0000000000000000        0x4 Output/twi_scanner_pca10056 Release/Obj/thumb_crt0.o
 .text.__write  0x0000000000000000        0xa Output/twi_scanner_pca10056 Release/Obj/thumb_crt0.o
 .text.__read   0x0000000000000000        0xa Output/twi_scanner_pca10056 Release/Obj/thumb_crt0.o
 .text.__seek   0x0000000000000000       0x1a Output/twi_scanner_pca10056 Release/Obj/thumb_crt0.o
 .bss.__user_locale_name_buffer
                0x0000000000000000        0x4 Output/twi_scanner_pca10056 Release/Obj/thumb_crt0.o
 .stack         0x0000000000000000        0x0 Output/twi_scanner_pca10056 Release/Obj/thumb_crt0.o
 .stack_process
                0x0000000000000000        0x0 Output/twi_scanner_pca10056 Release/Obj/thumb_crt0.o
 .heap          0x0000000000000000        0x0 Output/twi_scanner_pca10056 Release/Obj/thumb_crt0.o
 .group         0x0000000000000000        0xc Output/twi_scanner_pca10056 Release/Obj/nrf_log_backend_rtt.o
 .group         0x0000000000000000        0xc Output/twi_scanner_pca10056 Release/Obj/nrf_log_backend_rtt.o
 .group         0x0000000000000000        0xc Output/twi_scanner_pca10056 Release/Obj/nrf_log_backend_rtt.o
 .group         0x0000000000000000        0xc Output/twi_scanner_pca10056 Release/Obj/nrf_log_backend_rtt.o
[...]
Memory Configuration

Name             Origin             Length             Attributes
UNPLACED_SECTIONS 0x0000000100000000 0x0000000000000000 xw
RAM              0x0000000020000000 0x0000000000040000 xw
FLASH            0x0000000000000000 0x0000000000100000 xw
*default*        0x0000000000000000 0xffffffffffffffff

Linker script and memory map

                0x0000000000000000                __vfprintf = __vfprintf_long
                0x0000000000000000                __vfscanf = __vfscanf_long
                0x0000000020000000                __RAM_segment_start__ = 0x20000000
                0x0000000020040000                __RAM_segment_end__ = 0x20040000
                0x0000000000040000                __RAM_segment_size__ = 0x40000
                0x0000000000000000                __FLASH_segment_start__ = 0x0
                0x0000000000100000                __FLASH_segment_end__ = 0x100000
                0x0000000000100000                __FLASH_segment_size__ = 0x100000
                0x0000000000002000                __HEAPSIZE__ = 0x2000
                0x0000000000000000                __STACKSIZE_PROCESS__ = 0x0
                0x0000000000002000                __STACKSIZE__ = 0x2000
                0x0000000020000000                __vectors_ram_load_start__ = 0x20000000

.vectors_ram    0x0000000020000000        0x0
                0x0000000020000000                __vectors_ram_start__ = .
                0x0000000020000000                __app_ram_start__ = __vectors_ram_start__
 *(.vectors_ram .vectors_ram.*)
                0x0000000020000000                __vectors_ram_end__ = (__vectors_ram_start__ + SIZEOF (.vectors_ram))
                0x0000000000000000                __vectors_ram_size__ = SIZEOF (.vectors_ram)
                0x0000000020000000                __vectors_ram_load_end__ = __vectors_ram_end__
                0x0000000000000001                . = ASSERT (((__vectors_ram_start__ == __vectors_ram_end__) || ((__vectors_ram_end__ - __RAM_segment_start__) <= __RAM_segment_size__)), error: .vectors_ram is too large to fit in RAM memory segment)
                0x0000000020000000                __nrf_sections_run_load_start__ = ALIGN (__vectors_ram_end__, 0x4)

.nrf_sections_run
                0x0000000020000000        0x0
                0x0000000020000000                __nrf_sections_run_start__ = .
                0x0000000020000000                __start_nrf_sections_run = __nrf_sections_run_start__
 *(.nrf_sections_run .nrf_sections_run.*)
                0x0000000020000000                __nrf_sections_run_end__ = (__nrf_sections_run_start__ + SIZEOF (.nrf_sections_run))
                0x0000000000000000                __nrf_sections_run_size__ = SIZEOF (.nrf_sections_run)
                0x0000000020000000                __nrf_sections_run_load_end__ = __nrf_sections_run_end__
                0x0000000000000001                . = ASSERT (((__nrf_sections_run_start__ == __nrf_sections_run_end__) || ((__nrf_sections_run_end__ - __RAM_segment_start__) <= __RAM_segment_size__)), error: .nrf_sections_run is too large to fit in RAM memory segment)
                0x0000000000000000                __vectors_load_start__ = 0x0

.vectors        0x0000000000000000      0x200
                0x0000000000000000                __vectors_start__ = .
 *(.vectors .vectors.*)
 .vectors       0x0000000000000000      0x200 Output/twi_scanner_pca10056 Release/Obj/ses_startup_nrf52840.o
                0x0000000000000000                _vectors
                0x0000000000000200                __vectors_end__ = (__vectors_start__ + SIZEOF (.vectors))
                0x0000000000000200                __vectors_size__ = SIZEOF (.vectors)
                0x0000000000000200                __vectors_load_end__ = __vectors_end__
                0x0000000000000001                . = ASSERT (((__vectors_start__ == __vectors_end__) || ((__vectors_end__ - __FLASH_segment_start__) <= __FLASH_segment_size__)), error: .vectors is too large to fit in FLASH memory segment)
                0x0000000000000200                __init_load_start__ = ALIGN (__vectors_end__, 0x4)

.init           0x0000000000000200      0x1d4
                0x0000000000000200                __init_start__ = .
 *(.init .init.*)
 .init          0x0000000000000200      0x15c Output/twi_scanner_pca10056 Release/Obj/thumb_crt0.o
                0x0000000000000200                _start
                0x00000000000002b4                exit
 .init          0x000000000000035c       0x18 Output/twi_scanner_pca10056 Release/Obj/ses_startup_nrf52840.o
                0x000000000000035c                NMI_Handler
                0x000000000000035e                HardFault_Handler
                0x0000000000000360                MemoryManagement_Handler
                0x0000000000000362                BusFault_Handler
                0x0000000000000364                UsageFault_Handler
                0x0000000000000366                SVC_Handler
                0x0000000000000368                DebugMon_Handler
                0x000000000000036a                PendSV_Handler
                0x000000000000036c                SysTick_Handler
                0x000000000000036e                TIMER2_IRQHandler
                0x000000000000036e                RTC0_IRQHandler
                0x000000000000036e                SWI0_EGU0_IRQHandler
                0x000000000000036e                SWI2_EGU2_IRQHandler
                0x000000000000036e                GPIOTE_IRQHandler
                0x000000000000036e                PWM1_IRQHandler
                0x000000000000036e                POWER_CLOCK_IRQHandler
                0x000000000000036e                RADIO_IRQHandler
                0x000000000000036e                PDM_IRQHandler
                0x000000000000036e                TEMP_IRQHandler
                0x000000000000036e                QDEC_IRQHandler
                0x000000000000036e                TIMER3_IRQHandler
                0x000000000000036e                PWM3_IRQHandler
                0x000000000000036e                FPU_IRQHandler
                0x000000000000036e                USBD_IRQHandler
                0x000000000000036e                TIMER4_IRQHandler
                0x000000000000036e                CRYPTOCELL_IRQHandler
                0x000000000000036e                I2S_IRQHandler
                0x000000000000036e                SWI4_EGU4_IRQHandler
                0x000000000000036e                TIMER0_IRQHandler
                0x000000000000036e                UARTE1_IRQHandler
                0x000000000000036e                Dummy_Handler
                0x000000000000036e                TIMER1_IRQHandler
                0x000000000000036e                SPIM3_IRQHandler
                0x000000000000036e                PWM2_IRQHandler
                0x000000000000036e                ECB_IRQHandler
                0x000000000000036e                SAADC_IRQHandler
                0x000000000000036e                CCM_AAR_IRQHandler
                0x000000000000036e                WDT_IRQHandler
                0x000000000000036e                SWI5_EGU5_IRQHandler
                0x000000000000036e                RNG_IRQHandler
                0x000000000000036e                RTC2_IRQHandler
                0x000000000000036e                PWM0_IRQHandler
                0x000000000000036e                SWI3_EGU3_IRQHandler
                0x000000000000036e                RTC1_IRQHandler
                0x000000000000036e                SWI1_EGU1_IRQHandler
                0x000000000000036e                SPIM2_SPIS2_SPI2_IRQHandler
                0x000000000000036e                NFCT_IRQHandler
                0x000000000000036e                MWU_IRQHandler
                0x000000000000036e                QSPI_IRQHandler
                0x000000000000036e                COMP_LPCOMP_IRQHandler
                0x0000000000000370                nRFInitialize
 .init          0x0000000000000374       0x60 Output/twi_scanner_pca10056 Release/Obj/ses_startup_nrf_common.o
                0x0000000000000374                Reset_Handler
                0x000000000000039c                InitializeUserMemorySections
                0x00000000000003d4                __init_end__ = (__init_start__ + SIZEOF (.init))
                0x00000000000001d4                __init_size__ = SIZEOF (.init)
                0x00000000000003d4                __init_load_end__ = __init_end__
                0x0000000000000001                . = ASSERT (((__init_start__ == __init_end__) || ((__init_end__ - __FLASH_segment_start__) <= __FLASH_segment_size__)), error: .init is too large to fit in FLASH memory segment)
                0x00000000000003d4                __init_rodata_load_start__ = ALIGN (__init_end__, 0x4)

.init_rodata    0x00000000000003d4        0x0
                0x00000000000003d4                __init_rodata_start__ = .
 *(.init_rodata .init_rodata.*)
                0x00000000000003d4                __init_rodata_end__ = (__init_rodata_start__ + SIZEOF (.init_rodata))
                0x0000000000000000                __init_rodata_size__ = SIZEOF (.init_rodata)
                0x00000000000003d4                __init_rodata_load_end__ = __init_rodata_end__
                0x0000000000000001                . = ASSERT (((__init_rodata_start__ == __init_rodata_end__) || ((__init_rodata_end__ - __FLASH_segment_start__) <= __FLASH_segment_size__)), error: .init_rodata is too large to fit in FLASH memory segment)
                0x00000000000003d4                __text_load_start__ = ALIGN (__init_rodata_end__, 0x4)

.text           0x00000000000003d4     0x1cd6
                0x00000000000003d4                __text_start__ = .
 *(.text .text.* .glue_7t .glue_7 .gnu.linkonce.t.* .gcc_except_table .ARM.extab* .gnu.linkonce.armextab.*)
 .glue_7        0x00000000000003d4        0x0 linker stubs
 .glue_7t       0x00000000000003d4        0x0 linker stubs
 .text.nrf_log_backend_rtt_flush
                0x00000000000003d4        0x2 Output/twi_scanner_pca10056 Release/Obj/nrf_log_backend_rtt.o
 *fill*         0x00000000000003d6        0x2 
 .text.nrf_log_backend_rtt_put
                0x00000000000003d8       0x1c Output/twi_scanner_pca10056 Release/Obj/nrf_log_backend_rtt.o
 .text.serial_tx
                0x00000000000003f4       0x50 Output/twi_scanner_pca10056 Release/Obj/nrf_log_backend_rtt.o
 .text.nrf_log_backend_rtt_panic_set
                0x0000000000000444        0x2 Output/twi_scanner_pca10056 Release/Obj/nrf_log_backend_rtt.o
 .text.nrf_log_backend_rtt_init
                0x0000000000000446        0x4 Output/twi_scanner_pca10056 Release/Obj/nrf_log_backend_rtt.o
                0x0000000000000446                nrf_log_backend_rtt_init
 .text.nrf_log_backend_serial_put
                0x000000000000044a       0xc0 Output/twi_scanner_pca10056 Release/Obj/nrf_log_backend_serial.o
                0x000000000000044a                nrf_log_backend_serial_put
 *fill*         0x000000000000050a        0x2 
 .text.nrf_log_default_backends_init
                0x000000000000050c       0x20 Output/twi_scanner_pca10056 Release/Obj/nrf_log_default_backends.o
                0x000000000000050c                nrf_log_default_backends_init
 .text.invalid_packets_omit
                0x000000000000052c       0x3a Output/twi_scanner_pca10056 Release/Obj/nrf_log_frontend.o
 *fill*         0x0000000000000566        0x2 
 .text.buf_prealloc
                0x0000000000000568      0x130 Output/twi_scanner_pca10056 Release/Obj/nrf_log_frontend.o
 .text.nrf_log_init
                0x0000000000000698       0x3c Output/twi_scanner_pca10056 Release/Obj/nrf_log_frontend.o
                0x0000000000000698                nrf_log_init
 .text.nrf_log_module_name_get
                0x00000000000006d4       0x38 Output/twi_scanner_pca10056 Release/Obj/nrf_log_frontend.o
                0x00000000000006d4                nrf_log_module_name_get
 .text.nrf_log_color_id_get
                0x000000000000070c       0x2c Output/twi_scanner_pca10056 Release/Obj/nrf_log_frontend.o
                0x000000000000070c                nrf_log_color_id_get
 .text.buffer_is_empty
                0x0000000000000738       0x14 Output/twi_scanner_pca10056 Release/Obj/nrf_log_frontend.o
                0x0000000000000738                buffer_is_empty
 .text.nrf_log_frontend_dequeue
                0x000000000000074c      0x21c Output/twi_scanner_pca10056 Release/Obj/nrf_log_frontend.o
                0x000000000000074c                nrf_log_frontend_dequeue
 .text.std_n    0x0000000000000968       0xb0 Output/twi_scanner_pca10056 Release/Obj/nrf_log_frontend.o
 .text.nrf_log_frontend_std_0
                0x0000000000000a18        0x8 Output/twi_scanner_pca10056 Release/Obj/nrf_log_frontend.o
                0x0000000000000a18                nrf_log_frontend_std_0
 .text.nrf_log_frontend_std_1
                0x0000000000000a20       0x12 Output/twi_scanner_pca10056 Release/Obj/nrf_log_frontend.o
                0x0000000000000a20                nrf_log_frontend_std_1
 *fill*         0x0000000000000a32        0x2 
 .text.nrf_log_backend_add
                0x0000000000000a34       0x44 Output/twi_scanner_pca10056 Release/Obj/nrf_log_frontend.o
                0x0000000000000a34                nrf_log_backend_add
 .text.nrf_log_panic
                0x0000000000000a78       0x2c Output/twi_scanner_pca10056 Release/Obj/nrf_log_frontend.o
                0x0000000000000a78                nrf_log_panic
 .text.postfix_process
                0x0000000000000aa4       0x3c Output/twi_scanner_pca10056 Release/Obj/nrf_log_str_formatter.o
 .text.prefix_process
                0x0000000000000ae0       0x78 Output/twi_scanner_pca10056 Release/Obj/nrf_log_str_formatter.o
 .text.nrf_log_std_entry_process
                0x0000000000000b58       0xc8 Output/twi_scanner_pca10056 Release/Obj/nrf_log_str_formatter.o
                0x0000000000000b58                nrf_log_std_entry_process
 .text.nrf_log_hexdump_entry_process
                0x0000000000000c20       0xb4 Output/twi_scanner_pca10056 Release/Obj/nrf_log_str_formatter.o
                0x0000000000000c20                nrf_log_hexdump_entry_process
 .text.app_error_handler_bare
                0x0000000000000cd4       0x1a Output/twi_scanner_pca10056 Release/Obj/app_error.o
                0x0000000000000cd4                app_error_handler_bare
 *fill*         0x0000000000000cee        0x2 
 .text.app_error_fault_handler
                0x0000000000000cf0       0x70 Output/twi_scanner_pca10056 Release/Obj/app_error_weak.o
                0x0000000000000cf0                app_error_fault_handler
 .text.app_util_disable_irq
                0x0000000000000d60       0x10 Output/twi_scanner_pca10056 Release/Obj/app_util_platform.o
                0x0000000000000d60                app_util_disable_irq
 .text.app_util_enable_irq
                0x0000000000000d70       0x14 Output/twi_scanner_pca10056 Release/Obj/app_util_platform.o
                0x0000000000000d70                app_util_enable_irq
 .text.app_util_critical_region_enter
                0x0000000000000d84        0x4 Output/twi_scanner_pca10056 Release/Obj/app_util_platform.o
                0x0000000000000d84                app_util_critical_region_enter
 .text.app_util_critical_region_exit
                0x0000000000000d88        0x4 Output/twi_scanner_pca10056 Release/Obj/app_util_platform.o
                0x0000000000000d88                app_util_critical_region_exit
 .text.nrf_atomic_u32_fetch_store
                0x0000000000000d8c       0x14 Output/twi_scanner_pca10056 Release/Obj/nrf_atomic.o
                0x0000000000000d8c                nrf_atomic_u32_fetch_store
 .text.nrf_atomic_u32_or
                0x0000000000000da0       0x16 Output/twi_scanner_pca10056 Release/Obj/nrf_atomic.o
                0x0000000000000da0                nrf_atomic_u32_or
 .text.nrf_atomic_u32_fetch_and
                0x0000000000000db6       0x16 Output/twi_scanner_pca10056 Release/Obj/nrf_atomic.o
                0x0000000000000db6                nrf_atomic_u32_fetch_and
 .text.nrf_atomic_u32_add
                0x0000000000000dcc       0x16 Output/twi_scanner_pca10056 Release/Obj/nrf_atomic.o
                0x0000000000000dcc                nrf_atomic_u32_add
 .text.nrf_atomic_u32_sub
                0x0000000000000de2       0x16 Output/twi_scanner_pca10056 Release/Obj/nrf_atomic.o
                0x0000000000000de2                nrf_atomic_u32_sub
 .text.nrf_atomic_flag_set
                0x0000000000000df8        0x6 Output/twi_scanner_pca10056 Release/Obj/nrf_atomic.o
                0x0000000000000df8                nrf_atomic_flag_set
 .text.nrf_atomic_flag_clear_fetch
                0x0000000000000dfe        0x6 Output/twi_scanner_pca10056 Release/Obj/nrf_atomic.o
                0x0000000000000dfe                nrf_atomic_flag_clear_fetch
 .text.nrf_balloc_init
                0x0000000000000e04       0x2e Output/twi_scanner_pca10056 Release/Obj/nrf_balloc.o
                0x0000000000000e04                nrf_balloc_init
 .text.nrf_balloc_alloc
                0x0000000000000e32       0x40 Output/twi_scanner_pca10056 Release/Obj/nrf_balloc.o
                0x0000000000000e32                nrf_balloc_alloc
 .text.nrf_balloc_free
                0x0000000000000e72       0x2a Output/twi_scanner_pca10056 Release/Obj/nrf_balloc.o
                0x0000000000000e72                nrf_balloc_free
 .text.nrf_fprintf_buffer_flush
                0x0000000000000e9c       0x16 Output/twi_scanner_pca10056 Release/Obj/nrf_fprintf.o
                0x0000000000000e9c                nrf_fprintf_buffer_flush
 .text.nrf_fprintf
                0x0000000000000eb2       0x1c Output/twi_scanner_pca10056 Release/Obj/nrf_fprintf.o
                0x0000000000000eb2                nrf_fprintf
 .text.buffer_add
                0x0000000000000ece       0x1e Output/twi_scanner_pca10056 Release/Obj/nrf_fprintf_format.o
 .text.unsigned_print
                0x0000000000000eec       0xb0 Output/twi_scanner_pca10056 Release/Obj/nrf_fprintf_format.o
 .text.nrf_fprintf_fmt
                0x0000000000000f9c      0x276 Output/twi_scanner_pca10056 Release/Obj/nrf_fprintf_format.o
                0x0000000000000f9c                nrf_fprintf_fmt
 .text.memobj_op
                0x0000000000001212       0x82 Output/twi_scanner_pca10056 Release/Obj/nrf_memobj.o
 .text.nrf_memobj_pool_init
                0x0000000000001294        0x4 Output/twi_scanner_pca10056 Release/Obj/nrf_memobj.o
                0x0000000000001294                nrf_memobj_pool_init
 .text.nrf_memobj_free
                0x0000000000001298       0x2c Output/twi_scanner_pca10056 Release/Obj/nrf_memobj.o
                0x0000000000001298                nrf_memobj_free
 .text.nrf_memobj_alloc
                0x00000000000012c4       0x5e Output/twi_scanner_pca10056 Release/Obj/nrf_memobj.o
                0x00000000000012c4                nrf_memobj_alloc
 .text.nrf_memobj_get
                0x0000000000001322        0x8 Output/twi_scanner_pca10056 Release/Obj/nrf_memobj.o
                0x0000000000001322                nrf_memobj_get
 .text.nrf_memobj_put
                0x000000000000132a       0x1e Output/twi_scanner_pca10056 Release/Obj/nrf_memobj.o
                0x000000000000132a                nrf_memobj_put
 .text.nrf_memobj_write
                0x0000000000001348       0x14 Output/twi_scanner_pca10056 Release/Obj/nrf_memobj.o
                0x0000000000001348                nrf_memobj_write
 .text.nrf_memobj_read
                0x000000000000135c       0x14 Output/twi_scanner_pca10056 Release/Obj/nrf_memobj.o
                0x000000000000135c                nrf_memobj_read
 .text.nrf_ringbuf_init
                0x0000000000001370       0x12 Output/twi_scanner_pca10056 Release/Obj/nrf_ringbuf.o
                0x0000000000001370                nrf_ringbuf_init
 *fill*         0x0000000000001382        0x2 
 .text.twim_evt_handler
                0x0000000000001384       0x40 Output/twi_scanner_pca10056 Release/Obj/nrf_drv_twi.o
 .text.nrfx_coredep_delay_us.part.0.constprop.1
                0x00000000000013c4       0x10 Output/twi_scanner_pca10056 Release/Obj/nrf_drv_twi.o
 .text.nrf_gpio_pin_set
                0x00000000000013d4       0x20 Output/twi_scanner_pca10056 Release/Obj/nrf_drv_twi.o
 .text.nrf_drv_twi_init
                0x00000000000013f4      0x100 Output/twi_scanner_pca10056 Release/Obj/nrf_drv_twi.o
                0x00000000000013f4                nrf_drv_twi_init
 .text.UARTE0_UART0_IRQHandler
                0x00000000000014f4        0xc Output/twi_scanner_pca10056 Release/Obj/nrfx_prs.o
                0x00000000000014f4                UARTE0_UART0_IRQHandler
 .text.nrfx_prs_acquire
                0x0000000000001500       0x38 Output/twi_scanner_pca10056 Release/Obj/nrfx_prs.o
                0x0000000000001500                nrfx_prs_acquire
 .text.nrf_twim_event_clear
                0x0000000000001538       0x10 Output/twi_scanner_pca10056 Release/Obj/nrfx_twim.o
 .text.twim_irq_handler
                0x0000000000001548      0x124 Output/twi_scanner_pca10056 Release/Obj/nrfx_twim.o
 .text.SPIM0_SPIS0_TWIM0_TWIS0_SPI0_TWI0_IRQHandler
                0x000000000000166c       0x10 Output/twi_scanner_pca10056 Release/Obj/nrfx_twim.o
                0x000000000000166c                SPIM0_SPIS0_TWIM0_TWIS0_SPI0_TWI0_IRQHandler
 .text.SPIM1_SPIS1_TWIM1_TWIS1_SPI1_TWI1_IRQHandler
                0x000000000000167c       0x10 Output/twi_scanner_pca10056 Release/Obj/nrfx_twim.o
                0x000000000000167c                SPIM1_SPIS1_TWIM1_TWIS1_SPI1_TWI1_IRQHandler
 .text.nrfx_twim_init
                0x000000000000168c      0x110 Output/twi_scanner_pca10056 Release/Obj/nrfx_twim.o
                0x000000000000168c                nrfx_twim_init
 .text.nrfx_twim_enable
                0x000000000000179c       0x20 Output/twi_scanner_pca10056 Release/Obj/nrfx_twim.o
                0x000000000000179c                nrfx_twim_enable
 .text.nrfx_twim_xfer
                0x00000000000017bc      0x284 Output/twi_scanner_pca10056 Release/Obj/nrfx_twim.o
                0x00000000000017bc                nrfx_twim_xfer
 .text.nrfx_twim_rx
                0x0000000000001a40       0x34 Output/twi_scanner_pca10056 Release/Obj/nrfx_twim.o
                0x0000000000001a40                nrfx_twim_rx
 .text.twi_init
                0x0000000000001a74       0x40 Output/twi_scanner_pca10056 Release/Obj/main.o
                0x0000000000001a74                twi_init
 .text.startup.main
                0x0000000000001ab4       0x98 Output/twi_scanner_pca10056 Release/Obj/main.o
                0x0000000000001ab4                main
 .text._GetAvailWriteSpace
                0x0000000000001b4c       0x1c Output/twi_scanner_pca10056 Release/Obj/SEGGER_RTT.o
 .text._WriteNoCheck
                0x0000000000001b68       0x34 Output/twi_scanner_pca10056 Release/Obj/SEGGER_RTT.o
 .text._WriteBlocking
                0x0000000000001b9c       0x52 Output/twi_scanner_pca10056 Release/Obj/SEGGER_RTT.o
 *fill*         0x0000000000001bee        0x2 
 .text._DoInit  0x0000000000001bf0       0x60 Output/twi_scanner_pca10056 Release/Obj/SEGGER_RTT.o
 .text.SEGGER_RTT_WriteNoLock
                0x0000000000001c50       0x68 Output/twi_scanner_pca10056 Release/Obj/SEGGER_RTT.o
                0x0000000000001c50                SEGGER_RTT_WriteNoLock
 .text.SEGGER_RTT_Init
                0x0000000000001cb8        0x4 Output/twi_scanner_pca10056 Release/Obj/SEGGER_RTT.o
                0x0000000000001cb8                SEGGER_RTT_Init
 .text.errata_98
                0x0000000000001cbc       0x20 Output/twi_scanner_pca10056 Release/Obj/system_nrf52840.o
 .text.SystemInit
                0x0000000000001cdc      0x1b8 Output/twi_scanner_pca10056 Release/Obj/system_nrf52840.o
                0x0000000000001cdc                SystemInit
 .text.libc.__RAL_ascii_isctype
                0x0000000000001e94       0x1c /usr/share/segger_embedded_studio_for_arm_4.20a/lib/libc_v7em_fpv4_sp_d16_hard_t_le_eabi.a(libc2.o)
 .text.libc.__RAL_ascii_toupper
                0x0000000000001eb0        0xc /usr/share/segger_embedded_studio_for_arm_4.20a/lib/libc_v7em_fpv4_sp_d16_hard_t_le_eabi.a(libc2.o)
 .text.libc.__RAL_ascii_tolower
                0x0000000000001ebc        0xc /usr/share/segger_embedded_studio_for_arm_4.20a/lib/libc_v7em_fpv4_sp_d16_hard_t_le_eabi.a(libc2.o)
 .text.libc.__RAL_ascii_iswctype
                0x0000000000001ec8       0x1c /usr/share/segger_embedded_studio_for_arm_4.20a/lib/libc_v7em_fpv4_sp_d16_hard_t_le_eabi.a(libc2.o)
 .text.libc.__RAL_ascii_towupper
                0x0000000000001ee4        0xc /usr/share/segger_embedded_studio_for_arm_4.20a/lib/libc_v7em_fpv4_sp_d16_hard_t_le_eabi.a(libc2.o)
 .text.libc.__RAL_ascii_towlower
                0x0000000000001ef0        0xc /usr/share/segger_embedded_studio_for_arm_4.20a/lib/libc_v7em_fpv4_sp_d16_hard_t_le_eabi.a(libc2.o)
 .text.libc.__RAL_ascii_wctomb
                0x0000000000001efc        0xe /usr/share/segger_embedded_studio_for_arm_4.20a/lib/libc_v7em_fpv4_sp_d16_hard_t_le_eabi.a(libc2.o)
                0x0000000000001efc                __RAL_ascii_wctomb
 .text.libc.__RAL_ascii_mbtowc
                0x0000000000001f0a       0x24 /usr/share/segger_embedded_studio_for_arm_4.20a/lib/libc_v7em_fpv4_sp_d16_hard_t_le_eabi.a(libc2.o)
                0x0000000000001f0a                __RAL_ascii_mbtowc
 *fill*         0x0000000000001f2e        0x2 
 .text.libc.__RAL_isctype
                0x0000000000001f30       0x14 /usr/share/segger_embedded_studio_for_arm_4.20a/lib/libc_v7em_fpv4_sp_d16_hard_t_le_eabi.a(libc2.o)
                0x0000000000001f30                __RAL_isctype
 .text.libc.isprint
                0x0000000000001f44        0xa /usr/share/segger_embedded_studio_for_arm_4.20a/lib/libc_v7em_fpv4_sp_d16_hard_t_le_eabi.a(libc2.o)
                0x0000000000001f44                isprint
 .text.libc.memcpy
                0x0000000000001f4e       0x52 /usr/share/segger_embedded_studio_for_arm_4.20a/lib/libc_v7em_fpv4_sp_d16_hard_t_le_eabi.a(libc2_asm.o)
                0x0000000000001f4e                memcpy
                0x0000000000001f4e                __aeabi_memcpy
                0x0000000000001f5a                __aeabi_memcpy4
                0x0000000000001f5a                __aeabi_memcpy8
 .text.libc.memset
                0x0000000000001fa0       0x66 /usr/share/segger_embedded_studio_for_arm_4.20a/lib/libc_v7em_fpv4_sp_d16_hard_t_le_eabi.a(libc2_asm.o)
                0x0000000000001fa0                memset
 .text.libc.strcpy
                0x0000000000002006       0x44 /usr/share/segger_embedded_studio_for_arm_4.20a/lib/libc_v7em_fpv4_sp_d16_hard_t_le_eabi.a(libc2_asm.o)
                0x0000000000002006                strcpy
 .text.libc.strlen
                0x000000000000204a       0x60 /usr/share/segger_embedded_studio_for_arm_4.20a/lib/libc_v7em_fpv4_sp_d16_hard_t_le_eabi.a(libc2_asm.o)
                0x000000000000204a                strlen
                0x00000000000020aa                __text_end__ = (__text_start__ + SIZEOF (.text))
                0x0000000000001cd6                __text_size__ = SIZEOF (.text)
                0x00000000000020aa                __text_load_end__ = __text_end__

.vfp11_veneer   0x0000000100000000        0x0
 .vfp11_veneer  0x0000000100000000        0x0 linker stubs

.v4_bx          0x0000000100000000        0x0
 .v4_bx         0x0000000100000000        0x0 linker stubs

.iplt           0x0000000100000000        0x0
 .iplt          0x0000000100000000        0x0 Output/twi_scanner_pca10056 Release/Obj/thumb_crt0.o
                0x0000000000000001                . = ASSERT (((__text_start__ == __text_end__) || ((__text_end__ - __FLASH_segment_start__) <= __FLASH_segment_size__)), error: .text is too large to fit in FLASH memory segment)
                0x00000000000020ac                __log_const_data_load_start__ = ALIGN (__text_end__, 0x4)

.log_const_data
                0x00000000000020ac       0x28
                0x00000000000020ac                __log_const_data_start__ = .
                0x00000000000020ac                __start_log_const_data = __log_const_data_start__
 *(SORT_BY_NAME(.log_const_data*))
 .log_const_data_PRS
                0x00000000000020ac        0x8 Output/twi_scanner_pca10056 Release/Obj/nrfx_prs.o
                0x00000000000020ac                m_nrf_log_PRS_logs_data_const
 .log_const_data_TWIM
                0x00000000000020b4        0x8 Output/twi_scanner_pca10056 Release/Obj/nrfx_twim.o
                0x00000000000020b4                m_nrf_log_TWIM_logs_data_const
 .log_const_data_UART
                0x00000000000020bc        0x8 Output/twi_scanner_pca10056 Release/Obj/nrfx_uart.o
                0x00000000000020bc                m_nrf_log_UART_logs_data_const
 .log_const_data_UARTE
                0x00000000000020c4        0x8 Output/twi_scanner_pca10056 Release/Obj/nrfx_uarte.o
                0x00000000000020c4                m_nrf_log_UARTE_logs_data_const
 .log_const_data_app
                0x00000000000020cc        0x8 Output/twi_scanner_pca10056 Release/Obj/nrf_log_frontend.o
                0x00000000000020cc                m_nrf_log_app_logs_data_const
                0x00000000000020d4                __log_const_data_end__ = (__log_const_data_start__ + SIZEOF (.log_const_data))
                0x0000000000000028                __log_const_data_size__ = SIZEOF (.log_const_data)
                0x00000000000020d4                __stop_log_const_data = __log_const_data_end__
                0x00000000000020d4                __log_const_data_load_end__ = __log_const_data_end__
                0x0000000000000001                . = ASSERT (((__log_const_data_start__ == __log_const_data_end__) || ((__log_const_data_end__ - __FLASH_segment_start__) <= __FLASH_segment_size__)), error: .log_const_data is too large to fit in FLASH memory segment)
                0x00000000000020d4                __log_backends_load_start__ = ALIGN (__log_const_data_end__, 0x4)

.log_backends   0x00000000000020d4       0x10
                0x00000000000020d4                __log_backends_start__ = .
                0x00000000000020d4                __start_log_backends = __log_backends_start__
 *(SORT_BY_NAME(.log_backends*))
 .log_backends  0x00000000000020d4       0x10 Output/twi_scanner_pca10056 Release/Obj/nrf_log_default_backends.o
                0x00000000000020e4                __log_backends_end__ = (__log_backends_start__ + SIZEOF (.log_backends))
                0x0000000000000010                __log_backends_size__ = SIZEOF (.log_backends)
                0x00000000000020e4                __stop_log_backends = __log_backends_end__
                0x00000000000020e4                __log_backends_load_end__ = __log_backends_end__
                0x0000000000000001                . = ASSERT (((__log_backends_start__ == __log_backends_end__) || ((__log_backends_end__ - __FLASH_segment_start__) <= __FLASH_segment_size__)), error: .log_backends is too large to fit in FLASH memory segment)
                0x00000000000020e4                __nrf_balloc_load_start__ = ALIGN (__log_backends_end__, 0x4)

.nrf_balloc     0x00000000000020e4       0x14
                0x00000000000020e4                __nrf_balloc_start__ = .
                0x00000000000020e4                __start_nrf_balloc = __nrf_balloc_start__
 *(.nrf_balloc*)
 .nrf_balloc    0x00000000000020e4       0x14 Output/twi_scanner_pca10056 Release/Obj/nrf_log_frontend.o
                0x00000000000020e4                log_mempool
                0x00000000000020f8                __nrf_balloc_end__ = (__nrf_balloc_start__ + SIZEOF (.nrf_balloc))
                0x0000000000000014                __nrf_balloc_size__ = SIZEOF (.nrf_balloc)
                0x00000000000020f8                __stop_nrf_balloc = __nrf_balloc_end__
                0x00000000000020f8                __nrf_balloc_load_end__ = __nrf_balloc_end__
                0x0000000000000001                . = ASSERT (((__nrf_balloc_start__ == __nrf_balloc_end__) || ((__nrf_balloc_end__ - __FLASH_segment_start__) <= __FLASH_segment_size__)), error: .nrf_balloc is too large to fit in FLASH memory segment)
                0x00000000000020f8                __nrf_sections_load_start__ = ALIGN (__nrf_balloc_end__, 0x4)

.nrf_sections   0x00000000000020f8        0x0
                0x00000000000020f8                __nrf_sections_start__ = .
                0x00000000000020f8                __start_nrf_sections = __nrf_sections_start__
 *(.nrf_sections .nrf_sections.*)
                0x00000000000020f8                __nrf_sections_end__ = (__nrf_sections_start__ + SIZEOF (.nrf_sections))
                0x0000000000000000                __nrf_sections_size__ = SIZEOF (.nrf_sections)
                0x00000000000020f8                __nrf_sections_load_end__ = __nrf_sections_end__
                0x0000000000000001                . = ASSERT (((__nrf_sections_start__ == __nrf_sections_end__) || ((__nrf_sections_end__ - __FLASH_segment_start__) <= __FLASH_segment_size__)), error: .nrf_sections is too large to fit in FLASH memory segment)
                0x00000000000020f8                __log_dynamic_data_load_start__ = ALIGN (__nrf_sections_end__, 0x4)

.log_dynamic_data
                0x0000000020000000        0x0 load address 0x00000000000020f8
                0x0000000020000000                __log_dynamic_data_start__ = .
 *(SORT_BY_NAME(.log_dynamic_data*))
                0x0000000020000000                __log_dynamic_data_end__ = (__log_dynamic_data_start__ + SIZEOF (.log_dynamic_data))
                0x0000000000000000                __log_dynamic_data_size__ = SIZEOF (.log_dynamic_data)
                0x00000000000020f8                __log_dynamic_data_load_end__ = (__log_dynamic_data_load_start__ + SIZEOF (.log_dynamic_data))
                0x0000000000000001                . = ASSERT (((__log_dynamic_data_load_start__ == __log_dynamic_data_load_end__) || ((__log_dynamic_data_load_end__ - __FLASH_segment_start__) <= __FLASH_segment_size__)), error: .log_dynamic_data is too large to fit in FLASH memory segment)

.log_dynamic_data_run
                0x0000000020000000        0x0
                0x0000000020000000                __log_dynamic_data_run_start__ = .
                0x0000000020000000                __start_log_dynamic_data = __log_dynamic_data_run_start__
                0x0000000020000000                . = MAX ((__log_dynamic_data_run_start__ + SIZEOF (.log_dynamic_data)), .)
                0x0000000020000000                __log_dynamic_data_run_end__ = (__log_dynamic_data_run_start__ + SIZEOF (.log_dynamic_data_run))
                0x0000000000000000                __log_dynamic_data_run_size__ = SIZEOF (.log_dynamic_data_run)
                0x0000000020000000                __stop_log_dynamic_data = __log_dynamic_data_run_end__
                0x0000000020000000                __log_dynamic_data_run_load_end__ = __log_dynamic_data_run_end__
                0x0000000000000001                . = ASSERT (((__log_dynamic_data_run_start__ == __log_dynamic_data_run_end__) || ((__log_dynamic_data_run_end__ - __RAM_segment_start__) <= __RAM_segment_size__)), error: .log_dynamic_data_run is too large to fit in RAM memory segment)
                0x00000000000020f8                __log_filter_data_load_start__ = ALIGN ((__log_dynamic_data_load_start__ + SIZEOF (.log_dynamic_data)), 0x4)

.log_filter_data
                0x0000000020000000        0x0 load address 0x00000000000020f8
                0x0000000020000000                __log_filter_data_start__ = .
 *(SORT_BY_NAME(.log_filter_data*))
                0x0000000020000000                __log_filter_data_end__ = (__log_filter_data_start__ + SIZEOF (.log_filter_data))
                0x0000000000000000                __log_filter_data_size__ = SIZEOF (.log_filter_data)
                0x00000000000020f8                __log_filter_data_load_end__ = (__log_filter_data_load_start__ + SIZEOF (.log_filter_data))
                0x0000000000000001                . = ASSERT (((__log_filter_data_load_start__ == __log_filter_data_load_end__) || ((__log_filter_data_load_end__ - __FLASH_segment_start__) <= __FLASH_segment_size__)), error: .log_filter_data is too large to fit in FLASH memory segment)

.log_filter_data_run
                0x0000000020000000        0x0
                0x0000000020000000                __log_filter_data_run_start__ = .
                0x0000000020000000                __start_log_filter_data = __log_filter_data_run_start__
                0x0000000020000000                . = MAX ((__log_filter_data_run_start__ + SIZEOF (.log_filter_data)), .)
                0x0000000020000000                __log_filter_data_run_end__ = (__log_filter_data_run_start__ + SIZEOF (.log_filter_data_run))
                0x0000000000000000                __log_filter_data_run_size__ = SIZEOF (.log_filter_data_run)
                0x0000000020000000                __stop_log_filter_data = __log_filter_data_run_end__
                0x0000000020000000                __log_filter_data_run_load_end__ = __log_filter_data_run_end__
                0x0000000000000001                . = ASSERT (((__log_filter_data_run_start__ == __log_filter_data_run_end__) || ((__log_filter_data_run_end__ - __RAM_segment_start__) <= __RAM_segment_size__)), error: .log_filter_data_run is too large to fit in RAM memory segment)
                0x0000000020000000                __nrf_sections_run_end_load_start__ = ALIGN (__log_filter_data_run_end__, 0x4)

.nrf_sections_run_end
                0x0000000020000000        0x0
                0x0000000020000000                __nrf_sections_run_end_start__ = .
                0x0000000020000000                __end_nrf_sections_run = __nrf_sections_run_end_start__
 *(.nrf_sections_run_end .nrf_sections_run_end.*)
                0x0000000020000000                __nrf_sections_run_end_end__ = (__nrf_sections_run_end_start__ + SIZEOF (.nrf_sections_run_end))
                0x0000000000000000                __nrf_sections_run_end_size__ = SIZEOF (.nrf_sections_run_end)
                0x0000000020000000                __nrf_sections_run_end_load_end__ = __nrf_sections_run_end_end__
                0x0000000000000001                . = ASSERT (((__nrf_sections_run_end_start__ == __nrf_sections_run_end_end__) || ((__nrf_sections_run_end_end__ - __RAM_segment_start__) <= __RAM_segment_size__)), error: .nrf_sections_run_end is too large to fit in RAM memory segment)
                0x00000000000020f8                __dtors_load_start__ = ALIGN ((__log_filter_data_load_start__ + SIZEOF (.log_filter_data)), 0x4)

.dtors          0x00000000000020f8        0x0
                0x00000000000020f8                __dtors_start__ = .
 *(SORT_BY_NAME(.dtors.*))
 *(.dtors)
 *(.fini_array)
 *(SORT_BY_NAME(.fini_array.*))
                0x00000000000020f8                __dtors_end__ = (__dtors_start__ + SIZEOF (.dtors))
                0x0000000000000000                __dtors_size__ = SIZEOF (.dtors)
                0x00000000000020f8                __dtors_load_end__ = __dtors_end__
                0x0000000000000001                . = ASSERT (((__dtors_start__ == __dtors_end__) || ((__dtors_end__ - __FLASH_segment_start__) <= __FLASH_segment_size__)), error: .dtors is too large to fit in FLASH memory segment)
                0x00000000000020f8                __ctors_load_start__ = ALIGN (__dtors_end__, 0x4)

.ctors          0x00000000000020f8        0x0
                0x00000000000020f8                __ctors_start__ = .
 *(SORT_BY_NAME(.ctors.*))
 *(.ctors)
 *(.init_array)
 *(SORT_BY_NAME(.init_array.*))
                0x00000000000020f8                __ctors_end__ = (__ctors_start__ + SIZEOF (.ctors))
                0x0000000000000000                __ctors_size__ = SIZEOF (.ctors)
                0x00000000000020f8                __ctors_load_end__ = __ctors_end__
                0x0000000000000001                . = ASSERT (((__ctors_start__ == __ctors_end__) || ((__ctors_end__ - __FLASH_segment_start__) <= __FLASH_segment_size__)), error: .ctors is too large to fit in FLASH memory segment)
                0x00000000000020f8                __rodata_load_start__ = ALIGN (__ctors_end__, 0x4)

.rodata         0x00000000000020f8      0x420
                0x00000000000020f8                __rodata_start__ = .
 *(.rodata .rodata.* .gnu.linkonce.r.*)
 *fill*         0x00000000000020f8        0x8 
 .rodata.delay_machine_code.8432
                0x0000000000002100        0x6 Output/twi_scanner_pca10056 Release/Obj/nrf_log_backend_rtt.o
 *fill*         0x0000000000002106        0x2 
 .rodata.nrf_log_backend_rtt_api
                0x0000000000002108        0xc Output/twi_scanner_pca10056 Release/Obj/nrf_log_backend_rtt.o
                0x0000000000002108                nrf_log_backend_rtt_api
 .rodata.str1.1
                0x0000000000002114       0x10 Output/twi_scanner_pca10056 Release/Obj/nrf_log_default_backends.o
 .rodata.m_log_push_ringbuf
                0x0000000000002124        0xc Output/twi_scanner_pca10056 Release/Obj/nrf_log_frontend.o
 .rodata.nrf_log_frontend_dequeue.str1.1
                0x0000000000002130       0x11 Output/twi_scanner_pca10056 Release/Obj/nrf_log_frontend.o
 .rodata.str1.1
                0x0000000000002141        0x4 Output/twi_scanner_pca10056 Release/Obj/nrf_log_frontend.o
 *fill*         0x0000000000002145        0x3 
 .rodata.m_colors
                0x0000000000002148       0x24 Output/twi_scanner_pca10056 Release/Obj/nrf_log_str_formatter.o
 .rodata.nrf_log_hexdump_entry_process.str1.1
                0x000000000000216c        0xf Output/twi_scanner_pca10056 Release/Obj/nrf_log_str_formatter.o
                                         0x11 (size before relaxing)
 .rodata.postfix_process.str1.1
                0x000000000000217b        0x8 Output/twi_scanner_pca10056 Release/Obj/nrf_log_str_formatter.o
                                          0xb (size before relaxing)
 .rodata.prefix_process.str1.1
                0x0000000000002183       0x2a Output/twi_scanner_pca10056 Release/Obj/nrf_log_str_formatter.o
 *fill*         0x00000000000021ad        0x3 
 .rodata.severity_names
                0x00000000000021b0       0x14 Output/twi_scanner_pca10056 Release/Obj/nrf_log_str_formatter.o
 .rodata.str1.1
                0x00000000000021c4       0x4b Output/twi_scanner_pca10056 Release/Obj/nrf_log_str_formatter.o
                                         0x51 (size before relaxing)
 .rodata.app_error_fault_handler.str1.1
                0x000000000000220f       0x19 Output/twi_scanner_pca10056 Release/Obj/app_error_weak.o
 .rodata._aV2C.7753
                0x0000000000002228       0x10 Output/twi_scanner_pca10056 Release/Obj/nrf_fprintf_format.o
 *fill*         0x0000000000002238        0x8 
 .rodata.delay_machine_code.7824
                0x0000000000002240        0x6 Output/twi_scanner_pca10056 Release/Obj/nrf_drv_twi.o
 .rodata.str1.1
                0x0000000000002246        0x4 Output/twi_scanner_pca10056 Release/Obj/nrfx_prs.o
 *fill*         0x000000000000224a        0x2 
 .rodata.irq_handlers.8756
                0x000000000000224c        0x8 Output/twi_scanner_pca10056 Release/Obj/nrfx_twim.o
 .rodata.str1.1
                0x0000000000002254        0x5 Output/twi_scanner_pca10056 Release/Obj/nrfx_twim.o
 .rodata.str1.1
                0x0000000000002259        0x5 Output/twi_scanner_pca10056 Release/Obj/nrfx_uart.o
 .rodata.str1.1
                0x000000000000225e        0x6 Output/twi_scanner_pca10056 Release/Obj/nrfx_uarte.o
 .rodata.m_twi  0x0000000000002264       0x10 Output/twi_scanner_pca10056 Release/Obj/main.o
 .rodata.main.str1.1
                0x0000000000002274       0x4f Output/twi_scanner_pca10056 Release/Obj/main.o
 .rodata._DoInit.str1.1
                0x00000000000022c3       0x14 Output/twi_scanner_pca10056 Release/Obj/SEGGER_RTT.o
 *fill*         0x00000000000022d7        0x1 
 .rodata.libc.__RAL_ascii_ctype_map
                0x00000000000022d8       0x80 /usr/share/segger_embedded_studio_for_arm_4.20a/lib/libc_v7em_fpv4_sp_d16_hard_t_le_eabi.a(libc2.o)
                0x00000000000022d8                __RAL_ascii_ctype_map
 .rodata.libc.__RAL_ascii_ctype_mask
                0x0000000000002358        0xd /usr/share/segger_embedded_studio_for_arm_4.20a/lib/libc_v7em_fpv4_sp_d16_hard_t_le_eabi.a(libc2.o)
 *fill*         0x0000000000002365        0x3 
 .rodata.libc.__RAL_c_locale
                0x0000000000002368        0xc /usr/share/segger_embedded_studio_for_arm_4.20a/lib/libc_v7em_fpv4_sp_d16_hard_t_le_eabi.a(libc2.o)
                0x0000000000002368                __RAL_c_locale
 .rodata.libc.__RAL_c_locale_abbrev_day_names
                0x0000000000002374       0x1d /usr/share/segger_embedded_studio_for_arm_4.20a/lib/libc_v7em_fpv4_sp_d16_hard_t_le_eabi.a(libc2.o)
                0x0000000000002374                __RAL_c_locale_abbrev_day_names
 *fill*         0x0000000000002391        0x3 
 .rodata.libc.__RAL_c_locale_abbrev_month_names
                0x0000000000002394       0x31 /usr/share/segger_embedded_studio_for_arm_4.20a/lib/libc_v7em_fpv4_sp_d16_hard_t_le_eabi.a(libc2.o)
                0x0000000000002394                __RAL_c_locale_abbrev_month_names
 *fill*         0x00000000000023c5        0x3 
 .rodata.libc.__RAL_c_locale_am_pm_indicator
                0x00000000000023c8        0x7 /usr/share/segger_embedded_studio_for_arm_4.20a/lib/libc_v7em_fpv4_sp_d16_hard_t_le_eabi.a(libc2.o)
                0x00000000000023c8                __RAL_c_locale_am_pm_indicator
 *fill*         0x00000000000023cf        0x1 
 .rodata.libc.__RAL_c_locale_data
                0x00000000000023d0       0x58 /usr/share/segger_embedded_studio_for_arm_4.20a/lib/libc_v7em_fpv4_sp_d16_hard_t_le_eabi.a(libc2.o)
                0x00000000000023d0                __RAL_c_locale_data
 .rodata.libc.__RAL_c_locale_date_format
                0x0000000000002428        0x9 /usr/share/segger_embedded_studio_for_arm_4.20a/lib/libc_v7em_fpv4_sp_d16_hard_t_le_eabi.a(libc2.o)
                0x0000000000002428                __RAL_c_locale_date_format
 *fill*         0x0000000000002431        0x3 
 .rodata.libc.__RAL_c_locale_date_time_format
                0x0000000000002434        0xf /usr/share/segger_embedded_studio_for_arm_4.20a/lib/libc_v7em_fpv4_sp_d16_hard_t_le_eabi.a(libc2.o)
                0x0000000000002434                __RAL_c_locale_date_time_format
 *fill*         0x0000000000002443        0x1 
 .rodata.libc.__RAL_c_locale_day_names
                0x0000000000002444       0x3a /usr/share/segger_embedded_studio_for_arm_4.20a/lib/libc_v7em_fpv4_sp_d16_hard_t_le_eabi.a(libc2.o)
                0x0000000000002444                __RAL_c_locale_day_names
 *fill*         0x000000000000247e        0x2 
 .rodata.libc.__RAL_c_locale_month_names
                0x0000000000002480       0x57 /usr/share/segger_embedded_studio_for_arm_4.20a/lib/libc_v7em_fpv4_sp_d16_hard_t_le_eabi.a(libc2.o)
                0x0000000000002480                __RAL_c_locale_month_names
 *fill*         0x00000000000024d7        0x1 
 .rodata.libc.__RAL_c_locale_time_format
                0x00000000000024d8        0x9 /usr/share/segger_embedded_studio_for_arm_4.20a/lib/libc_v7em_fpv4_sp_d16_hard_t_le_eabi.a(libc2.o)
                0x00000000000024d8                __RAL_c_locale_time_format
 *fill*         0x00000000000024e1        0x3 
 .rodata.libc.__RAL_codeset_ascii
                0x00000000000024e4       0x20 /usr/share/segger_embedded_studio_for_arm_4.20a/lib/libc_v7em_fpv4_sp_d16_hard_t_le_eabi.a(libc2.o)
                0x00000000000024e4                __RAL_codeset_ascii
 .rodata.libc.__RAL_data_empty_string
                0x0000000000002504        0x1 /usr/share/segger_embedded_studio_for_arm_4.20a/lib/libc_v7em_fpv4_sp_d16_hard_t_le_eabi.a(libc2.o)
                0x0000000000002504                __RAL_data_empty_string
 *fill*         0x0000000000002505        0x3 
 .rodata.libc.__RAL_data_utf8_period
                0x0000000000002508        0x2 /usr/share/segger_embedded_studio_for_arm_4.20a/lib/libc_v7em_fpv4_sp_d16_hard_t_le_eabi.a(libc2.o)
                0x0000000000002508                __RAL_data_utf8_period
 *fill*         0x000000000000250a        0x2 
 .rodata.libc.__RAL_find_locale.str1.4
                0x000000000000250c        0xc /usr/share/segger_embedded_studio_for_arm_4.20a/lib/libc_v7em_fpv4_sp_d16_hard_t_le_eabi.a(libc2.o)
                                          0xa (size before relaxing)
                0x0000000000002518                __rodata_end__ = (__rodata_start__ + SIZEOF (.rodata))
                0x0000000000000420                __rodata_size__ = SIZEOF (.rodata)
                0x0000000000002518                __rodata_load_end__ = __rodata_end__

.rel.dyn        0x0000000000002518        0x0
 .rel.iplt      0x0000000000002518        0x0 Output/twi_scanner_pca10056 Release/Obj/thumb_crt0.o
                0x0000000000000001                . = ASSERT (((__rodata_start__ == __rodata_end__) || ((__rodata_end__ - __FLASH_segment_start__) <= __FLASH_segment_size__)), error: .rodata is too large to fit in FLASH memory segment)
                0x0000000000002518                __ARM.exidx_load_start__ = ALIGN (__rodata_end__, 0x4)

.ARM.exidx      0x0000000000002518        0x0
                0x0000000000002518                __ARM.exidx_start__ = .
                0x0000000000002518                __exidx_start = __ARM.exidx_start__
 *(.ARM.exidx .ARM.exidx.*)
                0x0000000000002518                __ARM.exidx_end__ = (__ARM.exidx_start__ + SIZEOF (.ARM.exidx))
                0x0000000000000000                __ARM.exidx_size__ = SIZEOF (.ARM.exidx)
                0x0000000000002518                __exidx_end = __ARM.exidx_end__
                0x0000000000002518                __ARM.exidx_load_end__ = __ARM.exidx_end__
                0x0000000000000001                . = ASSERT (((__ARM.exidx_start__ == __ARM.exidx_end__) || ((__ARM.exidx_end__ - __FLASH_segment_start__) <= __FLASH_segment_size__)), error: .ARM.exidx is too large to fit in FLASH memory segment)
                0x0000000000002518                __fast_load_start__ = ALIGN (__ARM.exidx_end__, 0x4)

.fast           0x0000000020000000        0x0 load address 0x0000000000002518
                0x0000000020000000                __fast_start__ = .
 *(.fast .fast.*)
                0x0000000020000000                __fast_end__ = (__fast_start__ + SIZEOF (.fast))
                0x0000000000000000                __fast_size__ = SIZEOF (.fast)
                0x0000000000002518                __fast_load_end__ = (__fast_load_start__ + SIZEOF (.fast))
                0x0000000000000001                . = ASSERT (((__fast_load_start__ == __fast_load_end__) || ((__fast_load_end__ - __FLASH_segment_start__) <= __FLASH_segment_size__)), error: .fast is too large to fit in FLASH memory segment)

.fast_run       0x0000000020000000        0x0
                0x0000000020000000                __fast_run_start__ = .
                0x0000000020000000                . = MAX ((__fast_run_start__ + SIZEOF (.fast)), .)
                0x0000000020000000                __fast_run_end__ = (__fast_run_start__ + SIZEOF (.fast_run))
                0x0000000000000000                __fast_run_size__ = SIZEOF (.fast_run)
                0x0000000020000000                __fast_run_load_end__ = __fast_run_end__
                0x0000000000000001                . = ASSERT (((__fast_run_start__ == __fast_run_end__) || ((__fast_run_end__ - __RAM_segment_start__) <= __RAM_segment_size__)), error: .fast_run is too large to fit in RAM memory segment)
                0x0000000000002518                __data_load_start__ = ALIGN ((__fast_load_start__ + SIZEOF (.fast)), 0x4)

.data           0x0000000020000000       0x20 load address 0x0000000000002518
                0x0000000020000000                __data_start__ = .
 *(.data .data.* .gnu.linkonce.d.*)
 .data.log_backend_cb_rtt_log_backend
                0x0000000020000000        0x8 Output/twi_scanner_pca10056 Release/Obj/nrf_log_default_backends.o
 .data.SystemCoreClock
                0x0000000020000008        0x4 Output/twi_scanner_pca10056 Release/Obj/system_nrf52840.o
                0x0000000020000008                SystemCoreClock
 .data.libc.__RAL_global_locale
                0x000000002000000c       0x14 /usr/share/segger_embedded_studio_for_arm_4.20a/lib/libc_v7em_fpv4_sp_d16_hard_t_le_eabi.a(libc2.o)
                0x000000002000000c                __RAL_global_locale
                0x0000000020000020                __data_end__ = (__data_start__ + SIZEOF (.data))
                0x0000000000000020                __data_size__ = SIZEOF (.data)
                0x0000000000002538                __data_load_end__ = (__data_load_start__ + SIZEOF (.data))

.igot.plt       0x0000000100000000        0x0
 .igot.plt      0x0000000100000000        0x0 Output/twi_scanner_pca10056 Release/Obj/thumb_crt0.o
                0x0000000000000001                . = ASSERT (((__data_load_start__ == __data_load_end__) || ((__data_load_end__ - __FLASH_segment_start__) <= __FLASH_segment_size__)), error: .data is too large to fit in FLASH memory segment)

.data_run       0x0000000020000000       0x20 load address 0x0000000000002518
                0x0000000020000000                __data_run_start__ = .
                0x0000000020000020                . = MAX ((__data_run_start__ + SIZEOF (.data)), .)
 *fill*         0x0000000020000000       0x20 
                0x0000000020000020                __data_run_end__ = (__data_run_start__ + SIZEOF (.data_run))
                0x0000000000000020                __data_run_size__ = SIZEOF (.data_run)
                0x0000000020000020                __data_run_load_end__ = __data_run_end__
                0x0000000000000001                . = ASSERT (((__data_run_start__ == __data_run_end__) || ((__data_run_end__ - __RAM_segment_start__) <= __RAM_segment_size__)), error: .data_run is too large to fit in RAM memory segment)
                0x0000000000002538                __tdata_load_start__ = ALIGN ((__data_load_start__ + SIZEOF (.data)), 0x4)

.tdata          0x0000000020000020        0x0 load address 0x0000000000002538
                0x0000000020000020                __tdata_start__ = .
 *(.tdata .tdata.*)
                0x0000000020000020                __tdata_end__ = (__tdata_start__ + SIZEOF (.tdata))
                0x0000000000000000                __tdata_size__ = SIZEOF (.tdata)
                0x0000000000002538                __tdata_load_end__ = (__tdata_load_start__ + SIZEOF (.tdata))
                0x0000000000002538                __FLASH_segment_used_end__ = (ALIGN ((__data_load_start__ + SIZEOF (.data)), 0x4) + SIZEOF (.tdata))
                0x0000000000002538                __FLASH_segment_used_size__ = (__FLASH_segment_used_end__ - __FLASH_segment_start__)
                0x0000000000000001                . = ASSERT (((__tdata_load_start__ == __tdata_load_end__) || ((__tdata_load_end__ - __FLASH_segment_start__) <= __FLASH_segment_size__)), error: .tdata is too large to fit in FLASH memory segment)

.tdata_run      0x0000000020000020        0x0
                0x0000000020000020                __tdata_run_start__ = .
                0x0000000020000020                . = MAX ((__tdata_run_start__ + SIZEOF (.tdata)), .)
                0x0000000020000020                __tdata_run_end__ = (__tdata_run_start__ + SIZEOF (.tdata_run))
                0x0000000000000000                __tdata_run_size__ = SIZEOF (.tdata_run)
                0x0000000020000020                __tdata_run_load_end__ = __tdata_run_end__
                0x0000000000000001                . = ASSERT (((__tdata_run_start__ == __tdata_run_end__) || ((__tdata_run_end__ - __RAM_segment_start__) <= __RAM_segment_size__)), error: .tdata_run is too large to fit in RAM memory segment)
                0x0000000020000020                __bss_load_start__ = ALIGN (__tdata_run_end__, 0x4)

.bss            0x0000000020000020      0x8dc
                0x0000000020000020                __bss_start__ = .
 *(.bss .bss.* .gnu.linkonce.b.*)
 .bss.m_host_present
                0x0000000020000020        0x1 Output/twi_scanner_pca10056 Release/Obj/nrf_log_backend_rtt.o
 .bss.m_string_buff
                0x0000000020000021       0x40 Output/twi_scanner_pca10056 Release/Obj/nrf_log_backend_rtt.o
 *fill*         0x0000000020000061        0x3 
 .bss.log_mempool_nrf_balloc_cb
                0x0000000020000064        0x8 Output/twi_scanner_pca10056 Release/Obj/nrf_log_frontend.o
 .bss.log_mempool_nrf_balloc_pool_mem
                0x000000002000006c       0xc0 Output/twi_scanner_pca10056 Release/Obj/nrf_log_frontend.o
 .bss.log_mempool_nrf_balloc_pool_stack
                0x000000002000012c        0x8 Output/twi_scanner_pca10056 Release/Obj/nrf_log_frontend.o
 .bss.m_log_data
                0x0000000020000134      0x424 Output/twi_scanner_pca10056 Release/Obj/nrf_log_frontend.o
 .bss.m_log_push_ringbuf_buf
                0x0000000020000558       0x80 Output/twi_scanner_pca10056 Release/Obj/nrf_log_frontend.o
 .bss.m_log_push_ringbuf_cb
                0x00000000200005d8       0x18 Output/twi_scanner_pca10056 Release/Obj/nrf_log_frontend.o
 .bss.m_in_critical_region
                0x00000000200005f0        0x4 Output/twi_scanner_pca10056 Release/Obj/app_util_platform.o
 .bss.m_contexts
                0x00000000200005f4        0x8 Output/twi_scanner_pca10056 Release/Obj/nrf_drv_twi.o
 .bss.m_handlers
                0x00000000200005fc        0x8 Output/twi_scanner_pca10056 Release/Obj/nrf_drv_twi.o
 .bss.m_prs_box_4
                0x0000000020000604        0x8 Output/twi_scanner_pca10056 Release/Obj/nrfx_prs.o
 .bss.m_cb      0x000000002000060c       0x68 Output/twi_scanner_pca10056 Release/Obj/nrfx_twim.o
 .bss._SEGGER_RTT
                0x0000000020000674       0x78 Output/twi_scanner_pca10056 Release/Obj/SEGGER_RTT.o
                0x0000000020000674                _SEGGER_RTT
 .bss._acDownBuffer
                0x00000000200006ec       0x10 Output/twi_scanner_pca10056 Release/Obj/SEGGER_RTT.o
 .bss._acUpBuffer
                0x00000000200006fc      0x200 Output/twi_scanner_pca10056 Release/Obj/SEGGER_RTT.o
 *(COMMON)
                0x00000000200008fc                __bss_end__ = (__bss_start__ + SIZEOF (.bss))
                0x00000000000008dc                __bss_size__ = SIZEOF (.bss)
                0x00000000200008fc                __bss_load_end__ = __bss_end__
                0x0000000000000001                . = ASSERT (((__bss_start__ == __bss_end__) || ((__bss_end__ - __RAM_segment_start__) <= __RAM_segment_size__)), error: .bss is too large to fit in RAM memory segment)
                0x00000000200008fc                __tbss_load_start__ = ALIGN (__bss_end__, 0x4)

.tbss           0x00000000200008fc        0x0
                0x00000000200008fc                __tbss_start__ = .
 *(.tbss .tbss.*)
                0x00000000200008fc                __tbss_end__ = (__tbss_start__ + SIZEOF (.tbss))
                0x0000000000000000                __tbss_size__ = SIZEOF (.tbss)
                0x00000000200008fc                __tbss_load_end__ = __tbss_end__
                0x0000000000000001                . = ASSERT (((__tbss_start__ == __tbss_end__) || ((__tbss_end__ - __RAM_segment_start__) <= __RAM_segment_size__)), error: .tbss is too large to fit in RAM memory segment)
                0x00000000200008fc                __non_init_load_start__ = ALIGN (__tbss_end__, 0x4)

.non_init       0x00000000200008fc        0x0
                0x00000000200008fc                __non_init_start__ = .
 *(.non_init .non_init.*)
                0x00000000200008fc                __non_init_end__ = (__non_init_start__ + SIZEOF (.non_init))
                0x0000000000000000                __non_init_size__ = SIZEOF (.non_init)
                0x00000000200008fc                __non_init_load_end__ = __non_init_end__
                0x0000000000000001                . = ASSERT (((__non_init_start__ == __non_init_end__) || ((__non_init_end__ - __RAM_segment_start__) <= __RAM_segment_size__)), error: .non_init is too large to fit in RAM memory segment)
                0x00000000200008fc                __heap_load_start__ = ALIGN (__non_init_end__, 0x4)

.heap           0x00000000200008fc     0x2000
                0x00000000200008fc                __heap_start__ = .
 *(.heap .heap.*)
                0x00000000200028fc                . = ALIGN (MAX ((__heap_start__ + __HEAPSIZE__), .), 0x4)
 *fill*         0x00000000200008fc     0x2000 
                0x00000000200028fc                __heap_end__ = (__heap_start__ + SIZEOF (.heap))
                0x0000000000002000                __heap_size__ = SIZEOF (.heap)
                0x00000000200028fc                __heap_load_end__ = __heap_end__
                0x0000000000000001                . = ASSERT (((__heap_start__ == __heap_end__) || ((__heap_end__ - __RAM_segment_start__) <= __RAM_segment_size__)), error: .heap is too large to fit in RAM memory segment)
                0x000000002003e000                __stack_load_start__ = (__RAM_segment_start__ + (__RAM_segment_size__ - 0x2000))

.stack          0x000000002003e000     0x2000
                0x000000002003e000                __stack_start__ = .
                0x000000002003e000                __StackLimit = __stack_start__
 *(.stack .stack.*)
                0x0000000020040000                . = ALIGN (MAX ((__stack_start__ + __STACKSIZE__), .), 0x8)
 *fill*         0x000000002003e000     0x2000 
                0x0000000020040000                __stack_end__ = (__stack_start__ + SIZEOF (.stack))
                0x0000000000002000                __stack_size__ = SIZEOF (.stack)
                0x0000000020040000                __StackTop = __stack_end__
                0x0000000020040000                __stack_load_end__ = __stack_end__
                0x0000000000000001                . = ASSERT (((__stack_start__ == __stack_end__) || ((__stack_end__ - __RAM_segment_start__) <= __RAM_segment_size__)), error: .stack is too large to fit in RAM memory segment)
                0x0000000000000001                . = ASSERT ((__heap_end__ <= __stack_start__), error: section .heap overlaps absolute placed section .stack)
                0x0000000020040000                __stack_process_load_start__ = ALIGN (__stack_end__, 0x8)

.stack_process  0x0000000020040000        0x0
                0x0000000020040000                __stack_process_start__ = .
 *(.stack_process .stack_process.*)
                0x0000000020040000                . = ALIGN (MAX ((__stack_process_start__ + __STACKSIZE_PROCESS__), .), 0x8)
                0x0000000020040000                __stack_process_end__ = (__stack_process_start__ + SIZEOF (.stack_process))
                0x0000000000000000                __stack_process_size__ = SIZEOF (.stack_process)
                0x0000000020040000                __stack_process_load_end__ = __stack_process_end__
                0x0000000020040000                __RAM_segment_used_end__ = (ALIGN (__stack_end__, 0x8) + SIZEOF (.stack_process))
                0x0000000000040000                __RAM_segment_used_size__ = (__RAM_segment_used_end__ - __RAM_segment_start__)
                0x0000000000000001                . = ASSERT (((__stack_process_start__ == __stack_process_end__) || ((__stack_process_end__ - __RAM_segment_start__) <= __RAM_segment_size__)), error: .stack_process is too large to fit in RAM memory segment)
START GROUP
LOAD Output/twi_scanner_pca10056 Release/Obj/thumb_crt0.o
LOAD Output/twi_scanner_pca10056 Release/Obj/nrf_log_backend_rtt.o
LOAD Output/twi_scanner_pca10056 Release/Obj/nrf_log_backend_serial.o
LOAD Output/twi_scanner_pca10056 Release/Obj/nrf_log_backend_uart.o
LOAD Output/twi_scanner_pca10056 Release/Obj/nrf_log_default_backends.o
LOAD Output/twi_scanner_pca10056 Release/Obj/nrf_log_frontend.o
LOAD Output/twi_scanner_pca10056 Release/Obj/nrf_log_str_formatter.o
LOAD Output/twi_scanner_pca10056 Release/Obj/boards.o
LOAD Output/twi_scanner_pca10056 Release/Obj/app_error.o
LOAD Output/twi_scanner_pca10056 Release/Obj/app_error_handler_gcc.o
LOAD Output/twi_scanner_pca10056 Release/Obj/app_error_weak.o
LOAD Output/twi_scanner_pca10056 Release/Obj/app_util_platform.o
LOAD Output/twi_scanner_pca10056 Release/Obj/nrf_assert.o
LOAD Output/twi_scanner_pca10056 Release/Obj/nrf_atomic.o
LOAD Output/twi_scanner_pca10056 Release/Obj/nrf_balloc.o
LOAD Output/twi_scanner_pca10056 Release/Obj/nrf_fprintf.o
LOAD Output/twi_scanner_pca10056 Release/Obj/nrf_fprintf_format.o
LOAD Output/twi_scanner_pca10056 Release/Obj/nrf_memobj.o
LOAD Output/twi_scanner_pca10056 Release/Obj/nrf_ringbuf.o
LOAD Output/twi_scanner_pca10056 Release/Obj/nrf_strerror.o
LOAD Output/twi_scanner_pca10056 Release/Obj/nrf_drv_twi.o
LOAD Output/twi_scanner_pca10056 Release/Obj/nrf_drv_uart.o
LOAD Output/twi_scanner_pca10056 Release/Obj/nrfx_atomic.o
LOAD Output/twi_scanner_pca10056 Release/Obj/nrfx_prs.o
LOAD Output/twi_scanner_pca10056 Release/Obj/nrfx_twi.o
LOAD Output/twi_scanner_pca10056 Release/Obj/nrfx_twim.o
LOAD Output/twi_scanner_pca10056 Release/Obj/nrfx_uart.o
LOAD Output/twi_scanner_pca10056 Release/Obj/nrfx_uarte.o
LOAD Output/twi_scanner_pca10056 Release/Obj/main.o
LOAD Output/twi_scanner_pca10056 Release/Obj/SEGGER_RTT.o
LOAD Output/twi_scanner_pca10056 Release/Obj/SEGGER_RTT_Syscalls_SES.o
LOAD Output/twi_scanner_pca10056 Release/Obj/SEGGER_RTT_printf.o
LOAD Output/twi_scanner_pca10056 Release/Obj/ses_startup_nrf52840.o
LOAD Output/twi_scanner_pca10056 Release/Obj/ses_startup_nrf_common.o
LOAD Output/twi_scanner_pca10056 Release/Obj/system_nrf52840.o
LOAD /usr/share/segger_embedded_studio_for_arm_4.20a/lib/libdebugio_mempoll_v7em_fpv4_sp_d16_hard_t_le_eabi.a
LOAD /usr/share/segger_embedded_studio_for_arm_4.20a/lib/libm_v7em_fpv4_sp_d16_hard_t_le_eabi.a
LOAD /usr/share/segger_embedded_studio_for_arm_4.20a/lib/libc_v7em_fpv4_sp_d16_hard_t_le_eabi.a
LOAD /usr/share/segger_embedded_studio_for_arm_4.20a/lib/libcpp_v7em_fpv4_sp_d16_hard_t_le_eabi.a
LOAD /usr/share/segger_embedded_studio_for_arm_4.20a/lib/libdebugio_v7em_fpv4_sp_d16_hard_t_le_eabi.a
LOAD /usr/share/segger_embedded_studio_for_arm_4.20a/lib/libvfprintf_v7em_fpv4_sp_d16_hard_t_le_eabi.o
LOAD /usr/share/segger_embedded_studio_for_arm_4.20a/lib/libvfscanf_v7em_fpv4_sp_d16_hard_t_le_eabi.o
END GROUP
OUTPUT(Output/Release/Exe/twi_scanner_pca10056.elf elf32-littlearm)

.ARM.attributes
                0x0000000000000000       0x35
 .ARM.attributes
                0x0000000000000000       0x25 Output/twi_scanner_pca10056 Release/Obj/thumb_crt0.o
 .ARM.attributes
                0x0000000000000025       0x39 Output/twi_scanner_pca10056 Release/Obj/nrf_log_backend_rtt.o
 .ARM.attributes
                0x000000000000005e       0x39 Output/twi_scanner_pca10056 Release/Obj/nrf_log_backend_serial.o
 .ARM.attributes
                0x0000000000000097       0x39 Output/twi_scanner_pca10056 Release/Obj/nrf_log_default_backends.o
 .ARM.attributes
                0x00000000000000d0       0x39 Output/twi_scanner_pca10056 Release/Obj/nrf_log_frontend.o
 .ARM.attributes
                0x0000000000000109       0x39 Output/twi_scanner_pca10056 Release/Obj/nrf_log_str_formatter.o
 .ARM.attributes
                0x0000000000000142       0x39 Output/twi_scanner_pca10056 Release/Obj/app_error.o
 .ARM.attributes
                0x000000000000017b       0x39 Output/twi_scanner_pca10056 Release/Obj/app_error_weak.o
 .ARM.attributes
                0x00000000000001b4       0x39 Output/twi_scanner_pca10056 Release/Obj/app_util_platform.o
 .ARM.attributes
                0x00000000000001ed       0x39 Output/twi_scanner_pca10056 Release/Obj/nrf_atomic.o
 .ARM.attributes
                0x0000000000000226       0x39 Output/twi_scanner_pca10056 Release/Obj/nrf_balloc.o
 .ARM.attributes
                0x000000000000025f       0x39 Output/twi_scanner_pca10056 Release/Obj/nrf_fprintf.o
 .ARM.attributes
                0x0000000000000298       0x39 Output/twi_scanner_pca10056 Release/Obj/nrf_fprintf_format.o
 .ARM.attributes
                0x00000000000002d1       0x39 Output/twi_scanner_pca10056 Release/Obj/nrf_memobj.o
 .ARM.attributes
                0x000000000000030a       0x39 Output/twi_scanner_pca10056 Release/Obj/nrf_ringbuf.o
 .ARM.attributes
                0x0000000000000343       0x39 Output/twi_scanner_pca10056 Release/Obj/nrf_drv_twi.o
 .ARM.attributes
                0x000000000000037c       0x39 Output/twi_scanner_pca10056 Release/Obj/nrfx_prs.o
 .ARM.attributes
                0x00000000000003b5       0x39 Output/twi_scanner_pca10056 Release/Obj/nrfx_twim.o
 .ARM.attributes
                0x00000000000003ee       0x39 Output/twi_scanner_pca10056 Release/Obj/nrfx_uart.o
 .ARM.attributes
                0x0000000000000427       0x39 Output/twi_scanner_pca10056 Release/Obj/nrfx_uarte.o
 .ARM.attributes
                0x0000000000000460       0x39 Output/twi_scanner_pca10056 Release/Obj/main.o
 .ARM.attributes
                0x0000000000000499       0x39 Output/twi_scanner_pca10056 Release/Obj/SEGGER_RTT.o
 .ARM.attributes
                0x00000000000004d2       0x25 Output/twi_scanner_pca10056 Release/Obj/ses_startup_nrf52840.o
 .ARM.attributes
                0x00000000000004f7       0x25 Output/twi_scanner_pca10056 Release/Obj/ses_startup_nrf_common.o
 .ARM.attributes
                0x000000000000051c       0x39 Output/twi_scanner_pca10056 Release/Obj/system_nrf52840.o
 .ARM.attributes
                0x0000000000000555       0x34 /usr/share/segger_embedded_studio_for_arm_4.20a/lib/libc_v7em_fpv4_sp_d16_hard_t_le_eabi.a(libc2.o)
 .ARM.attributes
                0x0000000000000589       0x20 /usr/share/segger_embedded_studio_for_arm_4.20a/lib/libc_v7em_fpv4_sp_d16_hard_t_le_eabi.a(libc2_asm.o)

.comment        0x0000000000000000       0x43
 .comment       0x0000000000000000       0x43 Output/twi_scanner_pca10056 Release/Obj/nrf_log_backend_rtt.o
                                         0x44 (size before relaxing)
 .comment       0x0000000000000043       0x44 Output/twi_scanner_pca10056 Release/Obj/nrf_log_backend_serial.o
 .comment       0x0000000000000043       0x44 Output/twi_scanner_pca10056 Release/Obj/nrf_log_default_backends.o
 .comment       0x0000000000000043       0x44 Output/twi_scanner_pca10056 Release/Obj/nrf_log_frontend.o
 .comment       0x0000000000000043       0x44 Output/twi_scanner_pca10056 Release/Obj/nrf_log_str_formatter.o
 .comment       0x0000000000000043       0x44 Output/twi_scanner_pca10056 Release/Obj/app_error.o
 .comment       0x0000000000000043       0x44 Output/twi_scanner_pca10056 Release/Obj/app_error_weak.o
 .comment       0x0000000000000043       0x44 Output/twi_scanner_pca10056 Release/Obj/app_util_platform.o
 .comment       0x0000000000000043       0x44 Output/twi_scanner_pca10056 Release/Obj/nrf_atomic.o
 .comment       0x0000000000000043       0x44 Output/twi_scanner_pca10056 Release/Obj/nrf_balloc.o
 .comment       0x0000000000000043       0x44 Output/twi_scanner_pca10056 Release/Obj/nrf_fprintf.o
 .comment       0x0000000000000043       0x44 Output/twi_scanner_pca10056 Release/Obj/nrf_fprintf_format.o
 .comment       0x0000000000000043       0x44 Output/twi_scanner_pca10056 Release/Obj/nrf_memobj.o
 .comment       0x0000000000000043       0x44 Output/twi_scanner_pca10056 Release/Obj/nrf_ringbuf.o
 .comment       0x0000000000000043       0x44 Output/twi_scanner_pca10056 Release/Obj/nrf_drv_twi.o
 .comment       0x0000000000000043       0x44 Output/twi_scanner_pca10056 Release/Obj/nrfx_prs.o
 .comment       0x0000000000000043       0x44 Output/twi_scanner_pca10056 Release/Obj/nrfx_twim.o
 .comment       0x0000000000000043       0x44 Output/twi_scanner_pca10056 Release/Obj/nrfx_uart.o
 .comment       0x0000000000000043       0x44 Output/twi_scanner_pca10056 Release/Obj/nrfx_uarte.o
 .comment       0x0000000000000043       0x44 Output/twi_scanner_pca10056 Release/Obj/main.o
 .comment       0x0000000000000043       0x44 Output/twi_scanner_pca10056 Release/Obj/SEGGER_RTT.o
 .comment       0x0000000000000043       0x44 Output/twi_scanner_pca10056 Release/Obj/system_nrf52840.o
 .comment       0x0000000000000043       0x44 /usr/share/segger_embedded_studio_for_arm_4.20a/lib/libc_v7em_fpv4_sp_d16_hard_t_le_eabi.a(libc2.o)

.debug_line     0x0000000000000000     0xd906
 .debug_line    0x0000000000000000      0x1e1 Output/twi_scanner_pca10056 Release/Obj/thumb_crt0.o
 .debug_line    0x00000000000001e1      0x8d6 Output/twi_scanner_pca10056 Release/Obj/nrf_log_backend_rtt.o
 .debug_line    0x0000000000000ab7      0x6b5 Output/twi_scanner_pca10056 Release/Obj/nrf_log_backend_serial.o
 .debug_line    0x000000000000116c      0x5ac Output/twi_scanner_pca10056 Release/Obj/nrf_log_default_backends.o
 .debug_line    0x0000000000001718     0x1270 Output/twi_scanner_pca10056 Release/Obj/nrf_log_frontend.o
 .debug_line    0x0000000000002988      0x79c Output/twi_scanner_pca10056 Release/Obj/nrf_log_str_formatter.o
 .debug_line    0x0000000000003124      0x3a7 Output/twi_scanner_pca10056 Release/Obj/app_error.o
 .debug_line    0x00000000000034cb      0x6cd Output/twi_scanner_pca10056 Release/Obj/app_error_weak.o
 .debug_line    0x0000000000003b98      0x42c Output/twi_scanner_pca10056 Release/Obj/app_util_platform.o
 .debug_line    0x0000000000003fc4      0x5fe Output/twi_scanner_pca10056 Release/Obj/nrf_atomic.o
 .debug_line    0x00000000000045c2      0x697 Output/twi_scanner_pca10056 Release/Obj/nrf_balloc.o
 .debug_line    0x0000000000004c59      0x3d2 Output/twi_scanner_pca10056 Release/Obj/nrf_fprintf.o
 .debug_line    0x000000000000502b      0x804 Output/twi_scanner_pca10056 Release/Obj/nrf_fprintf_format.o
 .debug_line    0x000000000000582f      0x7bf Output/twi_scanner_pca10056 Release/Obj/nrf_memobj.o
 .debug_line    0x0000000000005fee      0x75d Output/twi_scanner_pca10056 Release/Obj/nrf_ringbuf.o
 .debug_line    0x000000000000674b      0x884 Output/twi_scanner_pca10056 Release/Obj/nrf_drv_twi.o
 .debug_line    0x0000000000006fcf      0x72a Output/twi_scanner_pca10056 Release/Obj/nrfx_prs.o
 .debug_line    0x00000000000076f9     0x15bf Output/twi_scanner_pca10056 Release/Obj/nrfx_twim.o
 .debug_line    0x0000000000008cb8     0x1738 Output/twi_scanner_pca10056 Release/Obj/nrfx_uart.o
 .debug_line    0x000000000000a3f0     0x1559 Output/twi_scanner_pca10056 Release/Obj/nrfx_uarte.o
 .debug_line    0x000000000000b949      0x958 Output/twi_scanner_pca10056 Release/Obj/main.o
 .debug_line    0x000000000000c2a1     0x103d Output/twi_scanner_pca10056 Release/Obj/SEGGER_RTT.o
 .debug_line    0x000000000000d2de       0x92 Output/twi_scanner_pca10056 Release/Obj/ses_startup_nrf52840.o
 .debug_line    0x000000000000d370       0xb3 Output/twi_scanner_pca10056 Release/Obj/ses_startup_nrf_common.o
 .debug_line    0x000000000000d423      0x4e3 Output/twi_scanner_pca10056 Release/Obj/system_nrf52840.o

.debug_info     0x0000000000000000    0x1e0ee
 .debug_info    0x0000000000000000       0x22 Output/twi_scanner_pca10056 Release/Obj/thumb_crt0.o
 .debug_info    0x0000000000000022      0xe0f Output/twi_scanner_pca10056 Release/Obj/nrf_log_backend_rtt.o
 .debug_info    0x0000000000000e31      0xea0 Output/twi_scanner_pca10056 Release/Obj/nrf_log_backend_serial.o
 .debug_info    0x0000000000001cd1      0xa1a Output/twi_scanner_pca10056 Release/Obj/nrf_log_default_backends.o
 .debug_info    0x00000000000026eb     0x29d0 Output/twi_scanner_pca10056 Release/Obj/nrf_log_frontend.o
 .debug_info    0x00000000000050bb     0x103d Output/twi_scanner_pca10056 Release/Obj/nrf_log_str_formatter.o
 .debug_info    0x00000000000060f8      0x876 Output/twi_scanner_pca10056 Release/Obj/app_error.o
 .debug_info    0x000000000000696e      0xca7 Output/twi_scanner_pca10056 Release/Obj/app_error_weak.o
 .debug_info    0x0000000000007615      0xd79 Output/twi_scanner_pca10056 Release/Obj/app_util_platform.o
 .debug_info    0x000000000000838e      0xf1b Output/twi_scanner_pca10056 Release/Obj/nrf_atomic.o
 .debug_info    0x00000000000092a9      0xae8 Output/twi_scanner_pca10056 Release/Obj/nrf_balloc.o
 .debug_info    0x0000000000009d91      0x7e4 Output/twi_scanner_pca10056 Release/Obj/nrf_fprintf.o
 .debug_info    0x000000000000a575      0xca4 Output/twi_scanner_pca10056 Release/Obj/nrf_fprintf_format.o
 .debug_info    0x000000000000b219      0xffc Output/twi_scanner_pca10056 Release/Obj/nrf_memobj.o
 .debug_info    0x000000000000c215      0xc18 Output/twi_scanner_pca10056 Release/Obj/nrf_ringbuf.o
 .debug_info    0x000000000000ce2d     0x1af2 Output/twi_scanner_pca10056 Release/Obj/nrf_drv_twi.o
 .debug_info    0x000000000000e91f      0xe6d Output/twi_scanner_pca10056 Release/Obj/nrfx_prs.o
 .debug_info    0x000000000000f78c     0x3500 Output/twi_scanner_pca10056 Release/Obj/nrfx_twim.o
 .debug_info    0x0000000000012c8c     0x3756 Output/twi_scanner_pca10056 Release/Obj/nrfx_uart.o
 .debug_info    0x00000000000163e2     0x368b Output/twi_scanner_pca10056 Release/Obj/nrfx_uarte.o
 .debug_info    0x0000000000019a6d     0x1600 Output/twi_scanner_pca10056 Release/Obj/main.o
 .debug_info    0x000000000001b06d     0x1b9b Output/twi_scanner_pca10056 Release/Obj/SEGGER_RTT.o
 .debug_info    0x000000000001cc08       0x26 Output/twi_scanner_pca10056 Release/Obj/ses_startup_nrf52840.o
 .debug_info    0x000000000001cc2e       0x26 Output/twi_scanner_pca10056 Release/Obj/ses_startup_nrf_common.o
 .debug_info    0x000000000001cc54     0x149a Output/twi_scanner_pca10056 Release/Obj/system_nrf52840.o

.debug_abbrev   0x0000000000000000     0x459e
 .debug_abbrev  0x0000000000000000       0x12 Output/twi_scanner_pca10056 Release/Obj/thumb_crt0.o
 .debug_abbrev  0x0000000000000012      0x2f4 Output/twi_scanner_pca10056 Release/Obj/nrf_log_backend_rtt.o
 .debug_abbrev  0x0000000000000306      0x26b Output/twi_scanner_pca10056 Release/Obj/nrf_log_backend_serial.o
 .debug_abbrev  0x0000000000000571      0x206 Output/twi_scanner_pca10056 Release/Obj/nrf_log_default_backends.o
 .debug_abbrev  0x0000000000000777      0x609 Output/twi_scanner_pca10056 Release/Obj/nrf_log_frontend.o
 .debug_abbrev  0x0000000000000d80      0x2a7 Output/twi_scanner_pca10056 Release/Obj/nrf_log_str_formatter.o
 .debug_abbrev  0x0000000000001027      0x1d8 Output/twi_scanner_pca10056 Release/Obj/app_error.o
 .debug_abbrev  0x00000000000011ff      0x26a Output/twi_scanner_pca10056 Release/Obj/app_error_weak.o
 .debug_abbrev  0x0000000000001469      0x2be Output/twi_scanner_pca10056 Release/Obj/app_util_platform.o
 .debug_abbrev  0x0000000000001727      0x263 Output/twi_scanner_pca10056 Release/Obj/nrf_atomic.o
 .debug_abbrev  0x000000000000198a      0x29d Output/twi_scanner_pca10056 Release/Obj/nrf_balloc.o
 .debug_abbrev  0x0000000000001c27      0x1de Output/twi_scanner_pca10056 Release/Obj/nrf_fprintf.o
 .debug_abbrev  0x0000000000001e05      0x337 Output/twi_scanner_pca10056 Release/Obj/nrf_fprintf_format.o
 .debug_abbrev  0x000000000000213c      0x281 Output/twi_scanner_pca10056 Release/Obj/nrf_memobj.o
 .debug_abbrev  0x00000000000023bd      0x1e7 Output/twi_scanner_pca10056 Release/Obj/nrf_ringbuf.o
 .debug_abbrev  0x00000000000025a4      0x44f Output/twi_scanner_pca10056 Release/Obj/nrf_drv_twi.o
 .debug_abbrev  0x00000000000029f3      0x2f0 Output/twi_scanner_pca10056 Release/Obj/nrfx_prs.o
 .debug_abbrev  0x0000000000002ce3      0x4f9 Output/twi_scanner_pca10056 Release/Obj/nrfx_twim.o
 .debug_abbrev  0x00000000000031dc      0x5ae Output/twi_scanner_pca10056 Release/Obj/nrfx_uart.o
 .debug_abbrev  0x000000000000378a      0x52a Output/twi_scanner_pca10056 Release/Obj/nrfx_uarte.o
 .debug_abbrev  0x0000000000003cb4      0x32f Output/twi_scanner_pca10056 Release/Obj/main.o
 .debug_abbrev  0x0000000000003fe3      0x32c Output/twi_scanner_pca10056 Release/Obj/SEGGER_RTT.o
 .debug_abbrev  0x000000000000430f       0x14 Output/twi_scanner_pca10056 Release/Obj/ses_startup_nrf52840.o
 .debug_abbrev  0x0000000000004323       0x14 Output/twi_scanner_pca10056 Release/Obj/ses_startup_nrf_common.o
 .debug_abbrev  0x0000000000004337      0x267 Output/twi_scanner_pca10056 Release/Obj/system_nrf52840.o

.debug_aranges  0x0000000000000000      0x830
 .debug_aranges
                0x0000000000000000       0x80 Output/twi_scanner_pca10056 Release/Obj/thumb_crt0.o
 .debug_aranges
                0x0000000000000080       0x38 Output/twi_scanner_pca10056 Release/Obj/nrf_log_backend_rtt.o
 .debug_aranges
                0x00000000000000b8       0x20 Output/twi_scanner_pca10056 Release/Obj/nrf_log_backend_serial.o
 .debug_aranges
                0x00000000000000d8       0x20 Output/twi_scanner_pca10056 Release/Obj/nrf_log_default_backends.o
 .debug_aranges
                0x00000000000000f8       0xd0 Output/twi_scanner_pca10056 Release/Obj/nrf_log_frontend.o
 .debug_aranges
                0x00000000000001c8       0x40 Output/twi_scanner_pca10056 Release/Obj/nrf_log_str_formatter.o
 .debug_aranges
                0x0000000000000208       0x28 Output/twi_scanner_pca10056 Release/Obj/app_error.o
 .debug_aranges
                0x0000000000000230       0x20 Output/twi_scanner_pca10056 Release/Obj/app_error_weak.o
 .debug_aranges
                0x0000000000000250       0x48 Output/twi_scanner_pca10056 Release/Obj/app_util_platform.o
 .debug_aranges
                0x0000000000000298       0xb0 Output/twi_scanner_pca10056 Release/Obj/nrf_atomic.o
 .debug_aranges
                0x0000000000000348       0x30 Output/twi_scanner_pca10056 Release/Obj/nrf_balloc.o
 .debug_aranges
                0x0000000000000378       0x28 Output/twi_scanner_pca10056 Release/Obj/nrf_fprintf.o
 .debug_aranges
                0x00000000000003a0       0x30 Output/twi_scanner_pca10056 Release/Obj/nrf_fprintf_format.o
 .debug_aranges
                0x00000000000003d0       0x58 Output/twi_scanner_pca10056 Release/Obj/nrf_memobj.o
 .debug_aranges
                0x0000000000000428       0x50 Output/twi_scanner_pca10056 Release/Obj/nrf_ringbuf.o
 .debug_aranges
                0x0000000000000478       0x38 Output/twi_scanner_pca10056 Release/Obj/nrf_drv_twi.o
 .debug_aranges
                0x00000000000004b0       0x30 Output/twi_scanner_pca10056 Release/Obj/nrfx_prs.o
 .debug_aranges
                0x00000000000004e0       0x88 Output/twi_scanner_pca10056 Release/Obj/nrfx_twim.o
 .debug_aranges
                0x0000000000000568       0xa8 Output/twi_scanner_pca10056 Release/Obj/nrfx_uart.o
 .debug_aranges
                0x0000000000000610       0x80 Output/twi_scanner_pca10056 Release/Obj/nrfx_uarte.o
 .debug_aranges
                0x0000000000000690       0x28 Output/twi_scanner_pca10056 Release/Obj/main.o
 .debug_aranges
                0x00000000000006b8      0x108 Output/twi_scanner_pca10056 Release/Obj/SEGGER_RTT.o
 .debug_aranges
                0x00000000000007c0       0x20 Output/twi_scanner_pca10056 Release/Obj/ses_startup_nrf52840.o
 .debug_aranges
                0x00000000000007e0       0x20 Output/twi_scanner_pca10056 Release/Obj/ses_startup_nrf_common.o
 .debug_aranges
                0x0000000000000800       0x30 Output/twi_scanner_pca10056 Release/Obj/system_nrf52840.o

.debug_str      0x0000000000000000    0x8ee57
 .debug_str     0x0000000000000000       0xb2 Output/twi_scanner_pca10056 Release/Obj/thumb_crt0.o
 .debug_str     0x00000000000000b2    0x84f9e Output/twi_scanner_pca10056 Release/Obj/nrf_log_backend_rtt.o
                                      0x86335 (size before relaxing)
 .debug_str     0x0000000000085050      0x24a Output/twi_scanner_pca10056 Release/Obj/nrf_log_backend_serial.o
                                      0x828ae (size before relaxing)
 .debug_str     0x000000000008529a      0x136 Output/twi_scanner_pca10056 Release/Obj/nrf_log_default_backends.o
                                      0x82663 (size before relaxing)
 .debug_str     0x00000000000853d0     0x1395 Output/twi_scanner_pca10056 Release/Obj/nrf_log_frontend.o
                                      0x83b10 (size before relaxing)
 .debug_str     0x0000000000086765      0x2f4 Output/twi_scanner_pca10056 Release/Obj/nrf_log_str_formatter.o
                                      0x82a00 (size before relaxing)
 .debug_str     0x0000000000086a59      0x126 Output/twi_scanner_pca10056 Release/Obj/app_error.o
                                      0x74783 (size before relaxing)
 .debug_str     0x0000000000086b7f       0xf4 Output/twi_scanner_pca10056 Release/Obj/app_error_weak.o
                                      0x82d33 (size before relaxing)
 .debug_str     0x0000000000086c73      0x436 Output/twi_scanner_pca10056 Release/Obj/app_util_platform.o
                                      0x74fba (size before relaxing)
 .debug_str     0x00000000000870a9      0x6da Output/twi_scanner_pca10056 Release/Obj/nrf_atomic.o
                                      0x7edb7 (size before relaxing)
 .debug_str     0x0000000000087783      0x17f Output/twi_scanner_pca10056 Release/Obj/nrf_balloc.o
                                      0x826f2 (size before relaxing)
 .debug_str     0x0000000000087902      0x11d Output/twi_scanner_pca10056 Release/Obj/nrf_fprintf.o
                                      0x7e951 (size before relaxing)
 .debug_str     0x0000000000087a1f      0x138 Output/twi_scanner_pca10056 Release/Obj/nrf_fprintf_format.o
                                      0x7ea46 (size before relaxing)
 .debug_str     0x0000000000087b57      0x1c7 Output/twi_scanner_pca10056 Release/Obj/nrf_memobj.o
                                      0x80a82 (size before relaxing)
 .debug_str     0x0000000000087d1e       0xfd Output/twi_scanner_pca10056 Release/Obj/nrf_ringbuf.o
                                      0x7f1a8 (size before relaxing)
 .debug_str     0x0000000000087e1b     0x1c3c Output/twi_scanner_pca10056 Release/Obj/nrf_drv_twi.o
                                      0x839cd (size before relaxing)
 .debug_str     0x0000000000089a57      0x727 Output/twi_scanner_pca10056 Release/Obj/nrfx_prs.o
                                      0x8533b (size before relaxing)
 .debug_str     0x000000000008a17e     0x114d Output/twi_scanner_pca10056 Release/Obj/nrfx_twim.o
                                      0x86e20 (size before relaxing)
 .debug_str     0x000000000008b2cb      0xd22 Output/twi_scanner_pca10056 Release/Obj/nrfx_uart.o
                                      0x8651e (size before relaxing)
 .debug_str     0x000000000008bfed      0xf78 Output/twi_scanner_pca10056 Release/Obj/nrfx_uarte.o
                                      0x869be (size before relaxing)
 .debug_str     0x000000000008cf65     0x1340 Output/twi_scanner_pca10056 Release/Obj/main.o
                                      0x88818 (size before relaxing)
 .debug_str     0x000000000008e2a5      0x53c Output/twi_scanner_pca10056 Release/Obj/SEGGER_RTT.o
                                      0x77d37 (size before relaxing)
 .debug_str     0x000000000008e7e1       0x55 Output/twi_scanner_pca10056 Release/Obj/ses_startup_nrf52840.o
                                         0xc3 (size before relaxing)
 .debug_str     0x000000000008e836       0x57 Output/twi_scanner_pca10056 Release/Obj/ses_startup_nrf_common.o
                                         0xc5 (size before relaxing)
 .debug_str     0x000000000008e88d      0x5ca Output/twi_scanner_pca10056 Release/Obj/system_nrf52840.o
                                      0x73261 (size before relaxing)

.debug_ranges   0x0000000000000000     0x1440
 .debug_ranges  0x0000000000000000       0x78 Output/twi_scanner_pca10056 Release/Obj/thumb_crt0.o
 .debug_ranges  0x0000000000000078       0x68 Output/twi_scanner_pca10056 Release/Obj/nrf_log_backend_rtt.o
 .debug_ranges  0x00000000000000e0       0x28 Output/twi_scanner_pca10056 Release/Obj/nrf_log_backend_serial.o
 .debug_ranges  0x0000000000000108       0x10 Output/twi_scanner_pca10056 Release/Obj/nrf_log_default_backends.o
 .debug_ranges  0x0000000000000118      0x308 Output/twi_scanner_pca10056 Release/Obj/nrf_log_frontend.o
 .debug_ranges  0x0000000000000420       0x68 Output/twi_scanner_pca10056 Release/Obj/nrf_log_str_formatter.o
 .debug_ranges  0x0000000000000488       0x18 Output/twi_scanner_pca10056 Release/Obj/app_error.o
 .debug_ranges  0x00000000000004a0       0x28 Output/twi_scanner_pca10056 Release/Obj/app_error_weak.o
 .debug_ranges  0x00000000000004c8       0x38 Output/twi_scanner_pca10056 Release/Obj/app_util_platform.o
 .debug_ranges  0x0000000000000500       0xb8 Output/twi_scanner_pca10056 Release/Obj/nrf_atomic.o
 .debug_ranges  0x00000000000005b8       0x20 Output/twi_scanner_pca10056 Release/Obj/nrf_balloc.o
 .debug_ranges  0x00000000000005d8       0x18 Output/twi_scanner_pca10056 Release/Obj/nrf_fprintf.o
 .debug_ranges  0x00000000000005f0       0x60 Output/twi_scanner_pca10056 Release/Obj/nrf_fprintf_format.o
 .debug_ranges  0x0000000000000650       0x48 Output/twi_scanner_pca10056 Release/Obj/nrf_memobj.o
 .debug_ranges  0x0000000000000698       0x40 Output/twi_scanner_pca10056 Release/Obj/nrf_ringbuf.o
 .debug_ranges  0x00000000000006d8       0xb8 Output/twi_scanner_pca10056 Release/Obj/nrf_drv_twi.o
 .debug_ranges  0x0000000000000790       0x40 Output/twi_scanner_pca10056 Release/Obj/nrfx_prs.o
 .debug_ranges  0x00000000000007d0      0x2e8 Output/twi_scanner_pca10056 Release/Obj/nrfx_twim.o
 .debug_ranges  0x0000000000000ab8      0x450 Output/twi_scanner_pca10056 Release/Obj/nrfx_uart.o
 .debug_ranges  0x0000000000000f08      0x3d8 Output/twi_scanner_pca10056 Release/Obj/nrfx_uarte.o
 .debug_ranges  0x00000000000012e0       0x48 Output/twi_scanner_pca10056 Release/Obj/main.o
 .debug_ranges  0x0000000000001328       0xf8 Output/twi_scanner_pca10056 Release/Obj/SEGGER_RTT.o
 .debug_ranges  0x0000000000001420       0x20 Output/twi_scanner_pca10056 Release/Obj/system_nrf52840.o

.debug_frame    0x0000000000000000     0x15ec
 .debug_frame   0x0000000000000000       0x88 Output/twi_scanner_pca10056 Release/Obj/nrf_log_backend_rtt.o
 .debug_frame   0x0000000000000088       0x48 Output/twi_scanner_pca10056 Release/Obj/nrf_log_backend_serial.o
 .debug_frame   0x00000000000000d0       0x2c Output/twi_scanner_pca10056 Release/Obj/nrf_log_default_backends.o
 .debug_frame   0x00000000000000fc      0x300 Output/twi_scanner_pca10056 Release/Obj/nrf_log_frontend.o
 .debug_frame   0x00000000000003fc      0x100 Output/twi_scanner_pca10056 Release/Obj/nrf_log_str_formatter.o
 .debug_frame   0x00000000000004fc       0x58 Output/twi_scanner_pca10056 Release/Obj/app_error.o
 .debug_frame   0x0000000000000554       0x2c Output/twi_scanner_pca10056 Release/Obj/app_error_weak.o
 .debug_frame   0x0000000000000580       0x70 Output/twi_scanner_pca10056 Release/Obj/app_util_platform.o
 .debug_frame   0x00000000000005f0      0x150 Output/twi_scanner_pca10056 Release/Obj/nrf_atomic.o
 .debug_frame   0x0000000000000740       0x78 Output/twi_scanner_pca10056 Release/Obj/nrf_balloc.o
 .debug_frame   0x00000000000007b8       0x6c Output/twi_scanner_pca10056 Release/Obj/nrf_fprintf.o
 .debug_frame   0x0000000000000824       0xc0 Output/twi_scanner_pca10056 Release/Obj/nrf_fprintf_format.o
 .debug_frame   0x00000000000008e4      0x110 Output/twi_scanner_pca10056 Release/Obj/nrf_memobj.o
 .debug_frame   0x00000000000009f4       0xf8 Output/twi_scanner_pca10056 Release/Obj/nrf_ringbuf.o
 .debug_frame   0x0000000000000aec       0x90 Output/twi_scanner_pca10056 Release/Obj/nrf_drv_twi.o
 .debug_frame   0x0000000000000b7c       0x50 Output/twi_scanner_pca10056 Release/Obj/nrfx_prs.o
 .debug_frame   0x0000000000000bcc      0x1ac Output/twi_scanner_pca10056 Release/Obj/nrfx_twim.o
 .debug_frame   0x0000000000000d78      0x22c Output/twi_scanner_pca10056 Release/Obj/nrfx_uart.o
 .debug_frame   0x0000000000000fa4      0x18c Output/twi_scanner_pca10056 Release/Obj/nrfx_uarte.o
 .debug_frame   0x0000000000001130       0x54 Output/twi_scanner_pca10056 Release/Obj/main.o
 .debug_frame   0x0000000000001184      0x41c Output/twi_scanner_pca10056 Release/Obj/SEGGER_RTT.o
 .debug_frame   0x00000000000015a0       0x4c Output/twi_scanner_pca10056 Release/Obj/system_nrf52840.o

.debug_loc      0x0000000000000000     0x9ea8
 .debug_loc     0x0000000000000000      0x1af Output/twi_scanner_pca10056 Release/Obj/nrf_log_backend_rtt.o
 .debug_loc     0x00000000000001af      0x186 Output/twi_scanner_pca10056 Release/Obj/nrf_log_backend_serial.o
 .debug_loc     0x0000000000000335       0x17 Output/twi_scanner_pca10056 Release/Obj/nrf_log_default_backends.o
 .debug_loc     0x000000000000034c     0x17d0 Output/twi_scanner_pca10056 Release/Obj/nrf_log_frontend.o
 .debug_loc     0x0000000000001b1c      0x3ac Output/twi_scanner_pca10056 Release/Obj/nrf_log_str_formatter.o
 .debug_loc     0x0000000000001ec8       0xcd Output/twi_scanner_pca10056 Release/Obj/app_error.o
 .debug_loc     0x0000000000001f95       0x6f Output/twi_scanner_pca10056 Release/Obj/app_error_weak.o
 .debug_loc     0x0000000000002004       0xda Output/twi_scanner_pca10056 Release/Obj/app_util_platform.o
 .debug_loc     0x00000000000020de      0x489 Output/twi_scanner_pca10056 Release/Obj/nrf_atomic.o
 .debug_loc     0x0000000000002567      0x1c4 Output/twi_scanner_pca10056 Release/Obj/nrf_balloc.o
 .debug_loc     0x000000000000272b       0x47 Output/twi_scanner_pca10056 Release/Obj/nrf_fprintf.o
 .debug_loc     0x0000000000002772      0xabd Output/twi_scanner_pca10056 Release/Obj/nrf_fprintf_format.o
 .debug_loc     0x000000000000322f      0x8b7 Output/twi_scanner_pca10056 Release/Obj/nrf_memobj.o
 .debug_loc     0x0000000000003ae6      0x6b9 Output/twi_scanner_pca10056 Release/Obj/nrf_ringbuf.o
 .debug_loc     0x000000000000419f      0x46c Output/twi_scanner_pca10056 Release/Obj/nrf_drv_twi.o
 .debug_loc     0x000000000000460b       0xcb Output/twi_scanner_pca10056 Release/Obj/nrfx_prs.o
 .debug_loc     0x00000000000046d6     0x150d Output/twi_scanner_pca10056 Release/Obj/nrfx_twim.o
 .debug_loc     0x0000000000005be3     0x15a0 Output/twi_scanner_pca10056 Release/Obj/nrfx_uart.o
 .debug_loc     0x0000000000007183     0x14db Output/twi_scanner_pca10056 Release/Obj/nrfx_uarte.o
 .debug_loc     0x000000000000865e      0x15f Output/twi_scanner_pca10056 Release/Obj/main.o